<?xml version="1.0" encoding="UTF-8" standalone="yes"?>
<unit xmlns="http://www.srcML.org/srcML/src" xmlns:cpp="http://www.srcML.org/srcML/cpp" revision="1.0.0" language="C" filename="/cloned_projects/TBase/src/interfaces/ecpg/test/expected/connect-test5.c"><comment type="block">/* Processed by ecpg (regression mode) */</comment>
<comment type="block">/* These include files are added by the preprocessor */</comment>
<cpp:include>#<cpp:directive>include</cpp:directive> <cpp:file>&lt;ecpglib.h&gt;</cpp:file></cpp:include>
<cpp:include>#<cpp:directive>include</cpp:directive> <cpp:file>&lt;ecpgerrno.h&gt;</cpp:file></cpp:include>
<cpp:include>#<cpp:directive>include</cpp:directive> <cpp:file>&lt;sqlca.h&gt;</cpp:file></cpp:include>
<comment type="block">/* End of automatic include section */</comment>
<cpp:define>#<cpp:directive>define</cpp:directive> <cpp:macro><name>ECPGdebug</name><parameter_list>(<parameter><type><name>X</name></type></parameter>,<parameter><type><name>Y</name></type></parameter>)</parameter_list></cpp:macro> <cpp:value>ECPGdebug((X)+100,(Y))</cpp:value></cpp:define>

<cpp:line>#<cpp:directive>line</cpp:directive> <cpp:number>1</cpp:number> <cpp:file>"test5.pgc"</cpp:file></cpp:line>
<comment type="block">/*
 * this file tests all sorts of connecting to one single database.
 */</comment>

<cpp:include>#<cpp:directive>include</cpp:directive> <cpp:file>&lt;stdlib.h&gt;</cpp:file></cpp:include>
<cpp:include>#<cpp:directive>include</cpp:directive> <cpp:file>&lt;string.h&gt;</cpp:file></cpp:include>
<cpp:include>#<cpp:directive>include</cpp:directive> <cpp:file>&lt;stdlib.h&gt;</cpp:file></cpp:include>
<cpp:include>#<cpp:directive>include</cpp:directive> <cpp:file>&lt;stdio.h&gt;</cpp:file></cpp:include>

<comment type="block">/* do not include regression.h */</comment>

<function><type><name>int</name></type>
<name>main</name><parameter_list>(<parameter><decl><type><name>void</name></type></decl></parameter>)</parameter_list>
<block>{<block_content>
<comment type="block">/* exec sql begin declare section */</comment>
     
     
     

<cpp:line>#<cpp:directive>line</cpp:directive> <cpp:number>16</cpp:number> <cpp:file>"test5.pgc"</cpp:file></cpp:line>
 <decl_stmt><decl><type><name>char</name></type> <name><name>db</name> <index>[ <expr><literal type="number">200</literal></expr> ]</index></name></decl> ;</decl_stmt>
 
<cpp:line>#<cpp:directive>line</cpp:directive> <cpp:number>17</cpp:number> <cpp:file>"test5.pgc"</cpp:file></cpp:line>
 <decl_stmt><decl><type><name>char</name></type> <name><name>id</name> <index>[ <expr><literal type="number">200</literal></expr> ]</index></name></decl> ;</decl_stmt>
 
<cpp:line>#<cpp:directive>line</cpp:directive> <cpp:number>18</cpp:number> <cpp:file>"test5.pgc"</cpp:file></cpp:line>
 <decl_stmt><decl><type><name>char</name> <modifier>*</modifier></type> <name>user</name> <init>= <expr><literal type="string">"regress_ecpg_user1"</literal></expr></init></decl> ;</decl_stmt>
<comment type="block">/* exec sql end declare section */</comment>
<cpp:line>#<cpp:directive>line</cpp:directive> <cpp:number>19</cpp:number> <cpp:file>"test5.pgc"</cpp:file></cpp:line>


    <expr_stmt><expr><call><name>ECPGdebug</name><argument_list>(<argument><expr><literal type="number">1</literal></expr></argument>, <argument><expr><name>stderr</name></expr></argument>)</argument_list></call></expr>;</expr_stmt>

    <block>{<block_content> <expr_stmt><expr><call><name>ECPGconnect</name><argument_list>(<argument><expr><name>__LINE__</name></expr></argument>, <argument><expr><literal type="number">0</literal></expr></argument>, <argument><expr><literal type="string">"ecpg2_regression"</literal></expr></argument> , <argument><expr><name>NULL</name></expr></argument>, <argument><expr><name>NULL</name></expr></argument> , <argument><expr><literal type="string">"main"</literal></expr></argument>, <argument><expr><literal type="number">0</literal></expr></argument>)</argument_list></call></expr>;</expr_stmt> </block_content>}</block>
<cpp:line>#<cpp:directive>line</cpp:directive> <cpp:number>23</cpp:number> <cpp:file>"test5.pgc"</cpp:file></cpp:line>

    <block>{<block_content> <expr_stmt><expr><call><name>ECPGdo</name><argument_list>(<argument><expr><name>__LINE__</name></expr></argument>, <argument><expr><literal type="number">0</literal></expr></argument>, <argument><expr><literal type="number">1</literal></expr></argument>, <argument><expr><name>NULL</name></expr></argument>, <argument><expr><literal type="number">0</literal></expr></argument>, <argument><expr><name>ECPGst_normal</name></expr></argument>, <argument><expr><literal type="string">"alter user regress_ecpg_user2 encrypted password 'insecure'"</literal></expr></argument>, <argument><expr><name>ECPGt_EOIT</name></expr></argument>, <argument><expr><name>ECPGt_EORT</name></expr></argument>)</argument_list></call></expr>;</expr_stmt></block_content>}</block>
<cpp:line>#<cpp:directive>line</cpp:directive> <cpp:number>24</cpp:number> <cpp:file>"test5.pgc"</cpp:file></cpp:line>

    <block>{<block_content> <expr_stmt><expr><call><name>ECPGdo</name><argument_list>(<argument><expr><name>__LINE__</name></expr></argument>, <argument><expr><literal type="number">0</literal></expr></argument>, <argument><expr><literal type="number">1</literal></expr></argument>, <argument><expr><name>NULL</name></expr></argument>, <argument><expr><literal type="number">0</literal></expr></argument>, <argument><expr><name>ECPGst_normal</name></expr></argument>, <argument><expr><literal type="string">"alter user regress_ecpg_user1 encrypted password 'connectpw'"</literal></expr></argument>, <argument><expr><name>ECPGt_EOIT</name></expr></argument>, <argument><expr><name>ECPGt_EORT</name></expr></argument>)</argument_list></call></expr>;</expr_stmt></block_content>}</block>
<cpp:line>#<cpp:directive>line</cpp:directive> <cpp:number>25</cpp:number> <cpp:file>"test5.pgc"</cpp:file></cpp:line>

    <block>{<block_content> <expr_stmt><expr><call><name>ECPGtrans</name><argument_list>(<argument><expr><name>__LINE__</name></expr></argument>, <argument><expr><name>NULL</name></expr></argument>, <argument><expr><literal type="string">"commit"</literal></expr></argument>)</argument_list></call></expr>;</expr_stmt></block_content>}</block>
<cpp:line>#<cpp:directive>line</cpp:directive> <cpp:number>26</cpp:number> <cpp:file>"test5.pgc"</cpp:file></cpp:line>

    <block>{<block_content> <expr_stmt><expr><call><name>ECPGdisconnect</name><argument_list>(<argument><expr><name>__LINE__</name></expr></argument>, <argument><expr><literal type="string">"CURRENT"</literal></expr></argument>)</argument_list></call></expr>;</expr_stmt></block_content>}</block>
<cpp:line>#<cpp:directive>line</cpp:directive> <cpp:number>27</cpp:number> <cpp:file>"test5.pgc"</cpp:file></cpp:line>
  <comment type="block">/* &lt;-- "main" not specified */</comment>

    <expr_stmt><expr><call><name>strcpy</name><argument_list>(<argument><expr><name>db</name></expr></argument>, <argument><expr><literal type="string">"ecpg2_regression"</literal></expr></argument>)</argument_list></call></expr>;</expr_stmt>
    <expr_stmt><expr><call><name>strcpy</name><argument_list>(<argument><expr><name>id</name></expr></argument>, <argument><expr><literal type="string">"main"</literal></expr></argument>)</argument_list></call></expr>;</expr_stmt>
    <block>{<block_content> <expr_stmt><expr><call><name>ECPGconnect</name><argument_list>(<argument><expr><name>__LINE__</name></expr></argument>, <argument><expr><literal type="number">0</literal></expr></argument>, <argument><expr><name>db</name></expr></argument> , <argument><expr><name>NULL</name></expr></argument>, <argument><expr><name>NULL</name></expr></argument> , <argument><expr><name>id</name></expr></argument>, <argument><expr><literal type="number">0</literal></expr></argument>)</argument_list></call></expr>;</expr_stmt> </block_content>}</block>
<cpp:line>#<cpp:directive>line</cpp:directive> <cpp:number>31</cpp:number> <cpp:file>"test5.pgc"</cpp:file></cpp:line>

    <block>{<block_content> <expr_stmt><expr><call><name>ECPGdisconnect</name><argument_list>(<argument><expr><name>__LINE__</name></expr></argument>, <argument><expr><name>id</name></expr></argument>)</argument_list></call></expr>;</expr_stmt></block_content>}</block>
<cpp:line>#<cpp:directive>line</cpp:directive> <cpp:number>32</cpp:number> <cpp:file>"test5.pgc"</cpp:file></cpp:line>


    <block>{<block_content> <expr_stmt><expr><call><name>ECPGconnect</name><argument_list>(<argument><expr><name>__LINE__</name></expr></argument>, <argument><expr><literal type="number">0</literal></expr></argument>, <argument><expr><literal type="string">"ecpg2_regression"</literal></expr></argument> , <argument><expr><name>NULL</name></expr></argument>, <argument><expr><name>NULL</name></expr></argument> , <argument><expr><literal type="string">"main"</literal></expr></argument>, <argument><expr><literal type="number">0</literal></expr></argument>)</argument_list></call></expr>;</expr_stmt> </block_content>}</block>
<cpp:line>#<cpp:directive>line</cpp:directive> <cpp:number>34</cpp:number> <cpp:file>"test5.pgc"</cpp:file></cpp:line>

    <block>{<block_content> <expr_stmt><expr><call><name>ECPGdisconnect</name><argument_list>(<argument><expr><name>__LINE__</name></expr></argument>, <argument><expr><literal type="string">"main"</literal></expr></argument>)</argument_list></call></expr>;</expr_stmt></block_content>}</block>
<cpp:line>#<cpp:directive>line</cpp:directive> <cpp:number>35</cpp:number> <cpp:file>"test5.pgc"</cpp:file></cpp:line>


    <block>{<block_content> <expr_stmt><expr><call><name>ECPGconnect</name><argument_list>(<argument><expr><name>__LINE__</name></expr></argument>, <argument><expr><literal type="number">0</literal></expr></argument>, <argument><expr><literal type="string">"ecpg2_regression"</literal></expr></argument> , <argument><expr><name>NULL</name></expr></argument>, <argument><expr><name>NULL</name></expr></argument> , <argument><expr><literal type="string">"main"</literal></expr></argument>, <argument><expr><literal type="number">0</literal></expr></argument>)</argument_list></call></expr>;</expr_stmt> </block_content>}</block>
<cpp:line>#<cpp:directive>line</cpp:directive> <cpp:number>37</cpp:number> <cpp:file>"test5.pgc"</cpp:file></cpp:line>

    <block>{<block_content> <expr_stmt><expr><call><name>ECPGdisconnect</name><argument_list>(<argument><expr><name>__LINE__</name></expr></argument>, <argument><expr><literal type="string">"main"</literal></expr></argument>)</argument_list></call></expr>;</expr_stmt></block_content>}</block>
<cpp:line>#<cpp:directive>line</cpp:directive> <cpp:number>38</cpp:number> <cpp:file>"test5.pgc"</cpp:file></cpp:line>


    <block>{<block_content> <expr_stmt><expr><call><name>ECPGconnect</name><argument_list>(<argument><expr><name>__LINE__</name></expr></argument>, <argument><expr><literal type="number">0</literal></expr></argument>, <argument><expr><literal type="string">"ecpg2_regression"</literal></expr></argument> , <argument><expr><name>NULL</name></expr></argument>, <argument><expr><name>NULL</name></expr></argument> , <argument><expr><literal type="string">"main"</literal></expr></argument>, <argument><expr><literal type="number">0</literal></expr></argument>)</argument_list></call></expr>;</expr_stmt> </block_content>}</block>
<cpp:line>#<cpp:directive>line</cpp:directive> <cpp:number>40</cpp:number> <cpp:file>"test5.pgc"</cpp:file></cpp:line>

    <block>{<block_content> <expr_stmt><expr><call><name>ECPGdisconnect</name><argument_list>(<argument><expr><name>__LINE__</name></expr></argument>, <argument><expr><literal type="string">"main"</literal></expr></argument>)</argument_list></call></expr>;</expr_stmt></block_content>}</block>
<cpp:line>#<cpp:directive>line</cpp:directive> <cpp:number>41</cpp:number> <cpp:file>"test5.pgc"</cpp:file></cpp:line>


    <block>{<block_content> <expr_stmt><expr><call><name>ECPGconnect</name><argument_list>(<argument><expr><name>__LINE__</name></expr></argument>, <argument><expr><literal type="number">0</literal></expr></argument>, <argument><expr><literal type="string">""</literal></expr></argument> , <argument><expr><literal type="string">"regress_ecpg_user2"</literal></expr></argument> , <argument><expr><literal type="string">"insecure"</literal></expr></argument> , <argument><expr><literal type="string">"main"</literal></expr></argument>, <argument><expr><literal type="number">0</literal></expr></argument>)</argument_list></call></expr>;</expr_stmt> </block_content>}</block>
<cpp:line>#<cpp:directive>line</cpp:directive> <cpp:number>43</cpp:number> <cpp:file>"test5.pgc"</cpp:file></cpp:line>

    <block>{<block_content> <expr_stmt><expr><call><name>ECPGdisconnect</name><argument_list>(<argument><expr><name>__LINE__</name></expr></argument>, <argument><expr><literal type="string">"main"</literal></expr></argument>)</argument_list></call></expr>;</expr_stmt></block_content>}</block>
<cpp:line>#<cpp:directive>line</cpp:directive> <cpp:number>44</cpp:number> <cpp:file>"test5.pgc"</cpp:file></cpp:line>


    <block>{<block_content> <expr_stmt><expr><call><name>ECPGconnect</name><argument_list>(<argument><expr><name>__LINE__</name></expr></argument>, <argument><expr><literal type="number">0</literal></expr></argument>, <argument><expr><literal type="string">"ecpg2_regression"</literal></expr></argument> , <argument><expr><literal type="string">"regress_ecpg_user1"</literal></expr></argument> , <argument><expr><literal type="string">"connectpw"</literal></expr></argument> , <argument><expr><literal type="string">"main"</literal></expr></argument>, <argument><expr><literal type="number">0</literal></expr></argument>)</argument_list></call></expr>;</expr_stmt> </block_content>}</block>
<cpp:line>#<cpp:directive>line</cpp:directive> <cpp:number>46</cpp:number> <cpp:file>"test5.pgc"</cpp:file></cpp:line>

    <block>{<block_content> <expr_stmt><expr><call><name>ECPGdisconnect</name><argument_list>(<argument><expr><name>__LINE__</name></expr></argument>, <argument><expr><literal type="string">"main"</literal></expr></argument>)</argument_list></call></expr>;</expr_stmt></block_content>}</block>
<cpp:line>#<cpp:directive>line</cpp:directive> <cpp:number>47</cpp:number> <cpp:file>"test5.pgc"</cpp:file></cpp:line>


    <block>{<block_content> <expr_stmt><expr><call><name>ECPGconnect</name><argument_list>(<argument><expr><name>__LINE__</name></expr></argument>, <argument><expr><literal type="number">0</literal></expr></argument>, <argument><expr><literal type="string">"unix:postgresql://localhost/ecpg2_regression"</literal></expr></argument> , <argument><expr><literal type="string">"regress_ecpg_user1"</literal></expr></argument> , <argument><expr><literal type="string">"connectpw"</literal></expr></argument> , <argument><expr><literal type="string">"main"</literal></expr></argument>, <argument><expr><literal type="number">0</literal></expr></argument>)</argument_list></call></expr>;</expr_stmt> </block_content>}</block>
<cpp:line>#<cpp:directive>line</cpp:directive> <cpp:number>49</cpp:number> <cpp:file>"test5.pgc"</cpp:file></cpp:line>

    <block>{<block_content> <expr_stmt><expr><call><name>ECPGdisconnect</name><argument_list>(<argument><expr><name>__LINE__</name></expr></argument>, <argument><expr><literal type="string">"main"</literal></expr></argument>)</argument_list></call></expr>;</expr_stmt></block_content>}</block>
<cpp:line>#<cpp:directive>line</cpp:directive> <cpp:number>50</cpp:number> <cpp:file>"test5.pgc"</cpp:file></cpp:line>


    <block>{<block_content> <expr_stmt><expr><call><name>ECPGconnect</name><argument_list>(<argument><expr><name>__LINE__</name></expr></argument>, <argument><expr><literal type="number">0</literal></expr></argument>, <argument><expr><literal type="string">"unix:postgresql://localhost/ecpg2_regression"</literal></expr></argument> , <argument><expr><literal type="string">"regress_ecpg_user1"</literal></expr></argument> , <argument><expr><literal type="string">"connectpw"</literal></expr></argument> , <argument><expr><literal type="string">"main"</literal></expr></argument>, <argument><expr><literal type="number">0</literal></expr></argument>)</argument_list></call></expr>;</expr_stmt> </block_content>}</block>
<cpp:line>#<cpp:directive>line</cpp:directive> <cpp:number>52</cpp:number> <cpp:file>"test5.pgc"</cpp:file></cpp:line>

    <block>{<block_content> <expr_stmt><expr><call><name>ECPGdisconnect</name><argument_list>(<argument><expr><name>__LINE__</name></expr></argument>, <argument><expr><literal type="string">"main"</literal></expr></argument>)</argument_list></call></expr>;</expr_stmt></block_content>}</block>
<cpp:line>#<cpp:directive>line</cpp:directive> <cpp:number>53</cpp:number> <cpp:file>"test5.pgc"</cpp:file></cpp:line>


    <block>{<block_content> <expr_stmt><expr><call><name>ECPGconnect</name><argument_list>(<argument><expr><name>__LINE__</name></expr></argument>, <argument><expr><literal type="number">0</literal></expr></argument>, <argument><expr><literal type="string">"unix:postgresql://localhost/ecpg2_regression"</literal></expr></argument> , <argument><expr><name>user</name></expr></argument> , <argument><expr><literal type="string">"connectpw"</literal></expr></argument> , <argument><expr><literal type="string">"main"</literal></expr></argument>, <argument><expr><literal type="number">0</literal></expr></argument>)</argument_list></call></expr>;</expr_stmt> </block_content>}</block>
<cpp:line>#<cpp:directive>line</cpp:directive> <cpp:number>55</cpp:number> <cpp:file>"test5.pgc"</cpp:file></cpp:line>

    <block>{<block_content> <expr_stmt><expr><call><name>ECPGdisconnect</name><argument_list>(<argument><expr><name>__LINE__</name></expr></argument>, <argument><expr><literal type="string">"main"</literal></expr></argument>)</argument_list></call></expr>;</expr_stmt></block_content>}</block>
<cpp:line>#<cpp:directive>line</cpp:directive> <cpp:number>56</cpp:number> <cpp:file>"test5.pgc"</cpp:file></cpp:line>


    <block>{<block_content> <expr_stmt><expr><call><name>ECPGconnect</name><argument_list>(<argument><expr><name>__LINE__</name></expr></argument>, <argument><expr><literal type="number">0</literal></expr></argument>, <argument><expr><literal type="string">"unix:postgresql://localhost/ecpg2_regression?connect_timeout=14 &amp; client_encoding=latin1"</literal></expr></argument> , <argument><expr><literal type="string">"regress_ecpg_user1"</literal></expr></argument> , <argument><expr><literal type="string">"connectpw"</literal></expr></argument> , <argument><expr><literal type="string">"main"</literal></expr></argument>, <argument><expr><literal type="number">0</literal></expr></argument>)</argument_list></call></expr>;</expr_stmt> </block_content>}</block>
<cpp:line>#<cpp:directive>line</cpp:directive> <cpp:number>58</cpp:number> <cpp:file>"test5.pgc"</cpp:file></cpp:line>

    <block>{<block_content> <expr_stmt><expr><call><name>ECPGdisconnect</name><argument_list>(<argument><expr><name>__LINE__</name></expr></argument>, <argument><expr><literal type="string">"main"</literal></expr></argument>)</argument_list></call></expr>;</expr_stmt></block_content>}</block>
<cpp:line>#<cpp:directive>line</cpp:directive> <cpp:number>59</cpp:number> <cpp:file>"test5.pgc"</cpp:file></cpp:line>


    <block>{<block_content> <expr_stmt><expr><call><name>ECPGconnect</name><argument_list>(<argument><expr><name>__LINE__</name></expr></argument>, <argument><expr><literal type="number">0</literal></expr></argument>, <argument><expr><literal type="string">"unix:postgresql://200.46.204.71/ecpg2_regression"</literal></expr></argument> , <argument><expr><literal type="string">"regress_ecpg_user1"</literal></expr></argument> , <argument><expr><literal type="string">"connectpw"</literal></expr></argument> , <argument><expr><literal type="string">"main"</literal></expr></argument>, <argument><expr><literal type="number">0</literal></expr></argument>)</argument_list></call></expr>;</expr_stmt> </block_content>}</block>
<cpp:line>#<cpp:directive>line</cpp:directive> <cpp:number>61</cpp:number> <cpp:file>"test5.pgc"</cpp:file></cpp:line>

    <block>{<block_content> <expr_stmt><expr><call><name>ECPGdisconnect</name><argument_list>(<argument><expr><name>__LINE__</name></expr></argument>, <argument><expr><literal type="string">"main"</literal></expr></argument>)</argument_list></call></expr>;</expr_stmt></block_content>}</block>
<cpp:line>#<cpp:directive>line</cpp:directive> <cpp:number>62</cpp:number> <cpp:file>"test5.pgc"</cpp:file></cpp:line>


    <block>{<block_content> <expr_stmt><expr><call><name>ECPGconnect</name><argument_list>(<argument><expr><name>__LINE__</name></expr></argument>, <argument><expr><literal type="number">0</literal></expr></argument>, <argument><expr><literal type="string">"unix:postgresql://localhost/"</literal></expr></argument> , <argument><expr><literal type="string">"regress_ecpg_user2"</literal></expr></argument> , <argument><expr><literal type="string">"insecure"</literal></expr></argument> , <argument><expr><literal type="string">"main"</literal></expr></argument>, <argument><expr><literal type="number">0</literal></expr></argument>)</argument_list></call></expr>;</expr_stmt> </block_content>}</block>
<cpp:line>#<cpp:directive>line</cpp:directive> <cpp:number>64</cpp:number> <cpp:file>"test5.pgc"</cpp:file></cpp:line>

    <block>{<block_content> <expr_stmt><expr><call><name>ECPGdisconnect</name><argument_list>(<argument><expr><name>__LINE__</name></expr></argument>, <argument><expr><literal type="string">"main"</literal></expr></argument>)</argument_list></call></expr>;</expr_stmt></block_content>}</block>
<cpp:line>#<cpp:directive>line</cpp:directive> <cpp:number>65</cpp:number> <cpp:file>"test5.pgc"</cpp:file></cpp:line>


    <comment type="block">/* connect twice */</comment>
    <block>{<block_content> <expr_stmt><expr><call><name>ECPGconnect</name><argument_list>(<argument><expr><name>__LINE__</name></expr></argument>, <argument><expr><literal type="number">0</literal></expr></argument>, <argument><expr><literal type="string">"ecpg2_regression"</literal></expr></argument> , <argument><expr><name>NULL</name></expr></argument>, <argument><expr><name>NULL</name></expr></argument> , <argument><expr><literal type="string">"main"</literal></expr></argument>, <argument><expr><literal type="number">0</literal></expr></argument>)</argument_list></call></expr>;</expr_stmt> </block_content>}</block>
<cpp:line>#<cpp:directive>line</cpp:directive> <cpp:number>68</cpp:number> <cpp:file>"test5.pgc"</cpp:file></cpp:line>

    <block>{<block_content> <expr_stmt><expr><call><name>ECPGconnect</name><argument_list>(<argument><expr><name>__LINE__</name></expr></argument>, <argument><expr><literal type="number">0</literal></expr></argument>, <argument><expr><literal type="string">"ecpg2_regression"</literal></expr></argument> , <argument><expr><name>NULL</name></expr></argument>, <argument><expr><name>NULL</name></expr></argument> , <argument><expr><literal type="string">"main"</literal></expr></argument>, <argument><expr><literal type="number">0</literal></expr></argument>)</argument_list></call></expr>;</expr_stmt> </block_content>}</block>
<cpp:line>#<cpp:directive>line</cpp:directive> <cpp:number>69</cpp:number> <cpp:file>"test5.pgc"</cpp:file></cpp:line>

    <block>{<block_content> <expr_stmt><expr><call><name>ECPGdisconnect</name><argument_list>(<argument><expr><name>__LINE__</name></expr></argument>, <argument><expr><literal type="string">"main"</literal></expr></argument>)</argument_list></call></expr>;</expr_stmt></block_content>}</block>
<cpp:line>#<cpp:directive>line</cpp:directive> <cpp:number>70</cpp:number> <cpp:file>"test5.pgc"</cpp:file></cpp:line>


    <comment type="block">/* not connected */</comment>
    <block>{<block_content> <expr_stmt><expr><call><name>ECPGdisconnect</name><argument_list>(<argument><expr><name>__LINE__</name></expr></argument>, <argument><expr><literal type="string">"nonexistant"</literal></expr></argument>)</argument_list></call></expr>;</expr_stmt></block_content>}</block>
<cpp:line>#<cpp:directive>line</cpp:directive> <cpp:number>73</cpp:number> <cpp:file>"test5.pgc"</cpp:file></cpp:line>


    <return>return <expr><operator>(</operator><literal type="number">0</literal><operator>)</operator></expr>;</return>
</block_content>}</block></function>
</unit>
