<?xml version="1.0" encoding="UTF-8" standalone="yes"?>
<unit xmlns="http://www.srcML.org/srcML/src" xmlns:cpp="http://www.srcML.org/srcML/cpp" revision="1.0.0" language="C" filename="/cloned_projects/TBase/src/interfaces/ecpg/test/expected/preproc-comment.c"><comment type="block">/* Processed by ecpg (regression mode) */</comment>
<comment type="block">/* These include files are added by the preprocessor */</comment>
<cpp:include>#<cpp:directive>include</cpp:directive> <cpp:file>&lt;ecpglib.h&gt;</cpp:file></cpp:include>
<cpp:include>#<cpp:directive>include</cpp:directive> <cpp:file>&lt;ecpgerrno.h&gt;</cpp:file></cpp:include>
<cpp:include>#<cpp:directive>include</cpp:directive> <cpp:file>&lt;sqlca.h&gt;</cpp:file></cpp:include>
<comment type="block">/* End of automatic include section */</comment>
<cpp:define>#<cpp:directive>define</cpp:directive> <cpp:macro><name>ECPGdebug</name><parameter_list>(<parameter><type><name>X</name></type></parameter>,<parameter><type><name>Y</name></type></parameter>)</parameter_list></cpp:macro> <cpp:value>ECPGdebug((X)+100,(Y))</cpp:value></cpp:define>

<cpp:line>#<cpp:directive>line</cpp:directive> <cpp:number>1</cpp:number> <cpp:file>"comment.pgc"</cpp:file></cpp:line>
<cpp:include>#<cpp:directive>include</cpp:directive> <cpp:file>&lt;stdlib.h&gt;</cpp:file></cpp:include>


<cpp:line>#<cpp:directive>line</cpp:directive> <cpp:number>1</cpp:number> <cpp:file>"regression.h"</cpp:file></cpp:line>






<cpp:line>#<cpp:directive>line</cpp:directive> <cpp:number>3</cpp:number> <cpp:file>"comment.pgc"</cpp:file></cpp:line>


<comment type="block">/* just a test comment */</comment> <decl_stmt><decl><type><name>int</name></type> <name>i</name></decl>;</decl_stmt>
<comment type="block">/* just a test comment int j*/</comment><empty_stmt>;</empty_stmt>

<comment type="block" format="doxygen">/****************************************************************************/</comment>
<comment type="block">/* Test comment                                                             */</comment>
<comment type="block">/*--------------------------------------------------------------------------*/</comment>

<function><type><name>int</name></type> <name>main</name><parameter_list>(<parameter><decl><type><name>void</name></type></decl></parameter>)</parameter_list>
<block>{<block_content>
  <expr_stmt><expr><call><name>ECPGdebug</name><argument_list>(<argument><expr><literal type="number">1</literal></expr></argument>, <argument><expr><name>stderr</name></expr></argument>)</argument_list></call></expr>;</expr_stmt>

  <block>{<block_content> <expr_stmt><expr><call><name>ECPGconnect</name><argument_list>(<argument><expr><name>__LINE__</name></expr></argument>, <argument><expr><literal type="number">0</literal></expr></argument>, <argument><expr><literal type="string">"ecpg1_regression"</literal></expr></argument> , <argument><expr><name>NULL</name></expr></argument>, <argument><expr><name>NULL</name></expr></argument> , <argument><expr><name>NULL</name></expr></argument>, <argument><expr><literal type="number">0</literal></expr></argument>)</argument_list></call></expr>;</expr_stmt> </block_content>}</block>
<cpp:line>#<cpp:directive>line</cpp:directive> <cpp:number>17</cpp:number> <cpp:file>"comment.pgc"</cpp:file></cpp:line>


  <block>{<block_content> <expr_stmt><expr><call><name>ECPGdisconnect</name><argument_list>(<argument><expr><name>__LINE__</name></expr></argument>, <argument><expr><literal type="string">"CURRENT"</literal></expr></argument>)</argument_list></call></expr>;</expr_stmt></block_content>}</block>
<cpp:line>#<cpp:directive>line</cpp:directive> <cpp:number>19</cpp:number> <cpp:file>"comment.pgc"</cpp:file></cpp:line>

  <expr_stmt><expr><call><name>exit</name> <argument_list>(<argument><expr><literal type="number">0</literal></expr></argument>)</argument_list></call></expr>;</expr_stmt>
</block_content>}</block></function>
</unit>
