<?xml version="1.0" encoding="UTF-8" standalone="yes"?>
<unit xmlns="http://www.srcML.org/srcML/src" xmlns:cpp="http://www.srcML.org/srcML/cpp" revision="1.0.0" language="C" filename="/cloned_projects/TBase/src/interfaces/ecpg/test/expected/preproc-strings.c"><comment type="block">/* Processed by ecpg (regression mode) */</comment>
<comment type="block">/* These include files are added by the preprocessor */</comment>
<cpp:include>#<cpp:directive>include</cpp:directive> <cpp:file>&lt;ecpglib.h&gt;</cpp:file></cpp:include>
<cpp:include>#<cpp:directive>include</cpp:directive> <cpp:file>&lt;ecpgerrno.h&gt;</cpp:file></cpp:include>
<cpp:include>#<cpp:directive>include</cpp:directive> <cpp:file>&lt;sqlca.h&gt;</cpp:file></cpp:include>
<comment type="block">/* End of automatic include section */</comment>
<cpp:define>#<cpp:directive>define</cpp:directive> <cpp:macro><name>ECPGdebug</name><parameter_list>(<parameter><type><name>X</name></type></parameter>,<parameter><type><name>Y</name></type></parameter>)</parameter_list></cpp:macro> <cpp:value>ECPGdebug((X)+100,(Y))</cpp:value></cpp:define>

<cpp:line>#<cpp:directive>line</cpp:directive> <cpp:number>1</cpp:number> <cpp:file>"strings.pgc"</cpp:file></cpp:line>

<cpp:line>#<cpp:directive>line</cpp:directive> <cpp:number>1</cpp:number> <cpp:file>"regression.h"</cpp:file></cpp:line>






<cpp:line>#<cpp:directive>line</cpp:directive> <cpp:number>3</cpp:number> <cpp:file>"strings.pgc"</cpp:file></cpp:line>
<comment type="block">/* exec sql begin declare section */</comment>
<cpp:line>#<cpp:directive>line</cpp:directive> <cpp:number>1</cpp:number> <cpp:file>"strings.h"</cpp:file></cpp:line>
       
           
           
           
           
           

<cpp:line>#<cpp:directive>line</cpp:directive> <cpp:number>5</cpp:number> <cpp:file>"strings.pgc"</cpp:file></cpp:line>

<cpp:line>#<cpp:directive>line</cpp:directive> <cpp:number>1</cpp:number> <cpp:file>"strings.h"</cpp:file></cpp:line>
 <decl_stmt><decl><type><name>char</name> <modifier>*</modifier></type> <name>s1</name></decl> , <decl><type ref="prev"><modifier>*</modifier></type> <name>s2</name></decl> , <decl><type ref="prev"><modifier>*</modifier></type> <name>s3</name></decl> , <decl><type ref="prev"><modifier>*</modifier></type> <name>s4</name></decl> , <decl><type ref="prev"><modifier>*</modifier></type> <name>s5</name></decl> , <decl><type ref="prev"><modifier>*</modifier></type> <name>s6</name></decl> ;</decl_stmt>
<comment type="block">/* exec sql end declare section */</comment>
<cpp:line>#<cpp:directive>line</cpp:directive> <cpp:number>5</cpp:number> <cpp:file>"strings.pgc"</cpp:file></cpp:line>


<function><type><name>int</name></type> <name>main</name><parameter_list>(<parameter><decl><type><name>void</name></type></decl></parameter>)</parameter_list>
<block>{<block_content>
  <expr_stmt><expr><call><name>ECPGdebug</name><argument_list>(<argument><expr><literal type="number">1</literal></expr></argument>, <argument><expr><name>stderr</name></expr></argument>)</argument_list></call></expr>;</expr_stmt>

  <block>{<block_content> <expr_stmt><expr><call><name>ECPGconnect</name><argument_list>(<argument><expr><name>__LINE__</name></expr></argument>, <argument><expr><literal type="number">0</literal></expr></argument>, <argument><expr><literal type="string">"ecpg1_regression"</literal></expr></argument> , <argument><expr><name>NULL</name></expr></argument>, <argument><expr><name>NULL</name></expr></argument> , <argument><expr><name>NULL</name></expr></argument>, <argument><expr><literal type="number">0</literal></expr></argument>)</argument_list></call></expr>;</expr_stmt> </block_content>}</block>
<cpp:line>#<cpp:directive>line</cpp:directive> <cpp:number>11</cpp:number> <cpp:file>"strings.pgc"</cpp:file></cpp:line>


  <block>{<block_content> <expr_stmt><expr><call><name>ECPGdo</name><argument_list>(<argument><expr><name>__LINE__</name></expr></argument>, <argument><expr><literal type="number">0</literal></expr></argument>, <argument><expr><literal type="number">1</literal></expr></argument>, <argument><expr><name>NULL</name></expr></argument>, <argument><expr><literal type="number">0</literal></expr></argument>, <argument><expr><name>ECPGst_normal</name></expr></argument>, <argument><expr><literal type="string">"set standard_conforming_strings to on"</literal></expr></argument>, <argument><expr><name>ECPGt_EOIT</name></expr></argument>, <argument><expr><name>ECPGt_EORT</name></expr></argument>)</argument_list></call></expr>;</expr_stmt></block_content>}</block>
<cpp:line>#<cpp:directive>line</cpp:directive> <cpp:number>13</cpp:number> <cpp:file>"strings.pgc"</cpp:file></cpp:line>


  <block>{<block_content> <expr_stmt><expr><call><name>ECPGdo</name><argument_list>(<argument><expr><name>__LINE__</name></expr></argument>, <argument><expr><literal type="number">0</literal></expr></argument>, <argument><expr><literal type="number">1</literal></expr></argument>, <argument><expr><name>NULL</name></expr></argument>, <argument><expr><literal type="number">0</literal></expr></argument>, <argument><expr><name>ECPGst_normal</name></expr></argument>, <argument><expr><literal type="string">"select 'abcdef' , N'abcdef' as foo , E'abc\\bdef' as \"foo\" , U&amp;'d\\0061t\\0061' as U&amp;\"foo\" , U&amp;'d!+000061t!+000061' uescape '!' , $foo$abc$def$foo$"</literal></expr></argument>, <argument><expr><name>ECPGt_EOIT</name></expr></argument>, 
    <argument><expr><name>ECPGt_char</name></expr></argument>,<argument><expr><operator>&amp;</operator><operator>(</operator><name>s1</name><operator>)</operator></expr></argument>,<argument><expr><operator>(</operator><name>long</name><operator>)</operator><literal type="number">0</literal></expr></argument>,<argument><expr><operator>(</operator><name>long</name><operator>)</operator><literal type="number">1</literal></expr></argument>,<argument><expr><operator>(</operator><literal type="number">1</literal><operator>)</operator><operator>*</operator><sizeof>sizeof<argument_list>(<argument><expr><name>char</name></expr></argument>)</argument_list></sizeof></expr></argument>, 
    <argument><expr><name>ECPGt_NO_INDICATOR</name></expr></argument>, <argument><expr><name>NULL</name></expr></argument> , <argument><expr><literal type="number">0L</literal></expr></argument>, <argument><expr><literal type="number">0L</literal></expr></argument>, <argument><expr><literal type="number">0L</literal></expr></argument>, 
    <argument><expr><name>ECPGt_char</name></expr></argument>,<argument><expr><operator>&amp;</operator><operator>(</operator><name>s2</name><operator>)</operator></expr></argument>,<argument><expr><operator>(</operator><name>long</name><operator>)</operator><literal type="number">0</literal></expr></argument>,<argument><expr><operator>(</operator><name>long</name><operator>)</operator><literal type="number">1</literal></expr></argument>,<argument><expr><operator>(</operator><literal type="number">1</literal><operator>)</operator><operator>*</operator><sizeof>sizeof<argument_list>(<argument><expr><name>char</name></expr></argument>)</argument_list></sizeof></expr></argument>, 
    <argument><expr><name>ECPGt_NO_INDICATOR</name></expr></argument>, <argument><expr><name>NULL</name></expr></argument> , <argument><expr><literal type="number">0L</literal></expr></argument>, <argument><expr><literal type="number">0L</literal></expr></argument>, <argument><expr><literal type="number">0L</literal></expr></argument>, 
    <argument><expr><name>ECPGt_char</name></expr></argument>,<argument><expr><operator>&amp;</operator><operator>(</operator><name>s3</name><operator>)</operator></expr></argument>,<argument><expr><operator>(</operator><name>long</name><operator>)</operator><literal type="number">0</literal></expr></argument>,<argument><expr><operator>(</operator><name>long</name><operator>)</operator><literal type="number">1</literal></expr></argument>,<argument><expr><operator>(</operator><literal type="number">1</literal><operator>)</operator><operator>*</operator><sizeof>sizeof<argument_list>(<argument><expr><name>char</name></expr></argument>)</argument_list></sizeof></expr></argument>, 
    <argument><expr><name>ECPGt_NO_INDICATOR</name></expr></argument>, <argument><expr><name>NULL</name></expr></argument> , <argument><expr><literal type="number">0L</literal></expr></argument>, <argument><expr><literal type="number">0L</literal></expr></argument>, <argument><expr><literal type="number">0L</literal></expr></argument>, 
    <argument><expr><name>ECPGt_char</name></expr></argument>,<argument><expr><operator>&amp;</operator><operator>(</operator><name>s4</name><operator>)</operator></expr></argument>,<argument><expr><operator>(</operator><name>long</name><operator>)</operator><literal type="number">0</literal></expr></argument>,<argument><expr><operator>(</operator><name>long</name><operator>)</operator><literal type="number">1</literal></expr></argument>,<argument><expr><operator>(</operator><literal type="number">1</literal><operator>)</operator><operator>*</operator><sizeof>sizeof<argument_list>(<argument><expr><name>char</name></expr></argument>)</argument_list></sizeof></expr></argument>, 
    <argument><expr><name>ECPGt_NO_INDICATOR</name></expr></argument>, <argument><expr><name>NULL</name></expr></argument> , <argument><expr><literal type="number">0L</literal></expr></argument>, <argument><expr><literal type="number">0L</literal></expr></argument>, <argument><expr><literal type="number">0L</literal></expr></argument>, 
    <argument><expr><name>ECPGt_char</name></expr></argument>,<argument><expr><operator>&amp;</operator><operator>(</operator><name>s5</name><operator>)</operator></expr></argument>,<argument><expr><operator>(</operator><name>long</name><operator>)</operator><literal type="number">0</literal></expr></argument>,<argument><expr><operator>(</operator><name>long</name><operator>)</operator><literal type="number">1</literal></expr></argument>,<argument><expr><operator>(</operator><literal type="number">1</literal><operator>)</operator><operator>*</operator><sizeof>sizeof<argument_list>(<argument><expr><name>char</name></expr></argument>)</argument_list></sizeof></expr></argument>, 
    <argument><expr><name>ECPGt_NO_INDICATOR</name></expr></argument>, <argument><expr><name>NULL</name></expr></argument> , <argument><expr><literal type="number">0L</literal></expr></argument>, <argument><expr><literal type="number">0L</literal></expr></argument>, <argument><expr><literal type="number">0L</literal></expr></argument>, 
    <argument><expr><name>ECPGt_char</name></expr></argument>,<argument><expr><operator>&amp;</operator><operator>(</operator><name>s6</name><operator>)</operator></expr></argument>,<argument><expr><operator>(</operator><name>long</name><operator>)</operator><literal type="number">0</literal></expr></argument>,<argument><expr><operator>(</operator><name>long</name><operator>)</operator><literal type="number">1</literal></expr></argument>,<argument><expr><operator>(</operator><literal type="number">1</literal><operator>)</operator><operator>*</operator><sizeof>sizeof<argument_list>(<argument><expr><name>char</name></expr></argument>)</argument_list></sizeof></expr></argument>, 
    <argument><expr><name>ECPGt_NO_INDICATOR</name></expr></argument>, <argument><expr><name>NULL</name></expr></argument> , <argument><expr><literal type="number">0L</literal></expr></argument>, <argument><expr><literal type="number">0L</literal></expr></argument>, <argument><expr><literal type="number">0L</literal></expr></argument>, <argument><expr><name>ECPGt_EORT</name></expr></argument>)</argument_list></call></expr>;</expr_stmt></block_content>}</block>
<cpp:line>#<cpp:directive>line</cpp:directive> <cpp:number>21</cpp:number> <cpp:file>"strings.pgc"</cpp:file></cpp:line>


  <expr_stmt><expr><call><name>printf</name><argument_list>(<argument><expr><literal type="string">"%s %s %s %s %s %s\n"</literal></expr></argument>, <argument><expr><name>s1</name></expr></argument>, <argument><expr><name>s2</name></expr></argument>, <argument><expr><name>s3</name></expr></argument>, <argument><expr><name>s4</name></expr></argument>, <argument><expr><name>s5</name></expr></argument>, <argument><expr><name>s6</name></expr></argument>)</argument_list></call></expr>;</expr_stmt>

  <block>{<block_content> <expr_stmt><expr><call><name>ECPGdisconnect</name><argument_list>(<argument><expr><name>__LINE__</name></expr></argument>, <argument><expr><literal type="string">"CURRENT"</literal></expr></argument>)</argument_list></call></expr>;</expr_stmt></block_content>}</block>
<cpp:line>#<cpp:directive>line</cpp:directive> <cpp:number>25</cpp:number> <cpp:file>"strings.pgc"</cpp:file></cpp:line>

  <return>return <expr><operator>(</operator><literal type="number">0</literal><operator>)</operator></expr>;</return>
</block_content>}</block></function>
</unit>
