<?xml version="1.0" encoding="UTF-8" standalone="yes"?>
<unit xmlns="http://www.srcML.org/srcML/src" xmlns:cpp="http://www.srcML.org/srcML/cpp" revision="1.0.0" language="C" filename="/cloned_projects/TBase/src/interfaces/ecpg/test/expected/sql-code100.c"><comment type="block">/* Processed by ecpg (regression mode) */</comment>
<comment type="block">/* These include files are added by the preprocessor */</comment>
<cpp:include>#<cpp:directive>include</cpp:directive> <cpp:file>&lt;ecpglib.h&gt;</cpp:file></cpp:include>
<cpp:include>#<cpp:directive>include</cpp:directive> <cpp:file>&lt;ecpgerrno.h&gt;</cpp:file></cpp:include>
<cpp:include>#<cpp:directive>include</cpp:directive> <cpp:file>&lt;sqlca.h&gt;</cpp:file></cpp:include>
<comment type="block">/* End of automatic include section */</comment>
<cpp:define>#<cpp:directive>define</cpp:directive> <cpp:macro><name>ECPGdebug</name><parameter_list>(<parameter><type><name>X</name></type></parameter>,<parameter><type><name>Y</name></type></parameter>)</parameter_list></cpp:macro> <cpp:value>ECPGdebug((X)+100,(Y))</cpp:value></cpp:define>

<cpp:line>#<cpp:directive>line</cpp:directive> <cpp:number>1</cpp:number> <cpp:file>"code100.pgc"</cpp:file></cpp:line>

<cpp:line>#<cpp:directive>line</cpp:directive> <cpp:number>1</cpp:number> <cpp:file>"sqlca.h"</cpp:file></cpp:line>
<cpp:ifndef>#<cpp:directive>ifndef</cpp:directive> <name>POSTGRES_SQLCA_H</name></cpp:ifndef>
<cpp:define>#<cpp:directive>define</cpp:directive> <cpp:macro><name>POSTGRES_SQLCA_H</name></cpp:macro></cpp:define>

<cpp:ifndef>#<cpp:directive>ifndef</cpp:directive> <name>PGDLLIMPORT</name></cpp:ifndef>
<cpp:if>#<cpp:directive>if</cpp:directive>  <expr><call><name>defined</name><argument_list>(<argument><expr><name>WIN32</name></expr></argument>)</argument_list></call> <operator>||</operator> <call><name>defined</name><argument_list>(<argument><expr><name>__CYGWIN__</name></expr></argument>)</argument_list></call></expr></cpp:if>
<cpp:define>#<cpp:directive>define</cpp:directive> <cpp:macro><name>PGDLLIMPORT</name></cpp:macro> <cpp:value>__declspec (dllimport)</cpp:value></cpp:define>
<cpp:else>#<cpp:directive>else</cpp:directive></cpp:else>
<cpp:define>#<cpp:directive>define</cpp:directive> <cpp:macro><name>PGDLLIMPORT</name></cpp:macro></cpp:define>
<cpp:endif>#<cpp:directive>endif</cpp:directive></cpp:endif>                            <comment type="block">/* __CYGWIN__ */</comment>
<cpp:endif>#<cpp:directive>endif</cpp:directive></cpp:endif>                            <comment type="block">/* PGDLLIMPORT */</comment>

<cpp:define>#<cpp:directive>define</cpp:directive> <cpp:macro><name>SQLERRMC_LEN</name></cpp:macro>    <cpp:value>150</cpp:value></cpp:define>

<cpp:ifdef>#<cpp:directive>ifdef</cpp:directive> <name>__cplusplus</name></cpp:ifdef>
<extern>extern <literal type="string">"C"</literal>
<block>{<block_content>
<cpp:endif>#<cpp:directive>endif</cpp:directive></cpp:endif>

<struct>struct <name>sqlca_t</name>
<block>{
    <decl_stmt><decl><type><name>char</name></type>        <name><name>sqlcaid</name><index>[<expr><literal type="number">8</literal></expr>]</index></name></decl>;</decl_stmt>
    <decl_stmt><decl><type><name>long</name></type>        <name>sqlabc</name></decl>;</decl_stmt>
    <decl_stmt><decl><type><name>long</name></type>        <name>sqlcode</name></decl>;</decl_stmt>
    <struct>struct
    <block>{
        <decl_stmt><decl><type><name>int</name></type>            <name>sqlerrml</name></decl>;</decl_stmt>
        <decl_stmt><decl><type><name>char</name></type>        <name><name>sqlerrmc</name><index>[<expr><name>SQLERRMC_LEN</name></expr>]</index></name></decl>;</decl_stmt>
    }</block>            <decl><name>sqlerrm</name></decl>;</struct>
    <decl_stmt><decl><type><name>char</name></type>        <name><name>sqlerrp</name><index>[<expr><literal type="number">8</literal></expr>]</index></name></decl>;</decl_stmt>
    <decl_stmt><decl><type><name>long</name></type>        <name><name>sqlerrd</name><index>[<expr><literal type="number">6</literal></expr>]</index></name></decl>;</decl_stmt>
    <comment type="block">/* Element 0: empty                        */</comment>
    <comment type="block">/* 1: OID of processed tuple if applicable            */</comment>
    <comment type="block">/* 2: number of rows processed                */</comment>
    <comment type="block">/* after an INSERT, UPDATE or                */</comment>
    <comment type="block">/* DELETE statement                    */</comment>
    <comment type="block">/* 3: empty                        */</comment>
    <comment type="block">/* 4: empty                        */</comment>
    <comment type="block">/* 5: empty                        */</comment>
    <decl_stmt><decl><type><name>char</name></type>        <name><name>sqlwarn</name><index>[<expr><literal type="number">8</literal></expr>]</index></name></decl>;</decl_stmt>
    <comment type="block">/* Element 0: set to 'W' if at least one other is 'W'    */</comment>
    <comment type="block">/* 1: if 'W' at least one character string        */</comment>
    <comment type="block">/* value was truncated when it was            */</comment>
    <comment type="block">/* stored into a host variable.             */</comment>

    <comment type="block">/*
     * 2: if 'W' a (hopefully) non-fatal notice occurred
     */</comment>    <comment type="block">/* 3: empty */</comment>
    <comment type="block">/* 4: empty                        */</comment>
    <comment type="block">/* 5: empty                        */</comment>
    <comment type="block">/* 6: empty                        */</comment>
    <comment type="block">/* 7: empty                        */</comment>

    <decl_stmt><decl><type><name>char</name></type>        <name><name>sqlstate</name><index>[<expr><literal type="number">5</literal></expr>]</index></name></decl>;</decl_stmt>
}</block>;</struct>

<function_decl><type><name><name>struct</name> <name>sqlca_t</name></name> <modifier>*</modifier></type><name>ECPGget_sqlca</name><parameter_list>(<parameter><decl><type><name>void</name></type></decl></parameter>)</parameter_list>;</function_decl>

<cpp:ifndef>#<cpp:directive>ifndef</cpp:directive> <name>POSTGRES_ECPG_INTERNAL</name></cpp:ifndef>
<cpp:define>#<cpp:directive>define</cpp:directive> <cpp:macro><name>sqlca</name></cpp:macro> <cpp:value>(*ECPGget_sqlca())</cpp:value></cpp:define>
<cpp:endif>#<cpp:directive>endif</cpp:directive></cpp:endif>

<cpp:ifdef>#<cpp:directive>ifdef</cpp:directive> <name>__cplusplus</name></cpp:ifdef>
</block_content>}</block></extern>
<cpp:endif>#<cpp:directive>endif</cpp:directive></cpp:endif>

<cpp:endif>#<cpp:directive>endif</cpp:directive></cpp:endif>

<cpp:line>#<cpp:directive>line</cpp:directive> <cpp:number>1</cpp:number> <cpp:file>"code100.pgc"</cpp:file></cpp:line>

<cpp:include>#<cpp:directive>include</cpp:directive> <cpp:file>&lt;stdio.h&gt;</cpp:file></cpp:include>


<cpp:line>#<cpp:directive>line</cpp:directive> <cpp:number>1</cpp:number> <cpp:file>"regression.h"</cpp:file></cpp:line>






<cpp:line>#<cpp:directive>line</cpp:directive> <cpp:number>4</cpp:number> <cpp:file>"code100.pgc"</cpp:file></cpp:line>



<function><type><name>int</name></type> <name>main</name><parameter_list>()</parameter_list>
<block>{<block_content>  <comment type="block">/* exec sql begin declare section */</comment>
    
   
<cpp:line>#<cpp:directive>line</cpp:directive> <cpp:number>9</cpp:number> <cpp:file>"code100.pgc"</cpp:file></cpp:line>
 <decl_stmt><decl><type><name>int</name></type> <name>index</name></decl> ;</decl_stmt>
<comment type="block">/* exec sql end declare section */</comment>
<cpp:line>#<cpp:directive>line</cpp:directive> <cpp:number>10</cpp:number> <cpp:file>"code100.pgc"</cpp:file></cpp:line>



   <expr_stmt><expr><call><name>ECPGdebug</name><argument_list>(<argument><expr><literal type="number">1</literal></expr></argument>,<argument><expr><name>stderr</name></expr></argument>)</argument_list></call></expr>;</expr_stmt>

   <block>{<block_content> <expr_stmt><expr><call><name>ECPGconnect</name><argument_list>(<argument><expr><name>__LINE__</name></expr></argument>, <argument><expr><literal type="number">0</literal></expr></argument>, <argument><expr><literal type="string">"ecpg1_regression"</literal></expr></argument> , <argument><expr><name>NULL</name></expr></argument>, <argument><expr><name>NULL</name></expr></argument> , <argument><expr><name>NULL</name></expr></argument>, <argument><expr><literal type="number">0</literal></expr></argument>)</argument_list></call></expr>;</expr_stmt> </block_content>}</block>
<cpp:line>#<cpp:directive>line</cpp:directive> <cpp:number>15</cpp:number> <cpp:file>"code100.pgc"</cpp:file></cpp:line>

   <if_stmt><if>if <condition>(<expr><name><name>sqlca</name><operator>.</operator><name>sqlcode</name></name></expr>)</condition><block type="pseudo"><block_content> <expr_stmt><expr><call><name>printf</name><argument_list>(<argument><expr><literal type="string">"%ld:%s\n"</literal></expr></argument>,<argument><expr><name><name>sqlca</name><operator>.</operator><name>sqlcode</name></name></expr></argument>,<argument><expr><name><name>sqlca</name><operator>.</operator><name>sqlerrm</name><operator>.</operator><name>sqlerrmc</name></name></expr></argument>)</argument_list></call></expr>;</expr_stmt></block_content></block></if></if_stmt>

   <block>{<block_content> <expr_stmt><expr><call><name>ECPGdo</name><argument_list>(<argument><expr><name>__LINE__</name></expr></argument>, <argument><expr><literal type="number">0</literal></expr></argument>, <argument><expr><literal type="number">1</literal></expr></argument>, <argument><expr><name>NULL</name></expr></argument>, <argument><expr><literal type="number">0</literal></expr></argument>, <argument><expr><name>ECPGst_normal</name></expr></argument>, <argument><expr><literal type="string">"create table test ( \"index\" numeric ( 3 ) primary key , \"payload\" int4 not null )"</literal></expr></argument>, <argument><expr><name>ECPGt_EOIT</name></expr></argument>, <argument><expr><name>ECPGt_EORT</name></expr></argument>)</argument_list></call></expr>;</expr_stmt></block_content>}</block>
<cpp:line>#<cpp:directive>line</cpp:directive> <cpp:number>20</cpp:number> <cpp:file>"code100.pgc"</cpp:file></cpp:line>

   <if_stmt><if>if <condition>(<expr><name><name>sqlca</name><operator>.</operator><name>sqlcode</name></name></expr>)</condition><block type="pseudo"><block_content> <expr_stmt><expr><call><name>printf</name><argument_list>(<argument><expr><literal type="string">"%ld:%s\n"</literal></expr></argument>,<argument><expr><name><name>sqlca</name><operator>.</operator><name>sqlcode</name></name></expr></argument>,<argument><expr><name><name>sqlca</name><operator>.</operator><name>sqlerrm</name><operator>.</operator><name>sqlerrmc</name></name></expr></argument>)</argument_list></call></expr>;</expr_stmt></block_content></block></if></if_stmt>
   <block>{<block_content> <expr_stmt><expr><call><name>ECPGtrans</name><argument_list>(<argument><expr><name>__LINE__</name></expr></argument>, <argument><expr><name>NULL</name></expr></argument>, <argument><expr><literal type="string">"commit work"</literal></expr></argument>)</argument_list></call></expr>;</expr_stmt></block_content>}</block>
<cpp:line>#<cpp:directive>line</cpp:directive> <cpp:number>22</cpp:number> <cpp:file>"code100.pgc"</cpp:file></cpp:line>

   <if_stmt><if>if <condition>(<expr><name><name>sqlca</name><operator>.</operator><name>sqlcode</name></name></expr>)</condition><block type="pseudo"><block_content> <expr_stmt><expr><call><name>printf</name><argument_list>(<argument><expr><literal type="string">"%ld:%s\n"</literal></expr></argument>,<argument><expr><name><name>sqlca</name><operator>.</operator><name>sqlcode</name></name></expr></argument>,<argument><expr><name><name>sqlca</name><operator>.</operator><name>sqlerrm</name><operator>.</operator><name>sqlerrmc</name></name></expr></argument>)</argument_list></call></expr>;</expr_stmt></block_content></block></if></if_stmt>

   <for>for <control>(<init><expr><name>index</name><operator>=</operator><literal type="number">0</literal></expr>;</init><condition><expr><name>index</name><operator>&lt;</operator><literal type="number">10</literal></expr>;</condition><incr><expr><operator>++</operator><name>index</name></expr></incr>)</control>
   <block>{<block_content>  <block>{<block_content> <expr_stmt><expr><call><name>ECPGdo</name><argument_list>(<argument><expr><name>__LINE__</name></expr></argument>, <argument><expr><literal type="number">0</literal></expr></argument>, <argument><expr><literal type="number">1</literal></expr></argument>, <argument><expr><name>NULL</name></expr></argument>, <argument><expr><literal type="number">0</literal></expr></argument>, <argument><expr><name>ECPGst_normal</name></expr></argument>, <argument><expr><literal type="string">"insert into test ( payload , index ) values ( 0 , $1  )"</literal></expr></argument>, 
    <argument><expr><name>ECPGt_int</name></expr></argument>,<argument><expr><operator>&amp;</operator><operator>(</operator><name>index</name><operator>)</operator></expr></argument>,<argument><expr><operator>(</operator><name>long</name><operator>)</operator><literal type="number">1</literal></expr></argument>,<argument><expr><operator>(</operator><name>long</name><operator>)</operator><literal type="number">1</literal></expr></argument>,<argument><expr><sizeof>sizeof<argument_list>(<argument><expr><name>int</name></expr></argument>)</argument_list></sizeof></expr></argument>, 
    <argument><expr><name>ECPGt_NO_INDICATOR</name></expr></argument>, <argument><expr><name>NULL</name></expr></argument> , <argument><expr><literal type="number">0L</literal></expr></argument>, <argument><expr><literal type="number">0L</literal></expr></argument>, <argument><expr><literal type="number">0L</literal></expr></argument>, <argument><expr><name>ECPGt_EOIT</name></expr></argument>, <argument><expr><name>ECPGt_EORT</name></expr></argument>)</argument_list></call></expr>;</expr_stmt></block_content>}</block>
<cpp:line>#<cpp:directive>line</cpp:directive> <cpp:number>28</cpp:number> <cpp:file>"code100.pgc"</cpp:file></cpp:line>

      <if_stmt><if>if <condition>(<expr><name><name>sqlca</name><operator>.</operator><name>sqlcode</name></name></expr>)</condition><block type="pseudo"><block_content> <expr_stmt><expr><call><name>printf</name><argument_list>(<argument><expr><literal type="string">"%ld:%s\n"</literal></expr></argument>,<argument><expr><name><name>sqlca</name><operator>.</operator><name>sqlcode</name></name></expr></argument>,<argument><expr><name><name>sqlca</name><operator>.</operator><name>sqlerrm</name><operator>.</operator><name>sqlerrmc</name></name></expr></argument>)</argument_list></call></expr>;</expr_stmt></block_content></block></if></if_stmt>
   </block_content>}</block></for>
   <block>{<block_content> <expr_stmt><expr><call><name>ECPGtrans</name><argument_list>(<argument><expr><name>__LINE__</name></expr></argument>, <argument><expr><name>NULL</name></expr></argument>, <argument><expr><literal type="string">"commit work"</literal></expr></argument>)</argument_list></call></expr>;</expr_stmt></block_content>}</block>
<cpp:line>#<cpp:directive>line</cpp:directive> <cpp:number>31</cpp:number> <cpp:file>"code100.pgc"</cpp:file></cpp:line>

   <if_stmt><if>if <condition>(<expr><name><name>sqlca</name><operator>.</operator><name>sqlcode</name></name></expr>)</condition><block type="pseudo"><block_content> <expr_stmt><expr><call><name>printf</name><argument_list>(<argument><expr><literal type="string">"%ld:%s\n"</literal></expr></argument>,<argument><expr><name><name>sqlca</name><operator>.</operator><name>sqlcode</name></name></expr></argument>,<argument><expr><name><name>sqlca</name><operator>.</operator><name>sqlerrm</name><operator>.</operator><name>sqlerrmc</name></name></expr></argument>)</argument_list></call></expr>;</expr_stmt></block_content></block></if></if_stmt>

   <block>{<block_content> <expr_stmt><expr><call><name>ECPGdo</name><argument_list>(<argument><expr><name>__LINE__</name></expr></argument>, <argument><expr><literal type="number">0</literal></expr></argument>, <argument><expr><literal type="number">1</literal></expr></argument>, <argument><expr><name>NULL</name></expr></argument>, <argument><expr><literal type="number">0</literal></expr></argument>, <argument><expr><name>ECPGst_normal</name></expr></argument>, <argument><expr><literal type="string">"update test set payload = payload + 1 where index = - 1"</literal></expr></argument>, <argument><expr><name>ECPGt_EOIT</name></expr></argument>, <argument><expr><name>ECPGt_EORT</name></expr></argument>)</argument_list></call></expr>;</expr_stmt></block_content>}</block>
<cpp:line>#<cpp:directive>line</cpp:directive> <cpp:number>35</cpp:number> <cpp:file>"code100.pgc"</cpp:file></cpp:line>

   <if_stmt><if>if <condition>(<expr><name><name>sqlca</name><operator>.</operator><name>sqlcode</name></name><operator>!=</operator><literal type="number">100</literal></expr>)</condition><block type="pseudo"><block_content> <expr_stmt><expr><call><name>printf</name><argument_list>(<argument><expr><literal type="string">"%ld:%s\n"</literal></expr></argument>,<argument><expr><name><name>sqlca</name><operator>.</operator><name>sqlcode</name></name></expr></argument>,<argument><expr><name><name>sqlca</name><operator>.</operator><name>sqlerrm</name><operator>.</operator><name>sqlerrmc</name></name></expr></argument>)</argument_list></call></expr>;</expr_stmt></block_content></block></if></if_stmt>

   <block>{<block_content> <expr_stmt><expr><call><name>ECPGdo</name><argument_list>(<argument><expr><name>__LINE__</name></expr></argument>, <argument><expr><literal type="number">0</literal></expr></argument>, <argument><expr><literal type="number">1</literal></expr></argument>, <argument><expr><name>NULL</name></expr></argument>, <argument><expr><literal type="number">0</literal></expr></argument>, <argument><expr><name>ECPGst_normal</name></expr></argument>, <argument><expr><literal type="string">"delete from test where index = - 1"</literal></expr></argument>, <argument><expr><name>ECPGt_EOIT</name></expr></argument>, <argument><expr><name>ECPGt_EORT</name></expr></argument>)</argument_list></call></expr>;</expr_stmt></block_content>}</block>
<cpp:line>#<cpp:directive>line</cpp:directive> <cpp:number>38</cpp:number> <cpp:file>"code100.pgc"</cpp:file></cpp:line>

   <if_stmt><if>if <condition>(<expr><name><name>sqlca</name><operator>.</operator><name>sqlcode</name></name><operator>!=</operator><literal type="number">100</literal></expr>)</condition><block type="pseudo"><block_content> <expr_stmt><expr><call><name>printf</name><argument_list>(<argument><expr><literal type="string">"%ld:%s\n"</literal></expr></argument>,<argument><expr><name><name>sqlca</name><operator>.</operator><name>sqlcode</name></name></expr></argument>,<argument><expr><name><name>sqlca</name><operator>.</operator><name>sqlerrm</name><operator>.</operator><name>sqlerrmc</name></name></expr></argument>)</argument_list></call></expr>;</expr_stmt></block_content></block></if></if_stmt>

   <block>{<block_content> <expr_stmt><expr><call><name>ECPGdo</name><argument_list>(<argument><expr><name>__LINE__</name></expr></argument>, <argument><expr><literal type="number">0</literal></expr></argument>, <argument><expr><literal type="number">1</literal></expr></argument>, <argument><expr><name>NULL</name></expr></argument>, <argument><expr><literal type="number">0</literal></expr></argument>, <argument><expr><name>ECPGst_normal</name></expr></argument>, <argument><expr><literal type="string">"insert into test ( select * from test where index = - 1 )"</literal></expr></argument>, <argument><expr><name>ECPGt_EOIT</name></expr></argument>, <argument><expr><name>ECPGt_EORT</name></expr></argument>)</argument_list></call></expr>;</expr_stmt></block_content>}</block>
<cpp:line>#<cpp:directive>line</cpp:directive> <cpp:number>41</cpp:number> <cpp:file>"code100.pgc"</cpp:file></cpp:line>

   <if_stmt><if>if <condition>(<expr><name><name>sqlca</name><operator>.</operator><name>sqlcode</name></name><operator>!=</operator><literal type="number">100</literal></expr>)</condition><block type="pseudo"><block_content> <expr_stmt><expr><call><name>printf</name><argument_list>(<argument><expr><literal type="string">"%ld:%s\n"</literal></expr></argument>,<argument><expr><name><name>sqlca</name><operator>.</operator><name>sqlcode</name></name></expr></argument>,<argument><expr><name><name>sqlca</name><operator>.</operator><name>sqlerrm</name><operator>.</operator><name>sqlerrmc</name></name></expr></argument>)</argument_list></call></expr>;</expr_stmt></block_content></block></if></if_stmt>

   <block>{<block_content> <expr_stmt><expr><call><name>ECPGdo</name><argument_list>(<argument><expr><name>__LINE__</name></expr></argument>, <argument><expr><literal type="number">0</literal></expr></argument>, <argument><expr><literal type="number">1</literal></expr></argument>, <argument><expr><name>NULL</name></expr></argument>, <argument><expr><literal type="number">0</literal></expr></argument>, <argument><expr><name>ECPGst_normal</name></expr></argument>, <argument><expr><literal type="string">"drop table test"</literal></expr></argument>, <argument><expr><name>ECPGt_EOIT</name></expr></argument>, <argument><expr><name>ECPGt_EORT</name></expr></argument>)</argument_list></call></expr>;</expr_stmt></block_content>}</block>
<cpp:line>#<cpp:directive>line</cpp:directive> <cpp:number>44</cpp:number> <cpp:file>"code100.pgc"</cpp:file></cpp:line>

   <if_stmt><if>if <condition>(<expr><name><name>sqlca</name><operator>.</operator><name>sqlcode</name></name></expr>)</condition><block type="pseudo"><block_content> <expr_stmt><expr><call><name>printf</name><argument_list>(<argument><expr><literal type="string">"%ld:%s\n"</literal></expr></argument>,<argument><expr><name><name>sqlca</name><operator>.</operator><name>sqlcode</name></name></expr></argument>,<argument><expr><name><name>sqlca</name><operator>.</operator><name>sqlerrm</name><operator>.</operator><name>sqlerrmc</name></name></expr></argument>)</argument_list></call></expr>;</expr_stmt></block_content></block></if></if_stmt>
   <block>{<block_content> <expr_stmt><expr><call><name>ECPGtrans</name><argument_list>(<argument><expr><name>__LINE__</name></expr></argument>, <argument><expr><name>NULL</name></expr></argument>, <argument><expr><literal type="string">"commit work"</literal></expr></argument>)</argument_list></call></expr>;</expr_stmt></block_content>}</block>
<cpp:line>#<cpp:directive>line</cpp:directive> <cpp:number>46</cpp:number> <cpp:file>"code100.pgc"</cpp:file></cpp:line>

   <if_stmt><if>if <condition>(<expr><name><name>sqlca</name><operator>.</operator><name>sqlcode</name></name></expr>)</condition><block type="pseudo"><block_content> <expr_stmt><expr><call><name>printf</name><argument_list>(<argument><expr><literal type="string">"%ld:%s\n"</literal></expr></argument>,<argument><expr><name><name>sqlca</name><operator>.</operator><name>sqlcode</name></name></expr></argument>,<argument><expr><name><name>sqlca</name><operator>.</operator><name>sqlerrm</name><operator>.</operator><name>sqlerrmc</name></name></expr></argument>)</argument_list></call></expr>;</expr_stmt></block_content></block></if></if_stmt>

   <block>{<block_content> <expr_stmt><expr><call><name>ECPGdisconnect</name><argument_list>(<argument><expr><name>__LINE__</name></expr></argument>, <argument><expr><literal type="string">"CURRENT"</literal></expr></argument>)</argument_list></call></expr>;</expr_stmt></block_content>}</block>
<cpp:line>#<cpp:directive>line</cpp:directive> <cpp:number>49</cpp:number> <cpp:file>"code100.pgc"</cpp:file></cpp:line>

   <if_stmt><if>if <condition>(<expr><name><name>sqlca</name><operator>.</operator><name>sqlcode</name></name></expr>)</condition><block type="pseudo"><block_content> <expr_stmt><expr><call><name>printf</name><argument_list>(<argument><expr><literal type="string">"%ld:%s\n"</literal></expr></argument>,<argument><expr><name><name>sqlca</name><operator>.</operator><name>sqlcode</name></name></expr></argument>,<argument><expr><name><name>sqlca</name><operator>.</operator><name>sqlerrm</name><operator>.</operator><name>sqlerrmc</name></name></expr></argument>)</argument_list></call></expr>;</expr_stmt></block_content></block></if></if_stmt>
   <return>return <expr><literal type="number">0</literal></expr>;</return>
</block_content>}</block></function>
</unit>
