<?xml version="1.0" encoding="UTF-8" standalone="yes"?>
<unit xmlns="http://www.srcML.org/srcML/src" xmlns:cpp="http://www.srcML.org/srcML/cpp" revision="1.0.0" language="C" filename="/cloned_projects/PolarDB-for-PostgreSQL/src/interfaces/ecpg/test/expected/compat_oracle-char_array.c"><comment type="block">/* Processed by ecpg (regression mode) */</comment>
<comment type="block">/* These include files are added by the preprocessor */</comment>
<cpp:include>#<cpp:directive>include</cpp:directive> <cpp:file>&lt;ecpglib.h&gt;</cpp:file></cpp:include>
<cpp:include>#<cpp:directive>include</cpp:directive> <cpp:file>&lt;ecpgerrno.h&gt;</cpp:file></cpp:include>
<cpp:include>#<cpp:directive>include</cpp:directive> <cpp:file>&lt;sqlca.h&gt;</cpp:file></cpp:include>
<comment type="block">/* End of automatic include section */</comment>
<cpp:define>#<cpp:directive>define</cpp:directive> <cpp:macro><name>ECPGdebug</name><parameter_list>(<parameter><type><name>X</name></type></parameter>,<parameter><type><name>Y</name></type></parameter>)</parameter_list></cpp:macro> <cpp:value>ECPGdebug((X)+100,(Y))</cpp:value></cpp:define>

<cpp:line>#<cpp:directive>line</cpp:directive> <cpp:number>1</cpp:number> <cpp:file>"char_array.pgc"</cpp:file></cpp:line>
<cpp:include>#<cpp:directive>include</cpp:directive> <cpp:file>&lt;stdio.h&gt;</cpp:file></cpp:include>
<cpp:include>#<cpp:directive>include</cpp:directive> <cpp:file>&lt;stdlib.h&gt;</cpp:file></cpp:include>
<cpp:include>#<cpp:directive>include</cpp:directive> <cpp:file>&lt;string.h&gt;</cpp:file></cpp:include>


<cpp:line>#<cpp:directive>line</cpp:directive> <cpp:number>1</cpp:number> <cpp:file>"regression.h"</cpp:file></cpp:line>






<cpp:line>#<cpp:directive>line</cpp:directive> <cpp:number>5</cpp:number> <cpp:file>"char_array.pgc"</cpp:file></cpp:line>


<function><type><specifier>static</specifier> <name>void</name></type> <name>warn</name><parameter_list>(<parameter><decl><type><name>void</name></type></decl></parameter>)</parameter_list>
<block>{<block_content>
  <expr_stmt><expr><call><name>fprintf</name><argument_list>(<argument><expr><name>stderr</name></expr></argument>, <argument><expr><literal type="string">"Warning: At least one column was truncated\n"</literal></expr></argument>)</argument_list></call></expr>;</expr_stmt>
</block_content>}</block></function>

<comment type="block">/* Compatible handling of char array to retrieve varchar field to char array
   should be fixed-length, blank-padded, then null-terminated.
   Conforms to the ANSI Fixed Character type. */</comment>

<function><type><name>int</name></type> <name>main</name><parameter_list>()</parameter_list> <block>{<block_content>

  <comment type="block">/* exec sql whenever sql_warning  do warn ( ) ; */</comment>
<cpp:line>#<cpp:directive>line</cpp:directive> <cpp:number>18</cpp:number> <cpp:file>"char_array.pgc"</cpp:file></cpp:line>

  <comment type="block">/* exec sql whenever sqlerror  sqlprint ; */</comment>
<cpp:line>#<cpp:directive>line</cpp:directive> <cpp:number>19</cpp:number> <cpp:file>"char_array.pgc"</cpp:file></cpp:line>


  <decl_stmt><decl><type><specifier>const</specifier> <name>char</name> <modifier>*</modifier></type><name>ppppp</name> <init>= <expr><literal type="string">"XXXXX"</literal></expr></init></decl>;</decl_stmt>
  <decl_stmt><decl><type><name>int</name></type> <name>loopcount</name></decl>;</decl_stmt>
  <comment type="block">/* exec sql begin declare section */</comment>
   
   
     
     
  
<cpp:line>#<cpp:directive>line</cpp:directive> <cpp:number>24</cpp:number> <cpp:file>"char_array.pgc"</cpp:file></cpp:line>
 <decl_stmt><decl><type><name>char</name></type> <name><name>shortstr</name> <index>[ <expr><literal type="number">5</literal></expr> ]</index></name></decl> ;</decl_stmt>
 
<cpp:line>#<cpp:directive>line</cpp:directive> <cpp:number>25</cpp:number> <cpp:file>"char_array.pgc"</cpp:file></cpp:line>
 <decl_stmt><decl><type><name>char</name></type> <name><name>bigstr</name> <index>[ <expr><literal type="number">11</literal></expr> ]</index></name></decl> ;</decl_stmt>
 
<cpp:line>#<cpp:directive>line</cpp:directive> <cpp:number>26</cpp:number> <cpp:file>"char_array.pgc"</cpp:file></cpp:line>
 <decl_stmt><decl><type><name>short</name></type> <name>shstr_ind</name> <init>= <expr><literal type="number">0</literal></expr></init></decl> ;</decl_stmt>
 
<cpp:line>#<cpp:directive>line</cpp:directive> <cpp:number>27</cpp:number> <cpp:file>"char_array.pgc"</cpp:file></cpp:line>
 <decl_stmt><decl><type><name>short</name></type> <name>bigstr_ind</name> <init>= <expr><literal type="number">0</literal></expr></init></decl> ;</decl_stmt>
<comment type="block">/* exec sql end declare section */</comment>
<cpp:line>#<cpp:directive>line</cpp:directive> <cpp:number>28</cpp:number> <cpp:file>"char_array.pgc"</cpp:file></cpp:line>


  <expr_stmt><expr><call><name>ECPGdebug</name><argument_list>(<argument><expr><literal type="number">1</literal></expr></argument>, <argument><expr><name>stderr</name></expr></argument>)</argument_list></call></expr>;</expr_stmt>
  <block>{<block_content> <expr_stmt><expr><call><name>ECPGconnect</name><argument_list>(<argument><expr><name>__LINE__</name></expr></argument>, <argument><expr><literal type="number">3</literal></expr></argument>, <argument><expr><literal type="string">"ecpg1_regression"</literal></expr></argument> , <argument><expr><name>NULL</name></expr></argument>, <argument><expr><name>NULL</name></expr></argument> , <argument><expr><name>NULL</name></expr></argument>, <argument><expr><literal type="number">0</literal></expr></argument>)</argument_list></call></expr>;</expr_stmt> 
<cpp:line>#<cpp:directive>line</cpp:directive> <cpp:number>31</cpp:number> <cpp:file>"char_array.pgc"</cpp:file></cpp:line>

<if_stmt><if>if <condition>(<expr><name><name>sqlca</name><operator>.</operator><name>sqlwarn</name><index>[<expr><literal type="number">0</literal></expr>]</index></name> <operator>==</operator> <literal type="char">'W'</literal></expr>)</condition><block type="pseudo"><block_content> <expr_stmt><expr><call><name>warn</name> <argument_list>( )</argument_list></call></expr>;</expr_stmt></block_content></block></if></if_stmt>
<cpp:line>#<cpp:directive>line</cpp:directive> <cpp:number>31</cpp:number> <cpp:file>"char_array.pgc"</cpp:file></cpp:line>

<if_stmt><if>if <condition>(<expr><name><name>sqlca</name><operator>.</operator><name>sqlcode</name></name> <operator>&lt;</operator> <literal type="number">0</literal></expr>)</condition><block type="pseudo"><block_content> <expr_stmt><expr><call><name>sqlprint</name><argument_list>()</argument_list></call></expr>;</expr_stmt></block_content></block></if></if_stmt></block_content>}</block>
<cpp:line>#<cpp:directive>line</cpp:directive> <cpp:number>31</cpp:number> <cpp:file>"char_array.pgc"</cpp:file></cpp:line>


  <block>{<block_content> <expr_stmt><expr><call><name>ECPGdo</name><argument_list>(<argument><expr><name>__LINE__</name></expr></argument>, <argument><expr><literal type="number">3</literal></expr></argument>, <argument><expr><literal type="number">1</literal></expr></argument>, <argument><expr><name>NULL</name></expr></argument>, <argument><expr><literal type="number">0</literal></expr></argument>, <argument><expr><name>ECPGst_normal</name></expr></argument>, <argument><expr><literal type="string">"create table strdbase ( strval varchar ( 10 ) )"</literal></expr></argument>, <argument><expr><name>ECPGt_EOIT</name></expr></argument>, <argument><expr><name>ECPGt_EORT</name></expr></argument>)</argument_list></call></expr>;</expr_stmt>
<cpp:line>#<cpp:directive>line</cpp:directive> <cpp:number>33</cpp:number> <cpp:file>"char_array.pgc"</cpp:file></cpp:line>

<if_stmt><if>if <condition>(<expr><name><name>sqlca</name><operator>.</operator><name>sqlwarn</name><index>[<expr><literal type="number">0</literal></expr>]</index></name> <operator>==</operator> <literal type="char">'W'</literal></expr>)</condition><block type="pseudo"><block_content> <expr_stmt><expr><call><name>warn</name> <argument_list>( )</argument_list></call></expr>;</expr_stmt></block_content></block></if></if_stmt>
<cpp:line>#<cpp:directive>line</cpp:directive> <cpp:number>33</cpp:number> <cpp:file>"char_array.pgc"</cpp:file></cpp:line>

<if_stmt><if>if <condition>(<expr><name><name>sqlca</name><operator>.</operator><name>sqlcode</name></name> <operator>&lt;</operator> <literal type="number">0</literal></expr>)</condition><block type="pseudo"><block_content> <expr_stmt><expr><call><name>sqlprint</name><argument_list>()</argument_list></call></expr>;</expr_stmt></block_content></block></if></if_stmt></block_content>}</block>
<cpp:line>#<cpp:directive>line</cpp:directive> <cpp:number>33</cpp:number> <cpp:file>"char_array.pgc"</cpp:file></cpp:line>

  <block>{<block_content> <expr_stmt><expr><call><name>ECPGdo</name><argument_list>(<argument><expr><name>__LINE__</name></expr></argument>, <argument><expr><literal type="number">3</literal></expr></argument>, <argument><expr><literal type="number">1</literal></expr></argument>, <argument><expr><name>NULL</name></expr></argument>, <argument><expr><literal type="number">0</literal></expr></argument>, <argument><expr><name>ECPGst_normal</name></expr></argument>, <argument><expr><literal type="string">"insert into strdbase values ( '' )"</literal></expr></argument>, <argument><expr><name>ECPGt_EOIT</name></expr></argument>, <argument><expr><name>ECPGt_EORT</name></expr></argument>)</argument_list></call></expr>;</expr_stmt>
<cpp:line>#<cpp:directive>line</cpp:directive> <cpp:number>34</cpp:number> <cpp:file>"char_array.pgc"</cpp:file></cpp:line>

<if_stmt><if>if <condition>(<expr><name><name>sqlca</name><operator>.</operator><name>sqlwarn</name><index>[<expr><literal type="number">0</literal></expr>]</index></name> <operator>==</operator> <literal type="char">'W'</literal></expr>)</condition><block type="pseudo"><block_content> <expr_stmt><expr><call><name>warn</name> <argument_list>( )</argument_list></call></expr>;</expr_stmt></block_content></block></if></if_stmt>
<cpp:line>#<cpp:directive>line</cpp:directive> <cpp:number>34</cpp:number> <cpp:file>"char_array.pgc"</cpp:file></cpp:line>

<if_stmt><if>if <condition>(<expr><name><name>sqlca</name><operator>.</operator><name>sqlcode</name></name> <operator>&lt;</operator> <literal type="number">0</literal></expr>)</condition><block type="pseudo"><block_content> <expr_stmt><expr><call><name>sqlprint</name><argument_list>()</argument_list></call></expr>;</expr_stmt></block_content></block></if></if_stmt></block_content>}</block>
<cpp:line>#<cpp:directive>line</cpp:directive> <cpp:number>34</cpp:number> <cpp:file>"char_array.pgc"</cpp:file></cpp:line>

  <block>{<block_content> <expr_stmt><expr><call><name>ECPGdo</name><argument_list>(<argument><expr><name>__LINE__</name></expr></argument>, <argument><expr><literal type="number">3</literal></expr></argument>, <argument><expr><literal type="number">1</literal></expr></argument>, <argument><expr><name>NULL</name></expr></argument>, <argument><expr><literal type="number">0</literal></expr></argument>, <argument><expr><name>ECPGst_normal</name></expr></argument>, <argument><expr><literal type="string">"insert into strdbase values ( 'AB' )"</literal></expr></argument>, <argument><expr><name>ECPGt_EOIT</name></expr></argument>, <argument><expr><name>ECPGt_EORT</name></expr></argument>)</argument_list></call></expr>;</expr_stmt>
<cpp:line>#<cpp:directive>line</cpp:directive> <cpp:number>35</cpp:number> <cpp:file>"char_array.pgc"</cpp:file></cpp:line>

<if_stmt><if>if <condition>(<expr><name><name>sqlca</name><operator>.</operator><name>sqlwarn</name><index>[<expr><literal type="number">0</literal></expr>]</index></name> <operator>==</operator> <literal type="char">'W'</literal></expr>)</condition><block type="pseudo"><block_content> <expr_stmt><expr><call><name>warn</name> <argument_list>( )</argument_list></call></expr>;</expr_stmt></block_content></block></if></if_stmt>
<cpp:line>#<cpp:directive>line</cpp:directive> <cpp:number>35</cpp:number> <cpp:file>"char_array.pgc"</cpp:file></cpp:line>

<if_stmt><if>if <condition>(<expr><name><name>sqlca</name><operator>.</operator><name>sqlcode</name></name> <operator>&lt;</operator> <literal type="number">0</literal></expr>)</condition><block type="pseudo"><block_content> <expr_stmt><expr><call><name>sqlprint</name><argument_list>()</argument_list></call></expr>;</expr_stmt></block_content></block></if></if_stmt></block_content>}</block>
<cpp:line>#<cpp:directive>line</cpp:directive> <cpp:number>35</cpp:number> <cpp:file>"char_array.pgc"</cpp:file></cpp:line>

  <block>{<block_content> <expr_stmt><expr><call><name>ECPGdo</name><argument_list>(<argument><expr><name>__LINE__</name></expr></argument>, <argument><expr><literal type="number">3</literal></expr></argument>, <argument><expr><literal type="number">1</literal></expr></argument>, <argument><expr><name>NULL</name></expr></argument>, <argument><expr><literal type="number">0</literal></expr></argument>, <argument><expr><name>ECPGst_normal</name></expr></argument>, <argument><expr><literal type="string">"insert into strdbase values ( 'ABCD' )"</literal></expr></argument>, <argument><expr><name>ECPGt_EOIT</name></expr></argument>, <argument><expr><name>ECPGt_EORT</name></expr></argument>)</argument_list></call></expr>;</expr_stmt>
<cpp:line>#<cpp:directive>line</cpp:directive> <cpp:number>36</cpp:number> <cpp:file>"char_array.pgc"</cpp:file></cpp:line>

<if_stmt><if>if <condition>(<expr><name><name>sqlca</name><operator>.</operator><name>sqlwarn</name><index>[<expr><literal type="number">0</literal></expr>]</index></name> <operator>==</operator> <literal type="char">'W'</literal></expr>)</condition><block type="pseudo"><block_content> <expr_stmt><expr><call><name>warn</name> <argument_list>( )</argument_list></call></expr>;</expr_stmt></block_content></block></if></if_stmt>
<cpp:line>#<cpp:directive>line</cpp:directive> <cpp:number>36</cpp:number> <cpp:file>"char_array.pgc"</cpp:file></cpp:line>

<if_stmt><if>if <condition>(<expr><name><name>sqlca</name><operator>.</operator><name>sqlcode</name></name> <operator>&lt;</operator> <literal type="number">0</literal></expr>)</condition><block type="pseudo"><block_content> <expr_stmt><expr><call><name>sqlprint</name><argument_list>()</argument_list></call></expr>;</expr_stmt></block_content></block></if></if_stmt></block_content>}</block>
<cpp:line>#<cpp:directive>line</cpp:directive> <cpp:number>36</cpp:number> <cpp:file>"char_array.pgc"</cpp:file></cpp:line>

  <block>{<block_content> <expr_stmt><expr><call><name>ECPGdo</name><argument_list>(<argument><expr><name>__LINE__</name></expr></argument>, <argument><expr><literal type="number">3</literal></expr></argument>, <argument><expr><literal type="number">1</literal></expr></argument>, <argument><expr><name>NULL</name></expr></argument>, <argument><expr><literal type="number">0</literal></expr></argument>, <argument><expr><name>ECPGst_normal</name></expr></argument>, <argument><expr><literal type="string">"insert into strdbase values ( 'ABCDE' )"</literal></expr></argument>, <argument><expr><name>ECPGt_EOIT</name></expr></argument>, <argument><expr><name>ECPGt_EORT</name></expr></argument>)</argument_list></call></expr>;</expr_stmt>
<cpp:line>#<cpp:directive>line</cpp:directive> <cpp:number>37</cpp:number> <cpp:file>"char_array.pgc"</cpp:file></cpp:line>

<if_stmt><if>if <condition>(<expr><name><name>sqlca</name><operator>.</operator><name>sqlwarn</name><index>[<expr><literal type="number">0</literal></expr>]</index></name> <operator>==</operator> <literal type="char">'W'</literal></expr>)</condition><block type="pseudo"><block_content> <expr_stmt><expr><call><name>warn</name> <argument_list>( )</argument_list></call></expr>;</expr_stmt></block_content></block></if></if_stmt>
<cpp:line>#<cpp:directive>line</cpp:directive> <cpp:number>37</cpp:number> <cpp:file>"char_array.pgc"</cpp:file></cpp:line>

<if_stmt><if>if <condition>(<expr><name><name>sqlca</name><operator>.</operator><name>sqlcode</name></name> <operator>&lt;</operator> <literal type="number">0</literal></expr>)</condition><block type="pseudo"><block_content> <expr_stmt><expr><call><name>sqlprint</name><argument_list>()</argument_list></call></expr>;</expr_stmt></block_content></block></if></if_stmt></block_content>}</block>
<cpp:line>#<cpp:directive>line</cpp:directive> <cpp:number>37</cpp:number> <cpp:file>"char_array.pgc"</cpp:file></cpp:line>

  <block>{<block_content> <expr_stmt><expr><call><name>ECPGdo</name><argument_list>(<argument><expr><name>__LINE__</name></expr></argument>, <argument><expr><literal type="number">3</literal></expr></argument>, <argument><expr><literal type="number">1</literal></expr></argument>, <argument><expr><name>NULL</name></expr></argument>, <argument><expr><literal type="number">0</literal></expr></argument>, <argument><expr><name>ECPGst_normal</name></expr></argument>, <argument><expr><literal type="string">"insert into strdbase values ( 'ABCDEF' )"</literal></expr></argument>, <argument><expr><name>ECPGt_EOIT</name></expr></argument>, <argument><expr><name>ECPGt_EORT</name></expr></argument>)</argument_list></call></expr>;</expr_stmt>
<cpp:line>#<cpp:directive>line</cpp:directive> <cpp:number>38</cpp:number> <cpp:file>"char_array.pgc"</cpp:file></cpp:line>

<if_stmt><if>if <condition>(<expr><name><name>sqlca</name><operator>.</operator><name>sqlwarn</name><index>[<expr><literal type="number">0</literal></expr>]</index></name> <operator>==</operator> <literal type="char">'W'</literal></expr>)</condition><block type="pseudo"><block_content> <expr_stmt><expr><call><name>warn</name> <argument_list>( )</argument_list></call></expr>;</expr_stmt></block_content></block></if></if_stmt>
<cpp:line>#<cpp:directive>line</cpp:directive> <cpp:number>38</cpp:number> <cpp:file>"char_array.pgc"</cpp:file></cpp:line>

<if_stmt><if>if <condition>(<expr><name><name>sqlca</name><operator>.</operator><name>sqlcode</name></name> <operator>&lt;</operator> <literal type="number">0</literal></expr>)</condition><block type="pseudo"><block_content> <expr_stmt><expr><call><name>sqlprint</name><argument_list>()</argument_list></call></expr>;</expr_stmt></block_content></block></if></if_stmt></block_content>}</block>
<cpp:line>#<cpp:directive>line</cpp:directive> <cpp:number>38</cpp:number> <cpp:file>"char_array.pgc"</cpp:file></cpp:line>

  <block>{<block_content> <expr_stmt><expr><call><name>ECPGdo</name><argument_list>(<argument><expr><name>__LINE__</name></expr></argument>, <argument><expr><literal type="number">3</literal></expr></argument>, <argument><expr><literal type="number">1</literal></expr></argument>, <argument><expr><name>NULL</name></expr></argument>, <argument><expr><literal type="number">0</literal></expr></argument>, <argument><expr><name>ECPGst_normal</name></expr></argument>, <argument><expr><literal type="string">"insert into strdbase values ( 'ABCDEFGHIJ' )"</literal></expr></argument>, <argument><expr><name>ECPGt_EOIT</name></expr></argument>, <argument><expr><name>ECPGt_EORT</name></expr></argument>)</argument_list></call></expr>;</expr_stmt>
<cpp:line>#<cpp:directive>line</cpp:directive> <cpp:number>39</cpp:number> <cpp:file>"char_array.pgc"</cpp:file></cpp:line>

<if_stmt><if>if <condition>(<expr><name><name>sqlca</name><operator>.</operator><name>sqlwarn</name><index>[<expr><literal type="number">0</literal></expr>]</index></name> <operator>==</operator> <literal type="char">'W'</literal></expr>)</condition><block type="pseudo"><block_content> <expr_stmt><expr><call><name>warn</name> <argument_list>( )</argument_list></call></expr>;</expr_stmt></block_content></block></if></if_stmt>
<cpp:line>#<cpp:directive>line</cpp:directive> <cpp:number>39</cpp:number> <cpp:file>"char_array.pgc"</cpp:file></cpp:line>

<if_stmt><if>if <condition>(<expr><name><name>sqlca</name><operator>.</operator><name>sqlcode</name></name> <operator>&lt;</operator> <literal type="number">0</literal></expr>)</condition><block type="pseudo"><block_content> <expr_stmt><expr><call><name>sqlprint</name><argument_list>()</argument_list></call></expr>;</expr_stmt></block_content></block></if></if_stmt></block_content>}</block>
<cpp:line>#<cpp:directive>line</cpp:directive> <cpp:number>39</cpp:number> <cpp:file>"char_array.pgc"</cpp:file></cpp:line>


  <comment type="block">/* declare C cursor for select strval , strval from strdbase */</comment>
<cpp:line>#<cpp:directive>line</cpp:directive> <cpp:number>41</cpp:number> <cpp:file>"char_array.pgc"</cpp:file></cpp:line>

  <block>{<block_content> <expr_stmt><expr><call><name>ECPGdo</name><argument_list>(<argument><expr><name>__LINE__</name></expr></argument>, <argument><expr><literal type="number">3</literal></expr></argument>, <argument><expr><literal type="number">1</literal></expr></argument>, <argument><expr><name>NULL</name></expr></argument>, <argument><expr><literal type="number">0</literal></expr></argument>, <argument><expr><name>ECPGst_normal</name></expr></argument>, <argument><expr><literal type="string">"declare C cursor for select strval , strval from strdbase"</literal></expr></argument>, <argument><expr><name>ECPGt_EOIT</name></expr></argument>, <argument><expr><name>ECPGt_EORT</name></expr></argument>)</argument_list></call></expr>;</expr_stmt>
<cpp:line>#<cpp:directive>line</cpp:directive> <cpp:number>42</cpp:number> <cpp:file>"char_array.pgc"</cpp:file></cpp:line>

<if_stmt><if>if <condition>(<expr><name><name>sqlca</name><operator>.</operator><name>sqlwarn</name><index>[<expr><literal type="number">0</literal></expr>]</index></name> <operator>==</operator> <literal type="char">'W'</literal></expr>)</condition><block type="pseudo"><block_content> <expr_stmt><expr><call><name>warn</name> <argument_list>( )</argument_list></call></expr>;</expr_stmt></block_content></block></if></if_stmt>
<cpp:line>#<cpp:directive>line</cpp:directive> <cpp:number>42</cpp:number> <cpp:file>"char_array.pgc"</cpp:file></cpp:line>

<if_stmt><if>if <condition>(<expr><name><name>sqlca</name><operator>.</operator><name>sqlcode</name></name> <operator>&lt;</operator> <literal type="number">0</literal></expr>)</condition><block type="pseudo"><block_content> <expr_stmt><expr><call><name>sqlprint</name><argument_list>()</argument_list></call></expr>;</expr_stmt></block_content></block></if></if_stmt></block_content>}</block>
<cpp:line>#<cpp:directive>line</cpp:directive> <cpp:number>42</cpp:number> <cpp:file>"char_array.pgc"</cpp:file></cpp:line>


  <comment type="block">/* exec sql whenever not found  break ; */</comment>
<cpp:line>#<cpp:directive>line</cpp:directive> <cpp:number>44</cpp:number> <cpp:file>"char_array.pgc"</cpp:file></cpp:line>


  <expr_stmt><expr><call><name>printf</name><argument_list>(<argument><expr><literal type="string">"Full Str.  :  Short  Ind.\n"</literal></expr></argument>)</argument_list></call></expr>;</expr_stmt>
  <for>for <control>(<init><expr><name>loopcount</name> <operator>=</operator> <literal type="number">0</literal></expr>;</init> <condition><expr><name>loopcount</name> <operator>&lt;</operator> <literal type="number">100</literal></expr>;</condition> <incr><expr><name>loopcount</name><operator>++</operator></expr></incr>)</control> <block>{<block_content>
    <expr_stmt><expr><call><name>strncpy</name><argument_list>(<argument><expr><name>shortstr</name></expr></argument>, <argument><expr><name>ppppp</name></expr></argument>, <argument><expr><sizeof>sizeof <name>shortstr</name></sizeof></expr></argument>)</argument_list></call></expr>;</expr_stmt>
    <expr_stmt><expr><call><name>memset</name><argument_list>(<argument><expr><name>bigstr</name></expr></argument>, <argument><expr><literal type="number">0</literal></expr></argument>, <argument><expr><sizeof>sizeof <name>bigstr</name></sizeof></expr></argument>)</argument_list></call></expr>;</expr_stmt>
    <block>{<block_content> <expr_stmt><expr><call><name>ECPGdo</name><argument_list>(<argument><expr><name>__LINE__</name></expr></argument>, <argument><expr><literal type="number">3</literal></expr></argument>, <argument><expr><literal type="number">1</literal></expr></argument>, <argument><expr><name>NULL</name></expr></argument>, <argument><expr><literal type="number">0</literal></expr></argument>, <argument><expr><name>ECPGst_normal</name></expr></argument>, <argument><expr><literal type="string">"fetch C"</literal></expr></argument>, <argument><expr><name>ECPGt_EOIT</name></expr></argument>, 
	<argument><expr><name>ECPGt_char</name></expr></argument>,<argument><expr><operator>(</operator><name>bigstr</name><operator>)</operator></expr></argument>,<argument><expr><operator>(</operator><name>long</name><operator>)</operator><literal type="number">11</literal></expr></argument>,<argument><expr><operator>(</operator><name>long</name><operator>)</operator><literal type="number">1</literal></expr></argument>,<argument><expr><operator>(</operator><literal type="number">11</literal><operator>)</operator><operator>*</operator><sizeof>sizeof<argument_list>(<argument><expr><name>char</name></expr></argument>)</argument_list></sizeof></expr></argument>, 
	<argument><expr><name>ECPGt_short</name></expr></argument>,<argument><expr><operator>&amp;</operator><operator>(</operator><name>bigstr_ind</name><operator>)</operator></expr></argument>,<argument><expr><operator>(</operator><name>long</name><operator>)</operator><literal type="number">1</literal></expr></argument>,<argument><expr><operator>(</operator><name>long</name><operator>)</operator><literal type="number">1</literal></expr></argument>,<argument><expr><sizeof>sizeof<argument_list>(<argument><expr><name>short</name></expr></argument>)</argument_list></sizeof></expr></argument>, 
	<argument><expr><name>ECPGt_char</name></expr></argument>,<argument><expr><operator>(</operator><name>shortstr</name><operator>)</operator></expr></argument>,<argument><expr><operator>(</operator><name>long</name><operator>)</operator><literal type="number">5</literal></expr></argument>,<argument><expr><operator>(</operator><name>long</name><operator>)</operator><literal type="number">1</literal></expr></argument>,<argument><expr><operator>(</operator><literal type="number">5</literal><operator>)</operator><operator>*</operator><sizeof>sizeof<argument_list>(<argument><expr><name>char</name></expr></argument>)</argument_list></sizeof></expr></argument>, 
	<argument><expr><name>ECPGt_short</name></expr></argument>,<argument><expr><operator>&amp;</operator><operator>(</operator><name>shstr_ind</name><operator>)</operator></expr></argument>,<argument><expr><operator>(</operator><name>long</name><operator>)</operator><literal type="number">1</literal></expr></argument>,<argument><expr><operator>(</operator><name>long</name><operator>)</operator><literal type="number">1</literal></expr></argument>,<argument><expr><sizeof>sizeof<argument_list>(<argument><expr><name>short</name></expr></argument>)</argument_list></sizeof></expr></argument>, <argument><expr><name>ECPGt_EORT</name></expr></argument>)</argument_list></call></expr>;</expr_stmt>
<cpp:line>#<cpp:directive>line</cpp:directive> <cpp:number>50</cpp:number> <cpp:file>"char_array.pgc"</cpp:file></cpp:line>

<if_stmt><if>if <condition>(<expr><name><name>sqlca</name><operator>.</operator><name>sqlcode</name></name> <operator>==</operator> <name>ECPG_NOT_FOUND</name></expr>)</condition><block type="pseudo"><block_content> <break>break;</break></block_content></block></if></if_stmt>
<cpp:line>#<cpp:directive>line</cpp:directive> <cpp:number>50</cpp:number> <cpp:file>"char_array.pgc"</cpp:file></cpp:line>

<if_stmt><if>if <condition>(<expr><name><name>sqlca</name><operator>.</operator><name>sqlwarn</name><index>[<expr><literal type="number">0</literal></expr>]</index></name> <operator>==</operator> <literal type="char">'W'</literal></expr>)</condition><block type="pseudo"><block_content> <expr_stmt><expr><call><name>warn</name> <argument_list>( )</argument_list></call></expr>;</expr_stmt></block_content></block></if></if_stmt>
<cpp:line>#<cpp:directive>line</cpp:directive> <cpp:number>50</cpp:number> <cpp:file>"char_array.pgc"</cpp:file></cpp:line>

<if_stmt><if>if <condition>(<expr><name><name>sqlca</name><operator>.</operator><name>sqlcode</name></name> <operator>&lt;</operator> <literal type="number">0</literal></expr>)</condition><block type="pseudo"><block_content> <expr_stmt><expr><call><name>sqlprint</name><argument_list>()</argument_list></call></expr>;</expr_stmt></block_content></block></if></if_stmt></block_content>}</block>
<cpp:line>#<cpp:directive>line</cpp:directive> <cpp:number>50</cpp:number> <cpp:file>"char_array.pgc"</cpp:file></cpp:line>

    <expr_stmt><expr><call><name>printf</name><argument_list>(<argument><expr><literal type="string">"\"%s\": \"%s\"  %d\n"</literal></expr></argument>, <argument><expr><name>bigstr</name></expr></argument>, <argument><expr><name>shortstr</name></expr></argument>, <argument><expr><name>shstr_ind</name></expr></argument>)</argument_list></call></expr>;</expr_stmt>
  </block_content>}</block></for>

  <block>{<block_content> <expr_stmt><expr><call><name>ECPGdo</name><argument_list>(<argument><expr><name>__LINE__</name></expr></argument>, <argument><expr><literal type="number">3</literal></expr></argument>, <argument><expr><literal type="number">1</literal></expr></argument>, <argument><expr><name>NULL</name></expr></argument>, <argument><expr><literal type="number">0</literal></expr></argument>, <argument><expr><name>ECPGst_normal</name></expr></argument>, <argument><expr><literal type="string">"close C"</literal></expr></argument>, <argument><expr><name>ECPGt_EOIT</name></expr></argument>, <argument><expr><name>ECPGt_EORT</name></expr></argument>)</argument_list></call></expr>;</expr_stmt>
<cpp:line>#<cpp:directive>line</cpp:directive> <cpp:number>54</cpp:number> <cpp:file>"char_array.pgc"</cpp:file></cpp:line>

<if_stmt><if>if <condition>(<expr><name><name>sqlca</name><operator>.</operator><name>sqlwarn</name><index>[<expr><literal type="number">0</literal></expr>]</index></name> <operator>==</operator> <literal type="char">'W'</literal></expr>)</condition><block type="pseudo"><block_content> <expr_stmt><expr><call><name>warn</name> <argument_list>( )</argument_list></call></expr>;</expr_stmt></block_content></block></if></if_stmt>
<cpp:line>#<cpp:directive>line</cpp:directive> <cpp:number>54</cpp:number> <cpp:file>"char_array.pgc"</cpp:file></cpp:line>

<if_stmt><if>if <condition>(<expr><name><name>sqlca</name><operator>.</operator><name>sqlcode</name></name> <operator>&lt;</operator> <literal type="number">0</literal></expr>)</condition><block type="pseudo"><block_content> <expr_stmt><expr><call><name>sqlprint</name><argument_list>()</argument_list></call></expr>;</expr_stmt></block_content></block></if></if_stmt></block_content>}</block>
<cpp:line>#<cpp:directive>line</cpp:directive> <cpp:number>54</cpp:number> <cpp:file>"char_array.pgc"</cpp:file></cpp:line>

  <block>{<block_content> <expr_stmt><expr><call><name>ECPGdo</name><argument_list>(<argument><expr><name>__LINE__</name></expr></argument>, <argument><expr><literal type="number">3</literal></expr></argument>, <argument><expr><literal type="number">1</literal></expr></argument>, <argument><expr><name>NULL</name></expr></argument>, <argument><expr><literal type="number">0</literal></expr></argument>, <argument><expr><name>ECPGst_normal</name></expr></argument>, <argument><expr><literal type="string">"drop table strdbase"</literal></expr></argument>, <argument><expr><name>ECPGt_EOIT</name></expr></argument>, <argument><expr><name>ECPGt_EORT</name></expr></argument>)</argument_list></call></expr>;</expr_stmt>
<cpp:line>#<cpp:directive>line</cpp:directive> <cpp:number>55</cpp:number> <cpp:file>"char_array.pgc"</cpp:file></cpp:line>

<if_stmt><if>if <condition>(<expr><name><name>sqlca</name><operator>.</operator><name>sqlwarn</name><index>[<expr><literal type="number">0</literal></expr>]</index></name> <operator>==</operator> <literal type="char">'W'</literal></expr>)</condition><block type="pseudo"><block_content> <expr_stmt><expr><call><name>warn</name> <argument_list>( )</argument_list></call></expr>;</expr_stmt></block_content></block></if></if_stmt>
<cpp:line>#<cpp:directive>line</cpp:directive> <cpp:number>55</cpp:number> <cpp:file>"char_array.pgc"</cpp:file></cpp:line>

<if_stmt><if>if <condition>(<expr><name><name>sqlca</name><operator>.</operator><name>sqlcode</name></name> <operator>&lt;</operator> <literal type="number">0</literal></expr>)</condition><block type="pseudo"><block_content> <expr_stmt><expr><call><name>sqlprint</name><argument_list>()</argument_list></call></expr>;</expr_stmt></block_content></block></if></if_stmt></block_content>}</block>
<cpp:line>#<cpp:directive>line</cpp:directive> <cpp:number>55</cpp:number> <cpp:file>"char_array.pgc"</cpp:file></cpp:line>


  <expr_stmt><expr><call><name>printf</name><argument_list>(<argument><expr><literal type="string">"\nGOOD-BYE!!\n\n"</literal></expr></argument>)</argument_list></call></expr>;</expr_stmt>

  <block>{<block_content> <expr_stmt><expr><call><name>ECPGtrans</name><argument_list>(<argument><expr><name>__LINE__</name></expr></argument>, <argument><expr><name>NULL</name></expr></argument>, <argument><expr><literal type="string">"commit work"</literal></expr></argument>)</argument_list></call></expr>;</expr_stmt>
<cpp:line>#<cpp:directive>line</cpp:directive> <cpp:number>59</cpp:number> <cpp:file>"char_array.pgc"</cpp:file></cpp:line>

<if_stmt><if>if <condition>(<expr><name><name>sqlca</name><operator>.</operator><name>sqlwarn</name><index>[<expr><literal type="number">0</literal></expr>]</index></name> <operator>==</operator> <literal type="char">'W'</literal></expr>)</condition><block type="pseudo"><block_content> <expr_stmt><expr><call><name>warn</name> <argument_list>( )</argument_list></call></expr>;</expr_stmt></block_content></block></if></if_stmt>
<cpp:line>#<cpp:directive>line</cpp:directive> <cpp:number>59</cpp:number> <cpp:file>"char_array.pgc"</cpp:file></cpp:line>

<if_stmt><if>if <condition>(<expr><name><name>sqlca</name><operator>.</operator><name>sqlcode</name></name> <operator>&lt;</operator> <literal type="number">0</literal></expr>)</condition><block type="pseudo"><block_content> <expr_stmt><expr><call><name>sqlprint</name><argument_list>()</argument_list></call></expr>;</expr_stmt></block_content></block></if></if_stmt></block_content>}</block>
<cpp:line>#<cpp:directive>line</cpp:directive> <cpp:number>59</cpp:number> <cpp:file>"char_array.pgc"</cpp:file></cpp:line>


  <block>{<block_content> <expr_stmt><expr><call><name>ECPGdisconnect</name><argument_list>(<argument><expr><name>__LINE__</name></expr></argument>, <argument><expr><literal type="string">"ALL"</literal></expr></argument>)</argument_list></call></expr>;</expr_stmt>
<cpp:line>#<cpp:directive>line</cpp:directive> <cpp:number>61</cpp:number> <cpp:file>"char_array.pgc"</cpp:file></cpp:line>

<if_stmt><if>if <condition>(<expr><name><name>sqlca</name><operator>.</operator><name>sqlwarn</name><index>[<expr><literal type="number">0</literal></expr>]</index></name> <operator>==</operator> <literal type="char">'W'</literal></expr>)</condition><block type="pseudo"><block_content> <expr_stmt><expr><call><name>warn</name> <argument_list>( )</argument_list></call></expr>;</expr_stmt></block_content></block></if></if_stmt>
<cpp:line>#<cpp:directive>line</cpp:directive> <cpp:number>61</cpp:number> <cpp:file>"char_array.pgc"</cpp:file></cpp:line>

<if_stmt><if>if <condition>(<expr><name><name>sqlca</name><operator>.</operator><name>sqlcode</name></name> <operator>&lt;</operator> <literal type="number">0</literal></expr>)</condition><block type="pseudo"><block_content> <expr_stmt><expr><call><name>sqlprint</name><argument_list>()</argument_list></call></expr>;</expr_stmt></block_content></block></if></if_stmt></block_content>}</block>
<cpp:line>#<cpp:directive>line</cpp:directive> <cpp:number>61</cpp:number> <cpp:file>"char_array.pgc"</cpp:file></cpp:line>


  <return>return <expr><literal type="number">0</literal></expr>;</return>
</block_content>}</block></function>
</unit>
