<?xml version="1.0" encoding="UTF-8" standalone="yes"?>
<unit xmlns="http://www.srcML.org/srcML/src" xmlns:cpp="http://www.srcML.org/srcML/cpp" revision="1.0.0" language="C" filename="/cloned_projects/PolarDB-for-PostgreSQL/src/interfaces/ecpg/test/expected/pgtypeslib-num_test.c"><comment type="block">/* Processed by ecpg (regression mode) */</comment>
<comment type="block">/* These include files are added by the preprocessor */</comment>
<cpp:include>#<cpp:directive>include</cpp:directive> <cpp:file>&lt;ecpglib.h&gt;</cpp:file></cpp:include>
<cpp:include>#<cpp:directive>include</cpp:directive> <cpp:file>&lt;ecpgerrno.h&gt;</cpp:file></cpp:include>
<cpp:include>#<cpp:directive>include</cpp:directive> <cpp:file>&lt;sqlca.h&gt;</cpp:file></cpp:include>
<comment type="block">/* End of automatic include section */</comment>
<cpp:define>#<cpp:directive>define</cpp:directive> <cpp:macro><name>ECPGdebug</name><parameter_list>(<parameter><type><name>X</name></type></parameter>,<parameter><type><name>Y</name></type></parameter>)</parameter_list></cpp:macro> <cpp:value>ECPGdebug((X)+100,(Y))</cpp:value></cpp:define>

<cpp:line>#<cpp:directive>line</cpp:directive> <cpp:number>1</cpp:number> <cpp:file>"num_test.pgc"</cpp:file></cpp:line>
<cpp:include>#<cpp:directive>include</cpp:directive> <cpp:file>&lt;stdio.h&gt;</cpp:file></cpp:include>
<cpp:include>#<cpp:directive>include</cpp:directive> <cpp:file>&lt;stdlib.h&gt;</cpp:file></cpp:include>
<cpp:include>#<cpp:directive>include</cpp:directive> <cpp:file>&lt;pgtypes_numeric.h&gt;</cpp:file></cpp:include>
<cpp:include>#<cpp:directive>include</cpp:directive> <cpp:file>&lt;decimal.h&gt;</cpp:file></cpp:include>


<cpp:line>#<cpp:directive>line</cpp:directive> <cpp:number>1</cpp:number> <cpp:file>"regression.h"</cpp:file></cpp:line>






<cpp:line>#<cpp:directive>line</cpp:directive> <cpp:number>6</cpp:number> <cpp:file>"num_test.pgc"</cpp:file></cpp:line>



<comment type="block">/*

NOTE: This file has a different expect file for regression tests on MinGW32

*/</comment>


<function><type><name>int</name></type>
<name>main</name><parameter_list>(<parameter><decl><type><name>void</name></type></decl></parameter>)</parameter_list>
<block>{<block_content>
	<decl_stmt><decl><type><name>char</name> <modifier>*</modifier></type><name>text</name><init>=<expr><literal type="string">"error\n"</literal></expr></init></decl>;</decl_stmt>
	<decl_stmt><decl><type><name>numeric</name> <modifier>*</modifier></type><name>value1</name></decl>, <decl><type ref="prev"><modifier>*</modifier></type><name>value2</name></decl>, <decl><type ref="prev"><modifier>*</modifier></type><name>res</name></decl>;</decl_stmt>
	<comment type="block">/* exec sql begin declare section */</comment>
		 
		<comment type="block">/* = {0, 0, 0, 0, 0, NULL, NULL} ; */</comment>
	
<cpp:line>#<cpp:directive>line</cpp:directive> <cpp:number>22</cpp:number> <cpp:file>"num_test.pgc"</cpp:file></cpp:line>
 <decl_stmt><decl><type><name>numeric</name> <modifier>*</modifier></type> <name>des</name></decl> ;</decl_stmt>
<comment type="block">/* exec sql end declare section */</comment>
<cpp:line>#<cpp:directive>line</cpp:directive> <cpp:number>24</cpp:number> <cpp:file>"num_test.pgc"</cpp:file></cpp:line>

	<decl_stmt><decl><type><name>double</name></type> <name>d</name></decl>;</decl_stmt>
	<decl_stmt><decl><type><name>long</name></type> <name>l1</name></decl>, <decl><type ref="prev"/><name>l2</name></decl>;</decl_stmt>
	<decl_stmt><decl><type><name>int</name></type> <name>i</name></decl>;</decl_stmt>

	<expr_stmt><expr><call><name>ECPGdebug</name><argument_list>(<argument><expr><literal type="number">1</literal></expr></argument>, <argument><expr><name>stderr</name></expr></argument>)</argument_list></call></expr>;</expr_stmt>
	<comment type="block">/* exec sql whenever sqlerror  do sqlprint ( ) ; */</comment>
<cpp:line>#<cpp:directive>line</cpp:directive> <cpp:number>30</cpp:number> <cpp:file>"num_test.pgc"</cpp:file></cpp:line>


	<block>{<block_content> <expr_stmt><expr><call><name>ECPGconnect</name><argument_list>(<argument><expr><name>__LINE__</name></expr></argument>, <argument><expr><literal type="number">0</literal></expr></argument>, <argument><expr><literal type="string">"ecpg1_regression"</literal></expr></argument> , <argument><expr><name>NULL</name></expr></argument>, <argument><expr><name>NULL</name></expr></argument> , <argument><expr><name>NULL</name></expr></argument>, <argument><expr><literal type="number">0</literal></expr></argument>)</argument_list></call></expr>;</expr_stmt> 
<cpp:line>#<cpp:directive>line</cpp:directive> <cpp:number>32</cpp:number> <cpp:file>"num_test.pgc"</cpp:file></cpp:line>

<if_stmt><if>if <condition>(<expr><name><name>sqlca</name><operator>.</operator><name>sqlcode</name></name> <operator>&lt;</operator> <literal type="number">0</literal></expr>)</condition><block type="pseudo"><block_content> <expr_stmt><expr><call><name>sqlprint</name> <argument_list>( )</argument_list></call></expr>;</expr_stmt></block_content></block></if></if_stmt></block_content>}</block>
<cpp:line>#<cpp:directive>line</cpp:directive> <cpp:number>32</cpp:number> <cpp:file>"num_test.pgc"</cpp:file></cpp:line>


	<block>{<block_content> <expr_stmt><expr><call><name>ECPGsetcommit</name><argument_list>(<argument><expr><name>__LINE__</name></expr></argument>, <argument><expr><literal type="string">"off"</literal></expr></argument>, <argument><expr><name>NULL</name></expr></argument>)</argument_list></call></expr>;</expr_stmt>
<cpp:line>#<cpp:directive>line</cpp:directive> <cpp:number>34</cpp:number> <cpp:file>"num_test.pgc"</cpp:file></cpp:line>

<if_stmt><if>if <condition>(<expr><name><name>sqlca</name><operator>.</operator><name>sqlcode</name></name> <operator>&lt;</operator> <literal type="number">0</literal></expr>)</condition><block type="pseudo"><block_content> <expr_stmt><expr><call><name>sqlprint</name> <argument_list>( )</argument_list></call></expr>;</expr_stmt></block_content></block></if></if_stmt></block_content>}</block>
<cpp:line>#<cpp:directive>line</cpp:directive> <cpp:number>34</cpp:number> <cpp:file>"num_test.pgc"</cpp:file></cpp:line>

	<block>{<block_content> <expr_stmt><expr><call><name>ECPGdo</name><argument_list>(<argument><expr><name>__LINE__</name></expr></argument>, <argument><expr><literal type="number">0</literal></expr></argument>, <argument><expr><literal type="number">1</literal></expr></argument>, <argument><expr><name>NULL</name></expr></argument>, <argument><expr><literal type="number">0</literal></expr></argument>, <argument><expr><name>ECPGst_normal</name></expr></argument>, <argument><expr><literal type="string">"create table test ( text char ( 5 ) , num numeric ( 14 , 7 ) )"</literal></expr></argument>, <argument><expr><name>ECPGt_EOIT</name></expr></argument>, <argument><expr><name>ECPGt_EORT</name></expr></argument>)</argument_list></call></expr>;</expr_stmt>
<cpp:line>#<cpp:directive>line</cpp:directive> <cpp:number>35</cpp:number> <cpp:file>"num_test.pgc"</cpp:file></cpp:line>

<if_stmt><if>if <condition>(<expr><name><name>sqlca</name><operator>.</operator><name>sqlcode</name></name> <operator>&lt;</operator> <literal type="number">0</literal></expr>)</condition><block type="pseudo"><block_content> <expr_stmt><expr><call><name>sqlprint</name> <argument_list>( )</argument_list></call></expr>;</expr_stmt></block_content></block></if></if_stmt></block_content>}</block>
<cpp:line>#<cpp:directive>line</cpp:directive> <cpp:number>35</cpp:number> <cpp:file>"num_test.pgc"</cpp:file></cpp:line>


	<expr_stmt><expr><name>value1</name> <operator>=</operator> <call><name>PGTYPESnumeric_new</name><argument_list>()</argument_list></call></expr>;</expr_stmt>
	<expr_stmt><expr><call><name>PGTYPESnumeric_from_int</name><argument_list>(<argument><expr><literal type="number">1407</literal></expr></argument>, <argument><expr><name>value1</name></expr></argument>)</argument_list></call></expr>;</expr_stmt>
	<expr_stmt><expr><name>text</name> <operator>=</operator> <call><name>PGTYPESnumeric_to_asc</name><argument_list>(<argument><expr><name>value1</name></expr></argument>, <argument><expr><operator>-</operator><literal type="number">1</literal></expr></argument>)</argument_list></call></expr>;</expr_stmt>
	<expr_stmt><expr><call><name>printf</name><argument_list>(<argument><expr><literal type="string">"from int = %s\n"</literal></expr></argument>, <argument><expr><name>text</name></expr></argument>)</argument_list></call></expr>;</expr_stmt>
	<expr_stmt><expr><call><name>PGTYPESchar_free</name><argument_list>(<argument><expr><name>text</name></expr></argument>)</argument_list></call></expr>;</expr_stmt>
	<expr_stmt><expr><call><name>PGTYPESnumeric_free</name><argument_list>(<argument><expr><name>value1</name></expr></argument>)</argument_list></call></expr>;</expr_stmt>

	<expr_stmt><expr><name>value1</name> <operator>=</operator> <call><name>PGTYPESnumeric_from_asc</name><argument_list>(<argument><expr><literal type="string">"2369.7"</literal></expr></argument>, <argument><expr><name>NULL</name></expr></argument>)</argument_list></call></expr>;</expr_stmt>
	<expr_stmt><expr><name>value2</name> <operator>=</operator> <call><name>PGTYPESnumeric_from_asc</name><argument_list>(<argument><expr><literal type="string">"10.0"</literal></expr></argument>, <argument><expr><name>NULL</name></expr></argument>)</argument_list></call></expr>;</expr_stmt>
	<expr_stmt><expr><name>res</name> <operator>=</operator> <call><name>PGTYPESnumeric_new</name><argument_list>()</argument_list></call></expr>;</expr_stmt>
	<expr_stmt><expr><call><name>PGTYPESnumeric_add</name><argument_list>(<argument><expr><name>value1</name></expr></argument>, <argument><expr><name>value2</name></expr></argument>, <argument><expr><name>res</name></expr></argument>)</argument_list></call></expr>;</expr_stmt>
	<expr_stmt><expr><name>text</name> <operator>=</operator> <call><name>PGTYPESnumeric_to_asc</name><argument_list>(<argument><expr><name>res</name></expr></argument>, <argument><expr><operator>-</operator><literal type="number">1</literal></expr></argument>)</argument_list></call></expr>;</expr_stmt>
	<expr_stmt><expr><call><name>printf</name><argument_list>(<argument><expr><literal type="string">"add = %s\n"</literal></expr></argument>, <argument><expr><name>text</name></expr></argument>)</argument_list></call></expr>;</expr_stmt>
	<expr_stmt><expr><call><name>PGTYPESchar_free</name><argument_list>(<argument><expr><name>text</name></expr></argument>)</argument_list></call></expr>;</expr_stmt>

	<expr_stmt><expr><call><name>PGTYPESnumeric_sub</name><argument_list>(<argument><expr><name>res</name></expr></argument>, <argument><expr><name>value2</name></expr></argument>, <argument><expr><name>res</name></expr></argument>)</argument_list></call></expr>;</expr_stmt>
	<expr_stmt><expr><name>text</name> <operator>=</operator> <call><name>PGTYPESnumeric_to_asc</name><argument_list>(<argument><expr><name>res</name></expr></argument>, <argument><expr><operator>-</operator><literal type="number">1</literal></expr></argument>)</argument_list></call></expr>;</expr_stmt>
	<expr_stmt><expr><call><name>printf</name><argument_list>(<argument><expr><literal type="string">"sub = %s\n"</literal></expr></argument>, <argument><expr><name>text</name></expr></argument>)</argument_list></call></expr>;</expr_stmt>
	<expr_stmt><expr><call><name>PGTYPESchar_free</name><argument_list>(<argument><expr><name>text</name></expr></argument>)</argument_list></call></expr>;</expr_stmt>
	<expr_stmt><expr><call><name>PGTYPESnumeric_free</name><argument_list>(<argument><expr><name>value2</name></expr></argument>)</argument_list></call></expr>;</expr_stmt>

	<expr_stmt><expr><name>des</name> <operator>=</operator> <call><name>PGTYPESnumeric_new</name><argument_list>()</argument_list></call></expr>;</expr_stmt>
	<expr_stmt><expr><call><name>PGTYPESnumeric_copy</name><argument_list>(<argument><expr><name>res</name></expr></argument>, <argument><expr><name>des</name></expr></argument>)</argument_list></call></expr>;</expr_stmt>
	<block>{<block_content> <expr_stmt><expr><call><name>ECPGdo</name><argument_list>(<argument><expr><name>__LINE__</name></expr></argument>, <argument><expr><literal type="number">0</literal></expr></argument>, <argument><expr><literal type="number">1</literal></expr></argument>, <argument><expr><name>NULL</name></expr></argument>, <argument><expr><literal type="number">0</literal></expr></argument>, <argument><expr><name>ECPGst_normal</name></expr></argument>, <argument><expr><literal type="string">"insert into test ( text , num ) values ( 'test' , $1  )"</literal></expr></argument>, 
	<argument><expr><name>ECPGt_numeric</name></expr></argument>,<argument><expr><operator>&amp;</operator><operator>(</operator><name>des</name><operator>)</operator></expr></argument>,<argument><expr><operator>(</operator><name>long</name><operator>)</operator><literal type="number">1</literal></expr></argument>,<argument><expr><operator>(</operator><name>long</name><operator>)</operator><literal type="number">0</literal></expr></argument>,<argument><expr><sizeof>sizeof<argument_list>(<argument><expr><name>numeric</name></expr></argument>)</argument_list></sizeof></expr></argument>, 
	<argument><expr><name>ECPGt_NO_INDICATOR</name></expr></argument>, <argument><expr><name>NULL</name></expr></argument> , <argument><expr><literal type="number">0L</literal></expr></argument>, <argument><expr><literal type="number">0L</literal></expr></argument>, <argument><expr><literal type="number">0L</literal></expr></argument>, <argument><expr><name>ECPGt_EOIT</name></expr></argument>, <argument><expr><name>ECPGt_EORT</name></expr></argument>)</argument_list></call></expr>;</expr_stmt>
<cpp:line>#<cpp:directive>line</cpp:directive> <cpp:number>60</cpp:number> <cpp:file>"num_test.pgc"</cpp:file></cpp:line>

<if_stmt><if>if <condition>(<expr><name><name>sqlca</name><operator>.</operator><name>sqlcode</name></name> <operator>&lt;</operator> <literal type="number">0</literal></expr>)</condition><block type="pseudo"><block_content> <expr_stmt><expr><call><name>sqlprint</name> <argument_list>( )</argument_list></call></expr>;</expr_stmt></block_content></block></if></if_stmt></block_content>}</block>
<cpp:line>#<cpp:directive>line</cpp:directive> <cpp:number>60</cpp:number> <cpp:file>"num_test.pgc"</cpp:file></cpp:line>


	<expr_stmt><expr><name>value2</name> <operator>=</operator> <call><name>PGTYPESnumeric_from_asc</name><argument_list>(<argument><expr><literal type="string">"2369.7"</literal></expr></argument>, <argument><expr><name>NULL</name></expr></argument>)</argument_list></call></expr>;</expr_stmt>
	<expr_stmt><expr><call><name>PGTYPESnumeric_mul</name><argument_list>(<argument><expr><name>value1</name></expr></argument>, <argument><expr><name>value2</name></expr></argument>, <argument><expr><name>res</name></expr></argument>)</argument_list></call></expr>;</expr_stmt>
	<expr_stmt><expr><call><name>PGTYPESnumeric_free</name><argument_list>(<argument><expr><name>value2</name></expr></argument>)</argument_list></call></expr>;</expr_stmt>

	<block>{<block_content> <expr_stmt><expr><call><name>ECPGdo</name><argument_list>(<argument><expr><name>__LINE__</name></expr></argument>, <argument><expr><literal type="number">0</literal></expr></argument>, <argument><expr><literal type="number">1</literal></expr></argument>, <argument><expr><name>NULL</name></expr></argument>, <argument><expr><literal type="number">0</literal></expr></argument>, <argument><expr><name>ECPGst_normal</name></expr></argument>, <argument><expr><literal type="string">"select num from test where text = 'test'"</literal></expr></argument>, <argument><expr><name>ECPGt_EOIT</name></expr></argument>, 
	<argument><expr><name>ECPGt_numeric</name></expr></argument>,<argument><expr><operator>&amp;</operator><operator>(</operator><name>des</name><operator>)</operator></expr></argument>,<argument><expr><operator>(</operator><name>long</name><operator>)</operator><literal type="number">1</literal></expr></argument>,<argument><expr><operator>(</operator><name>long</name><operator>)</operator><literal type="number">0</literal></expr></argument>,<argument><expr><sizeof>sizeof<argument_list>(<argument><expr><name>numeric</name></expr></argument>)</argument_list></sizeof></expr></argument>, 
	<argument><expr><name>ECPGt_NO_INDICATOR</name></expr></argument>, <argument><expr><name>NULL</name></expr></argument> , <argument><expr><literal type="number">0L</literal></expr></argument>, <argument><expr><literal type="number">0L</literal></expr></argument>, <argument><expr><literal type="number">0L</literal></expr></argument>, <argument><expr><name>ECPGt_EORT</name></expr></argument>)</argument_list></call></expr>;</expr_stmt>
<cpp:line>#<cpp:directive>line</cpp:directive> <cpp:number>66</cpp:number> <cpp:file>"num_test.pgc"</cpp:file></cpp:line>

<if_stmt><if>if <condition>(<expr><name><name>sqlca</name><operator>.</operator><name>sqlcode</name></name> <operator>&lt;</operator> <literal type="number">0</literal></expr>)</condition><block type="pseudo"><block_content> <expr_stmt><expr><call><name>sqlprint</name> <argument_list>( )</argument_list></call></expr>;</expr_stmt></block_content></block></if></if_stmt></block_content>}</block>
<cpp:line>#<cpp:directive>line</cpp:directive> <cpp:number>66</cpp:number> <cpp:file>"num_test.pgc"</cpp:file></cpp:line>


	<expr_stmt><expr><call><name>PGTYPESnumeric_mul</name><argument_list>(<argument><expr><name>res</name></expr></argument>, <argument><expr><name>des</name></expr></argument>, <argument><expr><name>res</name></expr></argument>)</argument_list></call></expr>;</expr_stmt>
	<expr_stmt><expr><name>text</name> <operator>=</operator> <call><name>PGTYPESnumeric_to_asc</name><argument_list>(<argument><expr><name>res</name></expr></argument>, <argument><expr><operator>-</operator><literal type="number">1</literal></expr></argument>)</argument_list></call></expr>;</expr_stmt>
	<expr_stmt><expr><call><name>printf</name><argument_list>(<argument><expr><literal type="string">"mul = %s\n"</literal></expr></argument>, <argument><expr><name>text</name></expr></argument>)</argument_list></call></expr>;</expr_stmt>
	<expr_stmt><expr><call><name>PGTYPESchar_free</name><argument_list>(<argument><expr><name>text</name></expr></argument>)</argument_list></call></expr>;</expr_stmt>
	<expr_stmt><expr><call><name>PGTYPESnumeric_free</name><argument_list>(<argument><expr><name>des</name></expr></argument>)</argument_list></call></expr>;</expr_stmt>

	<expr_stmt><expr><name>value2</name> <operator>=</operator> <call><name>PGTYPESnumeric_from_asc</name><argument_list>(<argument><expr><literal type="string">"10000"</literal></expr></argument>, <argument><expr><name>NULL</name></expr></argument>)</argument_list></call></expr>;</expr_stmt>
	<expr_stmt><expr><call><name>PGTYPESnumeric_div</name><argument_list>(<argument><expr><name>res</name></expr></argument>, <argument><expr><name>value2</name></expr></argument>, <argument><expr><name>res</name></expr></argument>)</argument_list></call></expr>;</expr_stmt>
	<expr_stmt><expr><name>text</name> <operator>=</operator> <call><name>PGTYPESnumeric_to_asc</name><argument_list>(<argument><expr><name>res</name></expr></argument>, <argument><expr><operator>-</operator><literal type="number">1</literal></expr></argument>)</argument_list></call></expr>;</expr_stmt>
	<expr_stmt><expr><call><name>PGTYPESnumeric_to_double</name><argument_list>(<argument><expr><name>res</name></expr></argument>, <argument><expr><operator>&amp;</operator><name>d</name></expr></argument>)</argument_list></call></expr>;</expr_stmt>
	<expr_stmt><expr><call><name>printf</name><argument_list>(<argument><expr><literal type="string">"div = %s %e\n"</literal></expr></argument>, <argument><expr><name>text</name></expr></argument>, <argument><expr><name>d</name></expr></argument>)</argument_list></call></expr>;</expr_stmt>

	<expr_stmt><expr><call><name>PGTYPESnumeric_free</name><argument_list>(<argument><expr><name>value1</name></expr></argument>)</argument_list></call></expr>;</expr_stmt>
	<expr_stmt><expr><call><name>PGTYPESnumeric_free</name><argument_list>(<argument><expr><name>value2</name></expr></argument>)</argument_list></call></expr>;</expr_stmt>

	<expr_stmt><expr><name>value1</name> <operator>=</operator> <call><name>PGTYPESnumeric_from_asc</name><argument_list>(<argument><expr><literal type="string">"2E7"</literal></expr></argument>, <argument><expr><name>NULL</name></expr></argument>)</argument_list></call></expr>;</expr_stmt>
	<expr_stmt><expr><name>value2</name> <operator>=</operator> <call><name>PGTYPESnumeric_from_asc</name><argument_list>(<argument><expr><literal type="string">"14"</literal></expr></argument>, <argument><expr><name>NULL</name></expr></argument>)</argument_list></call></expr>;</expr_stmt>
	<expr_stmt><expr><name>i</name> <operator>=</operator> <call><name>PGTYPESnumeric_to_long</name><argument_list>(<argument><expr><name>value1</name></expr></argument>, <argument><expr><operator>&amp;</operator><name>l1</name></expr></argument>)</argument_list></call> <operator>|</operator> <call><name>PGTYPESnumeric_to_long</name><argument_list>(<argument><expr><name>value2</name></expr></argument>, <argument><expr><operator>&amp;</operator><name>l2</name></expr></argument>)</argument_list></call></expr>;</expr_stmt>
	<expr_stmt><expr><call><name>printf</name><argument_list>(<argument><expr><literal type="string">"to long(%d) = %ld %ld\n"</literal></expr></argument>, <argument><expr><name>i</name></expr></argument>, <argument><expr><name>l1</name></expr></argument>, <argument><expr><name>l2</name></expr></argument>)</argument_list></call></expr>;</expr_stmt>

	<expr_stmt><expr><call><name>PGTYPESchar_free</name><argument_list>(<argument><expr><name>text</name></expr></argument>)</argument_list></call></expr>;</expr_stmt>
	<expr_stmt><expr><call><name>PGTYPESnumeric_free</name><argument_list>(<argument><expr><name>value1</name></expr></argument>)</argument_list></call></expr>;</expr_stmt>
	<expr_stmt><expr><call><name>PGTYPESnumeric_free</name><argument_list>(<argument><expr><name>value2</name></expr></argument>)</argument_list></call></expr>;</expr_stmt>
	<expr_stmt><expr><call><name>PGTYPESnumeric_free</name><argument_list>(<argument><expr><name>res</name></expr></argument>)</argument_list></call></expr>;</expr_stmt>

	<block>{<block_content> <expr_stmt><expr><call><name>ECPGtrans</name><argument_list>(<argument><expr><name>__LINE__</name></expr></argument>, <argument><expr><name>NULL</name></expr></argument>, <argument><expr><literal type="string">"rollback"</literal></expr></argument>)</argument_list></call></expr>;</expr_stmt>
<cpp:line>#<cpp:directive>line</cpp:directive> <cpp:number>93</cpp:number> <cpp:file>"num_test.pgc"</cpp:file></cpp:line>

<if_stmt><if>if <condition>(<expr><name><name>sqlca</name><operator>.</operator><name>sqlcode</name></name> <operator>&lt;</operator> <literal type="number">0</literal></expr>)</condition><block type="pseudo"><block_content> <expr_stmt><expr><call><name>sqlprint</name> <argument_list>( )</argument_list></call></expr>;</expr_stmt></block_content></block></if></if_stmt></block_content>}</block>
<cpp:line>#<cpp:directive>line</cpp:directive> <cpp:number>93</cpp:number> <cpp:file>"num_test.pgc"</cpp:file></cpp:line>

	<block>{<block_content> <expr_stmt><expr><call><name>ECPGdisconnect</name><argument_list>(<argument><expr><name>__LINE__</name></expr></argument>, <argument><expr><literal type="string">"CURRENT"</literal></expr></argument>)</argument_list></call></expr>;</expr_stmt>
<cpp:line>#<cpp:directive>line</cpp:directive> <cpp:number>94</cpp:number> <cpp:file>"num_test.pgc"</cpp:file></cpp:line>

<if_stmt><if>if <condition>(<expr><name><name>sqlca</name><operator>.</operator><name>sqlcode</name></name> <operator>&lt;</operator> <literal type="number">0</literal></expr>)</condition><block type="pseudo"><block_content> <expr_stmt><expr><call><name>sqlprint</name> <argument_list>( )</argument_list></call></expr>;</expr_stmt></block_content></block></if></if_stmt></block_content>}</block>
<cpp:line>#<cpp:directive>line</cpp:directive> <cpp:number>94</cpp:number> <cpp:file>"num_test.pgc"</cpp:file></cpp:line>


	<return>return <expr><literal type="number">0</literal></expr>;</return>
</block_content>}</block></function>
</unit>
