<?xml version="1.0" encoding="UTF-8" standalone="yes"?>
<unit xmlns="http://www.srcML.org/srcML/src" xmlns:cpp="http://www.srcML.org/srcML/cpp" revision="1.0.0" language="C" filename="/cloned_projects/gpdb/src/interfaces/ecpg/test/expected/connect-test2.c"><comment type="block">/* Processed by ecpg (regression mode) */</comment>
<comment type="block">/* These include files are added by the preprocessor */</comment>
<cpp:include>#<cpp:directive>include</cpp:directive> <cpp:file>&lt;ecpglib.h&gt;</cpp:file></cpp:include>
<cpp:include>#<cpp:directive>include</cpp:directive> <cpp:file>&lt;ecpgerrno.h&gt;</cpp:file></cpp:include>
<cpp:include>#<cpp:directive>include</cpp:directive> <cpp:file>&lt;sqlca.h&gt;</cpp:file></cpp:include>
<comment type="block">/* End of automatic include section */</comment>
<cpp:define>#<cpp:directive>define</cpp:directive> <cpp:macro><name>ECPGdebug</name><parameter_list>(<parameter><type><name>X</name></type></parameter>,<parameter><type><name>Y</name></type></parameter>)</parameter_list></cpp:macro> <cpp:value>ECPGdebug((X)+100,(Y))</cpp:value></cpp:define>

<cpp:line>#<cpp:directive>line</cpp:directive> <cpp:number>1</cpp:number> <cpp:file>"test2.pgc"</cpp:file></cpp:line>
<comment type="block">/*
 * this file tests multiple connections to databases and switches
 * between them.
 */</comment>

<cpp:include>#<cpp:directive>include</cpp:directive> <cpp:file>&lt;stdlib.h&gt;</cpp:file></cpp:include>
<cpp:include>#<cpp:directive>include</cpp:directive> <cpp:file>&lt;string.h&gt;</cpp:file></cpp:include>
<cpp:include>#<cpp:directive>include</cpp:directive> <cpp:file>&lt;stdlib.h&gt;</cpp:file></cpp:include>
<cpp:include>#<cpp:directive>include</cpp:directive> <cpp:file>&lt;stdio.h&gt;</cpp:file></cpp:include>


<cpp:line>#<cpp:directive>line</cpp:directive> <cpp:number>1</cpp:number> <cpp:file>"regression.h"</cpp:file></cpp:line>






<cpp:line>#<cpp:directive>line</cpp:directive> <cpp:number>11</cpp:number> <cpp:file>"test2.pgc"</cpp:file></cpp:line>


<function><type><name>int</name></type>
<name>main</name><parameter_list>(<parameter><decl><type><name>void</name></type></decl></parameter>)</parameter_list>
<block>{<block_content>
<comment type="block">/* exec sql begin declare section */</comment>
	 
	 

<cpp:line>#<cpp:directive>line</cpp:directive> <cpp:number>17</cpp:number> <cpp:file>"test2.pgc"</cpp:file></cpp:line>
 <decl_stmt><decl><type><name>char</name></type> <name><name>id</name> <index>[ <expr><literal type="number">200</literal></expr> ]</index></name></decl> ;</decl_stmt>
 
<cpp:line>#<cpp:directive>line</cpp:directive> <cpp:number>18</cpp:number> <cpp:file>"test2.pgc"</cpp:file></cpp:line>
 <decl_stmt><decl><type><name>char</name></type> <name><name>res</name> <index>[ <expr><literal type="number">200</literal></expr> ]</index></name></decl> ;</decl_stmt>
<comment type="block">/* exec sql end declare section */</comment>
<cpp:line>#<cpp:directive>line</cpp:directive> <cpp:number>19</cpp:number> <cpp:file>"test2.pgc"</cpp:file></cpp:line>


	<expr_stmt><expr><call><name>ECPGdebug</name><argument_list>(<argument><expr><literal type="number">1</literal></expr></argument>, <argument><expr><name>stderr</name></expr></argument>)</argument_list></call></expr>;</expr_stmt>

	<expr_stmt><expr><call><name>strcpy</name><argument_list>(<argument><expr><name>id</name></expr></argument>, <argument><expr><literal type="string">"first"</literal></expr></argument>)</argument_list></call></expr>;</expr_stmt>
	<block>{<block_content> <expr_stmt><expr><call><name>ECPGconnect</name><argument_list>(<argument><expr><name>__LINE__</name></expr></argument>, <argument><expr><literal type="number">0</literal></expr></argument>, <argument><expr><literal type="string">"ecpg2_regression"</literal></expr></argument> , <argument><expr><name>NULL</name></expr></argument>, <argument><expr><name>NULL</name></expr></argument> , <argument><expr><name>id</name></expr></argument>, <argument><expr><literal type="number">0</literal></expr></argument>)</argument_list></call></expr>;</expr_stmt> </block_content>}</block>
<cpp:line>#<cpp:directive>line</cpp:directive> <cpp:number>24</cpp:number> <cpp:file>"test2.pgc"</cpp:file></cpp:line>

	<block>{<block_content> <expr_stmt><expr><call><name>ECPGconnect</name><argument_list>(<argument><expr><name>__LINE__</name></expr></argument>, <argument><expr><literal type="number">0</literal></expr></argument>, <argument><expr><literal type="string">"ecpg1_regression"</literal></expr></argument> , <argument><expr><name>NULL</name></expr></argument>, <argument><expr><name>NULL</name></expr></argument> , <argument><expr><literal type="string">"second"</literal></expr></argument>, <argument><expr><literal type="number">0</literal></expr></argument>)</argument_list></call></expr>;</expr_stmt> </block_content>}</block>
<cpp:line>#<cpp:directive>line</cpp:directive> <cpp:number>25</cpp:number> <cpp:file>"test2.pgc"</cpp:file></cpp:line>


	<comment type="block">/* this selects from "second" which was opened last */</comment>
	<block>{<block_content> <expr_stmt><expr><call><name>ECPGdo</name><argument_list>(<argument><expr><name>__LINE__</name></expr></argument>, <argument><expr><literal type="number">0</literal></expr></argument>, <argument><expr><literal type="number">1</literal></expr></argument>, <argument><expr><name>NULL</name></expr></argument>, <argument><expr><literal type="number">0</literal></expr></argument>, <argument><expr><name>ECPGst_normal</name></expr></argument>, <argument><expr><literal type="string">"select current_database ( )"</literal></expr></argument>, <argument><expr><name>ECPGt_EOIT</name></expr></argument>, 
	<argument><expr><name>ECPGt_char</name></expr></argument>,<argument><expr><operator>(</operator><name>res</name><operator>)</operator></expr></argument>,<argument><expr><operator>(</operator><name>long</name><operator>)</operator><literal type="number">200</literal></expr></argument>,<argument><expr><operator>(</operator><name>long</name><operator>)</operator><literal type="number">1</literal></expr></argument>,<argument><expr><operator>(</operator><literal type="number">200</literal><operator>)</operator><operator>*</operator><sizeof>sizeof<argument_list>(<argument><expr><name>char</name></expr></argument>)</argument_list></sizeof></expr></argument>, 
	<argument><expr><name>ECPGt_NO_INDICATOR</name></expr></argument>, <argument><expr><name>NULL</name></expr></argument> , <argument><expr><literal type="number">0L</literal></expr></argument>, <argument><expr><literal type="number">0L</literal></expr></argument>, <argument><expr><literal type="number">0L</literal></expr></argument>, <argument><expr><name>ECPGt_EORT</name></expr></argument>)</argument_list></call></expr>;</expr_stmt></block_content>}</block>
<cpp:line>#<cpp:directive>line</cpp:directive> <cpp:number>28</cpp:number> <cpp:file>"test2.pgc"</cpp:file></cpp:line>

	<block>{<block_content> <expr_stmt><expr><call><name>ECPGdo</name><argument_list>(<argument><expr><name>__LINE__</name></expr></argument>, <argument><expr><literal type="number">0</literal></expr></argument>, <argument><expr><literal type="number">1</literal></expr></argument>, <argument><expr><literal type="string">"first"</literal></expr></argument>, <argument><expr><literal type="number">0</literal></expr></argument>, <argument><expr><name>ECPGst_normal</name></expr></argument>, <argument><expr><literal type="string">"select current_database ( )"</literal></expr></argument>, <argument><expr><name>ECPGt_EOIT</name></expr></argument>, 
	<argument><expr><name>ECPGt_char</name></expr></argument>,<argument><expr><operator>(</operator><name>res</name><operator>)</operator></expr></argument>,<argument><expr><operator>(</operator><name>long</name><operator>)</operator><literal type="number">200</literal></expr></argument>,<argument><expr><operator>(</operator><name>long</name><operator>)</operator><literal type="number">1</literal></expr></argument>,<argument><expr><operator>(</operator><literal type="number">200</literal><operator>)</operator><operator>*</operator><sizeof>sizeof<argument_list>(<argument><expr><name>char</name></expr></argument>)</argument_list></sizeof></expr></argument>, 
	<argument><expr><name>ECPGt_NO_INDICATOR</name></expr></argument>, <argument><expr><name>NULL</name></expr></argument> , <argument><expr><literal type="number">0L</literal></expr></argument>, <argument><expr><literal type="number">0L</literal></expr></argument>, <argument><expr><literal type="number">0L</literal></expr></argument>, <argument><expr><name>ECPGt_EORT</name></expr></argument>)</argument_list></call></expr>;</expr_stmt></block_content>}</block>
<cpp:line>#<cpp:directive>line</cpp:directive> <cpp:number>29</cpp:number> <cpp:file>"test2.pgc"</cpp:file></cpp:line>

	<block>{<block_content> <expr_stmt><expr><call><name>ECPGdo</name><argument_list>(<argument><expr><name>__LINE__</name></expr></argument>, <argument><expr><literal type="number">0</literal></expr></argument>, <argument><expr><literal type="number">1</literal></expr></argument>, <argument><expr><literal type="string">"second"</literal></expr></argument>, <argument><expr><literal type="number">0</literal></expr></argument>, <argument><expr><name>ECPGst_normal</name></expr></argument>, <argument><expr><literal type="string">"select current_database ( )"</literal></expr></argument>, <argument><expr><name>ECPGt_EOIT</name></expr></argument>, 
	<argument><expr><name>ECPGt_char</name></expr></argument>,<argument><expr><operator>(</operator><name>res</name><operator>)</operator></expr></argument>,<argument><expr><operator>(</operator><name>long</name><operator>)</operator><literal type="number">200</literal></expr></argument>,<argument><expr><operator>(</operator><name>long</name><operator>)</operator><literal type="number">1</literal></expr></argument>,<argument><expr><operator>(</operator><literal type="number">200</literal><operator>)</operator><operator>*</operator><sizeof>sizeof<argument_list>(<argument><expr><name>char</name></expr></argument>)</argument_list></sizeof></expr></argument>, 
	<argument><expr><name>ECPGt_NO_INDICATOR</name></expr></argument>, <argument><expr><name>NULL</name></expr></argument> , <argument><expr><literal type="number">0L</literal></expr></argument>, <argument><expr><literal type="number">0L</literal></expr></argument>, <argument><expr><literal type="number">0L</literal></expr></argument>, <argument><expr><name>ECPGt_EORT</name></expr></argument>)</argument_list></call></expr>;</expr_stmt></block_content>}</block>
<cpp:line>#<cpp:directive>line</cpp:directive> <cpp:number>30</cpp:number> <cpp:file>"test2.pgc"</cpp:file></cpp:line>


	<block>{<block_content> <expr_stmt><expr><call><name>ECPGsetconn</name><argument_list>(<argument><expr><name>__LINE__</name></expr></argument>, <argument><expr><literal type="string">"first"</literal></expr></argument>)</argument_list></call></expr>;</expr_stmt></block_content>}</block>
<cpp:line>#<cpp:directive>line</cpp:directive> <cpp:number>32</cpp:number> <cpp:file>"test2.pgc"</cpp:file></cpp:line>

	<block>{<block_content> <expr_stmt><expr><call><name>ECPGdo</name><argument_list>(<argument><expr><name>__LINE__</name></expr></argument>, <argument><expr><literal type="number">0</literal></expr></argument>, <argument><expr><literal type="number">1</literal></expr></argument>, <argument><expr><name>NULL</name></expr></argument>, <argument><expr><literal type="number">0</literal></expr></argument>, <argument><expr><name>ECPGst_normal</name></expr></argument>, <argument><expr><literal type="string">"select current_database ( )"</literal></expr></argument>, <argument><expr><name>ECPGt_EOIT</name></expr></argument>, 
	<argument><expr><name>ECPGt_char</name></expr></argument>,<argument><expr><operator>(</operator><name>res</name><operator>)</operator></expr></argument>,<argument><expr><operator>(</operator><name>long</name><operator>)</operator><literal type="number">200</literal></expr></argument>,<argument><expr><operator>(</operator><name>long</name><operator>)</operator><literal type="number">1</literal></expr></argument>,<argument><expr><operator>(</operator><literal type="number">200</literal><operator>)</operator><operator>*</operator><sizeof>sizeof<argument_list>(<argument><expr><name>char</name></expr></argument>)</argument_list></sizeof></expr></argument>, 
	<argument><expr><name>ECPGt_NO_INDICATOR</name></expr></argument>, <argument><expr><name>NULL</name></expr></argument> , <argument><expr><literal type="number">0L</literal></expr></argument>, <argument><expr><literal type="number">0L</literal></expr></argument>, <argument><expr><literal type="number">0L</literal></expr></argument>, <argument><expr><name>ECPGt_EORT</name></expr></argument>)</argument_list></call></expr>;</expr_stmt></block_content>}</block>
<cpp:line>#<cpp:directive>line</cpp:directive> <cpp:number>33</cpp:number> <cpp:file>"test2.pgc"</cpp:file></cpp:line>


	<comment type="block">/* this will disconnect from "first" */</comment>
	<block>{<block_content> <expr_stmt><expr><call><name>ECPGdisconnect</name><argument_list>(<argument><expr><name>__LINE__</name></expr></argument>, <argument><expr><literal type="string">"CURRENT"</literal></expr></argument>)</argument_list></call></expr>;</expr_stmt></block_content>}</block>
<cpp:line>#<cpp:directive>line</cpp:directive> <cpp:number>36</cpp:number> <cpp:file>"test2.pgc"</cpp:file></cpp:line>

	<block>{<block_content> <expr_stmt><expr><call><name>ECPGdo</name><argument_list>(<argument><expr><name>__LINE__</name></expr></argument>, <argument><expr><literal type="number">0</literal></expr></argument>, <argument><expr><literal type="number">1</literal></expr></argument>, <argument><expr><name>NULL</name></expr></argument>, <argument><expr><literal type="number">0</literal></expr></argument>, <argument><expr><name>ECPGst_normal</name></expr></argument>, <argument><expr><literal type="string">"select current_database ( )"</literal></expr></argument>, <argument><expr><name>ECPGt_EOIT</name></expr></argument>, 
	<argument><expr><name>ECPGt_char</name></expr></argument>,<argument><expr><operator>(</operator><name>res</name><operator>)</operator></expr></argument>,<argument><expr><operator>(</operator><name>long</name><operator>)</operator><literal type="number">200</literal></expr></argument>,<argument><expr><operator>(</operator><name>long</name><operator>)</operator><literal type="number">1</literal></expr></argument>,<argument><expr><operator>(</operator><literal type="number">200</literal><operator>)</operator><operator>*</operator><sizeof>sizeof<argument_list>(<argument><expr><name>char</name></expr></argument>)</argument_list></sizeof></expr></argument>, 
	<argument><expr><name>ECPGt_NO_INDICATOR</name></expr></argument>, <argument><expr><name>NULL</name></expr></argument> , <argument><expr><literal type="number">0L</literal></expr></argument>, <argument><expr><literal type="number">0L</literal></expr></argument>, <argument><expr><literal type="number">0L</literal></expr></argument>, <argument><expr><name>ECPGt_EORT</name></expr></argument>)</argument_list></call></expr>;</expr_stmt></block_content>}</block>
<cpp:line>#<cpp:directive>line</cpp:directive> <cpp:number>37</cpp:number> <cpp:file>"test2.pgc"</cpp:file></cpp:line>


	<comment type="block">/* error here since "first" is already disconnected */</comment>
	<block>{<block_content> <expr_stmt><expr><call><name>ECPGdisconnect</name><argument_list>(<argument><expr><name>__LINE__</name></expr></argument>, <argument><expr><name>id</name></expr></argument>)</argument_list></call></expr>;</expr_stmt></block_content>}</block>
<cpp:line>#<cpp:directive>line</cpp:directive> <cpp:number>40</cpp:number> <cpp:file>"test2.pgc"</cpp:file></cpp:line>


	<comment type="block">/* disconnect from "second" */</comment>
	<block>{<block_content> <expr_stmt><expr><call><name>ECPGdisconnect</name><argument_list>(<argument><expr><name>__LINE__</name></expr></argument>, <argument><expr><literal type="string">"CURRENT"</literal></expr></argument>)</argument_list></call></expr>;</expr_stmt></block_content>}</block>
<cpp:line>#<cpp:directive>line</cpp:directive> <cpp:number>43</cpp:number> <cpp:file>"test2.pgc"</cpp:file></cpp:line>


	<return>return <expr><literal type="number">0</literal></expr>;</return>
</block_content>}</block></function>
</unit>
