<?xml version="1.0" encoding="UTF-8" standalone="yes"?>
<unit xmlns="http://www.srcML.org/srcML/src" xmlns:cpp="http://www.srcML.org/srcML/cpp" revision="1.0.0" language="C" filename="/cloned_projects/gpdb/src/interfaces/ecpg/test/expected/sql-dynalloc2.c"><comment type="block">/* Processed by ecpg (regression mode) */</comment>
<comment type="block">/* These include files are added by the preprocessor */</comment>
<cpp:include>#<cpp:directive>include</cpp:directive> <cpp:file>&lt;ecpglib.h&gt;</cpp:file></cpp:include>
<cpp:include>#<cpp:directive>include</cpp:directive> <cpp:file>&lt;ecpgerrno.h&gt;</cpp:file></cpp:include>
<cpp:include>#<cpp:directive>include</cpp:directive> <cpp:file>&lt;sqlca.h&gt;</cpp:file></cpp:include>
<comment type="block">/* End of automatic include section */</comment>
<cpp:define>#<cpp:directive>define</cpp:directive> <cpp:macro><name>ECPGdebug</name><parameter_list>(<parameter><type><name>X</name></type></parameter>,<parameter><type><name>Y</name></type></parameter>)</parameter_list></cpp:macro> <cpp:value>ECPGdebug((X)+100,(Y))</cpp:value></cpp:define>

<cpp:line>#<cpp:directive>line</cpp:directive> <cpp:number>1</cpp:number> <cpp:file>"dynalloc2.pgc"</cpp:file></cpp:line>
<cpp:include>#<cpp:directive>include</cpp:directive> <cpp:file>&lt;stdio.h&gt;</cpp:file></cpp:include>

<cpp:line>#<cpp:directive>line</cpp:directive> <cpp:number>1</cpp:number> <cpp:file>"sqlca.h"</cpp:file></cpp:line>
<cpp:ifndef>#<cpp:directive>ifndef</cpp:directive> <name>POSTGRES_SQLCA_H</name></cpp:ifndef>
<cpp:define>#<cpp:directive>define</cpp:directive> <cpp:macro><name>POSTGRES_SQLCA_H</name></cpp:macro></cpp:define>

<cpp:ifndef>#<cpp:directive>ifndef</cpp:directive> <name>PGDLLIMPORT</name></cpp:ifndef>
<cpp:if>#<cpp:directive>if</cpp:directive>  <expr><call><name>defined</name><argument_list>(<argument><expr><name>WIN32</name></expr></argument>)</argument_list></call> <operator>||</operator> <call><name>defined</name><argument_list>(<argument><expr><name>__CYGWIN__</name></expr></argument>)</argument_list></call></expr></cpp:if>
<cpp:define>#<cpp:directive>define</cpp:directive> <cpp:macro><name>PGDLLIMPORT</name></cpp:macro> <cpp:value>__declspec (dllimport)</cpp:value></cpp:define>
<cpp:else>#<cpp:directive>else</cpp:directive></cpp:else>
<cpp:define>#<cpp:directive>define</cpp:directive> <cpp:macro><name>PGDLLIMPORT</name></cpp:macro></cpp:define>
<cpp:endif>#<cpp:directive>endif</cpp:directive></cpp:endif>							<comment type="block">/* __CYGWIN__ */</comment>
<cpp:endif>#<cpp:directive>endif</cpp:directive></cpp:endif>							<comment type="block">/* PGDLLIMPORT */</comment>

<cpp:define>#<cpp:directive>define</cpp:directive> <cpp:macro><name>SQLERRMC_LEN</name></cpp:macro>	<cpp:value>150</cpp:value></cpp:define>

<cpp:ifdef>#<cpp:directive>ifdef</cpp:directive> <name>__cplusplus</name></cpp:ifdef>
<extern>extern <literal type="string">"C"</literal>
<block>{<block_content>
<cpp:endif>#<cpp:directive>endif</cpp:directive></cpp:endif>

<struct>struct <name>sqlca_t</name>
<block>{
	<decl_stmt><decl><type><name>char</name></type>		<name><name>sqlcaid</name><index>[<expr><literal type="number">8</literal></expr>]</index></name></decl>;</decl_stmt>
	<decl_stmt><decl><type><name>long</name></type>		<name>sqlabc</name></decl>;</decl_stmt>
	<decl_stmt><decl><type><name>long</name></type>		<name>sqlcode</name></decl>;</decl_stmt>
	<struct>struct
	<block>{
		<decl_stmt><decl><type><name>int</name></type>			<name>sqlerrml</name></decl>;</decl_stmt>
		<decl_stmt><decl><type><name>char</name></type>		<name><name>sqlerrmc</name><index>[<expr><name>SQLERRMC_LEN</name></expr>]</index></name></decl>;</decl_stmt>
	}</block>			<decl><name>sqlerrm</name></decl>;</struct>
	<decl_stmt><decl><type><name>char</name></type>		<name><name>sqlerrp</name><index>[<expr><literal type="number">8</literal></expr>]</index></name></decl>;</decl_stmt>
	<decl_stmt><decl><type><name>long</name></type>		<name><name>sqlerrd</name><index>[<expr><literal type="number">6</literal></expr>]</index></name></decl>;</decl_stmt>
	<comment type="block">/* Element 0: empty						*/</comment>
	<comment type="block">/* 1: OID of processed tuple if applicable			*/</comment>
	<comment type="block">/* 2: number of rows processed				*/</comment>
	<comment type="block">/* after an INSERT, UPDATE or				*/</comment>
	<comment type="block">/* DELETE statement					*/</comment>
	<comment type="block">/* 3: empty						*/</comment>
	<comment type="block">/* 4: empty						*/</comment>
	<comment type="block">/* 5: empty						*/</comment>
	<decl_stmt><decl><type><name>char</name></type>		<name><name>sqlwarn</name><index>[<expr><literal type="number">8</literal></expr>]</index></name></decl>;</decl_stmt>
	<comment type="block">/* Element 0: set to 'W' if at least one other is 'W'	*/</comment>
	<comment type="block">/* 1: if 'W' at least one character string		*/</comment>
	<comment type="block">/* value was truncated when it was			*/</comment>
	<comment type="block">/* stored into a host variable.             */</comment>

	<comment type="block">/*
	 * 2: if 'W' a (hopefully) non-fatal notice occurred
	 */</comment>	<comment type="block">/* 3: empty */</comment>
	<comment type="block">/* 4: empty						*/</comment>
	<comment type="block">/* 5: empty						*/</comment>
	<comment type="block">/* 6: empty						*/</comment>
	<comment type="block">/* 7: empty						*/</comment>

	<decl_stmt><decl><type><name>char</name></type>		<name><name>sqlstate</name><index>[<expr><literal type="number">5</literal></expr>]</index></name></decl>;</decl_stmt>
}</block>;</struct>

<function_decl><type><name><name>struct</name> <name>sqlca_t</name></name> <modifier>*</modifier></type><name>ECPGget_sqlca</name><parameter_list>(<parameter><decl><type><name>void</name></type></decl></parameter>)</parameter_list>;</function_decl>

<cpp:ifndef>#<cpp:directive>ifndef</cpp:directive> <name>POSTGRES_ECPG_INTERNAL</name></cpp:ifndef>
<cpp:define>#<cpp:directive>define</cpp:directive> <cpp:macro><name>sqlca</name></cpp:macro> <cpp:value>(*ECPGget_sqlca())</cpp:value></cpp:define>
<cpp:endif>#<cpp:directive>endif</cpp:directive></cpp:endif>

<cpp:ifdef>#<cpp:directive>ifdef</cpp:directive> <name>__cplusplus</name></cpp:ifdef>
</block_content>}</block></extern>
<cpp:endif>#<cpp:directive>endif</cpp:directive></cpp:endif>

<cpp:endif>#<cpp:directive>endif</cpp:directive></cpp:endif>

<cpp:line>#<cpp:directive>line</cpp:directive> <cpp:number>2</cpp:number> <cpp:file>"dynalloc2.pgc"</cpp:file></cpp:line>

<cpp:include>#<cpp:directive>include</cpp:directive> <cpp:file>&lt;stdlib.h&gt;</cpp:file></cpp:include>

<cpp:line>#<cpp:directive>line</cpp:directive> <cpp:number>1</cpp:number> <cpp:file>"regression.h"</cpp:file></cpp:line>






<cpp:line>#<cpp:directive>line</cpp:directive> <cpp:number>4</cpp:number> <cpp:file>"dynalloc2.pgc"</cpp:file></cpp:line>


<function><type><name>int</name></type> <name>main</name><parameter_list>(<parameter><decl><type><name>void</name></type></decl></parameter>)</parameter_list>
<block>{<block_content>
   <comment type="block">/* exec sql begin declare section */</comment>
    
    
    
    
    
   
<cpp:line>#<cpp:directive>line</cpp:directive> <cpp:number>9</cpp:number> <cpp:file>"dynalloc2.pgc"</cpp:file></cpp:line>
 <decl_stmt><decl><type><name>int</name> <modifier>*</modifier></type> <name>ip1</name> <init>= <expr><literal type="number">0</literal></expr></init></decl> ;</decl_stmt>
 
<cpp:line>#<cpp:directive>line</cpp:directive> <cpp:number>10</cpp:number> <cpp:file>"dynalloc2.pgc"</cpp:file></cpp:line>
 <decl_stmt><decl><type><name>char</name> <modifier>*</modifier><modifier>*</modifier></type> <name>cp2</name> <init>= <expr><literal type="number">0</literal></expr></init></decl> ;</decl_stmt>
 
<cpp:line>#<cpp:directive>line</cpp:directive> <cpp:number>11</cpp:number> <cpp:file>"dynalloc2.pgc"</cpp:file></cpp:line>
 <decl_stmt><decl><type><name>int</name> <modifier>*</modifier></type> <name>ipointer1</name> <init>= <expr><literal type="number">0</literal></expr></init></decl> ;</decl_stmt>
 
<cpp:line>#<cpp:directive>line</cpp:directive> <cpp:number>12</cpp:number> <cpp:file>"dynalloc2.pgc"</cpp:file></cpp:line>
 <decl_stmt><decl><type><name>int</name> <modifier>*</modifier></type> <name>ipointer2</name> <init>= <expr><literal type="number">0</literal></expr></init></decl> ;</decl_stmt>
 
<cpp:line>#<cpp:directive>line</cpp:directive> <cpp:number>13</cpp:number> <cpp:file>"dynalloc2.pgc"</cpp:file></cpp:line>
 <decl_stmt><decl><type><name>int</name></type> <name>colnum</name></decl> ;</decl_stmt>
<comment type="block">/* exec sql end declare section */</comment>
<cpp:line>#<cpp:directive>line</cpp:directive> <cpp:number>14</cpp:number> <cpp:file>"dynalloc2.pgc"</cpp:file></cpp:line>

   <decl_stmt><decl><type><name>int</name></type> <name>i</name></decl>;</decl_stmt>

   <expr_stmt><expr><call><name>ECPGdebug</name><argument_list>(<argument><expr><literal type="number">1</literal></expr></argument>, <argument><expr><name>stderr</name></expr></argument>)</argument_list></call></expr>;</expr_stmt>

   <comment type="block">/* exec sql whenever sqlerror  do sqlprint ( ) ; */</comment>
<cpp:line>#<cpp:directive>line</cpp:directive> <cpp:number>19</cpp:number> <cpp:file>"dynalloc2.pgc"</cpp:file></cpp:line>

   <block>{<block_content> <expr_stmt><expr><call><name>ECPGconnect</name><argument_list>(<argument><expr><name>__LINE__</name></expr></argument>, <argument><expr><literal type="number">0</literal></expr></argument>, <argument><expr><literal type="string">"ecpg1_regression"</literal></expr></argument> , <argument><expr><name>NULL</name></expr></argument>, <argument><expr><name>NULL</name></expr></argument> , <argument><expr><name>NULL</name></expr></argument>, <argument><expr><literal type="number">0</literal></expr></argument>)</argument_list></call></expr>;</expr_stmt> 
<cpp:line>#<cpp:directive>line</cpp:directive> <cpp:number>20</cpp:number> <cpp:file>"dynalloc2.pgc"</cpp:file></cpp:line>

<if_stmt><if>if <condition>(<expr><name><name>sqlca</name><operator>.</operator><name>sqlcode</name></name> <operator>&lt;</operator> <literal type="number">0</literal></expr>)</condition><block type="pseudo"><block_content> <expr_stmt><expr><call><name>sqlprint</name> <argument_list>( )</argument_list></call></expr>;</expr_stmt></block_content></block></if></if_stmt></block_content>}</block>
<cpp:line>#<cpp:directive>line</cpp:directive> <cpp:number>20</cpp:number> <cpp:file>"dynalloc2.pgc"</cpp:file></cpp:line>


   <block>{<block_content> <expr_stmt><expr><call><name>ECPGdo</name><argument_list>(<argument><expr><name>__LINE__</name></expr></argument>, <argument><expr><literal type="number">0</literal></expr></argument>, <argument><expr><literal type="number">1</literal></expr></argument>, <argument><expr><name>NULL</name></expr></argument>, <argument><expr><literal type="number">0</literal></expr></argument>, <argument><expr><name>ECPGst_normal</name></expr></argument>, <argument><expr><literal type="string">"set datestyle to postgres"</literal></expr></argument>, <argument><expr><name>ECPGt_EOIT</name></expr></argument>, <argument><expr><name>ECPGt_EORT</name></expr></argument>)</argument_list></call></expr>;</expr_stmt>
<cpp:line>#<cpp:directive>line</cpp:directive> <cpp:number>22</cpp:number> <cpp:file>"dynalloc2.pgc"</cpp:file></cpp:line>

<if_stmt><if>if <condition>(<expr><name><name>sqlca</name><operator>.</operator><name>sqlcode</name></name> <operator>&lt;</operator> <literal type="number">0</literal></expr>)</condition><block type="pseudo"><block_content> <expr_stmt><expr><call><name>sqlprint</name> <argument_list>( )</argument_list></call></expr>;</expr_stmt></block_content></block></if></if_stmt></block_content>}</block>
<cpp:line>#<cpp:directive>line</cpp:directive> <cpp:number>22</cpp:number> <cpp:file>"dynalloc2.pgc"</cpp:file></cpp:line>


   <block>{<block_content> <expr_stmt><expr><call><name>ECPGdo</name><argument_list>(<argument><expr><name>__LINE__</name></expr></argument>, <argument><expr><literal type="number">0</literal></expr></argument>, <argument><expr><literal type="number">1</literal></expr></argument>, <argument><expr><name>NULL</name></expr></argument>, <argument><expr><literal type="number">0</literal></expr></argument>, <argument><expr><name>ECPGst_normal</name></expr></argument>, <argument><expr><literal type="string">"create table test ( a int , b text )"</literal></expr></argument>, <argument><expr><name>ECPGt_EOIT</name></expr></argument>, <argument><expr><name>ECPGt_EORT</name></expr></argument>)</argument_list></call></expr>;</expr_stmt>
<cpp:line>#<cpp:directive>line</cpp:directive> <cpp:number>24</cpp:number> <cpp:file>"dynalloc2.pgc"</cpp:file></cpp:line>

<if_stmt><if>if <condition>(<expr><name><name>sqlca</name><operator>.</operator><name>sqlcode</name></name> <operator>&lt;</operator> <literal type="number">0</literal></expr>)</condition><block type="pseudo"><block_content> <expr_stmt><expr><call><name>sqlprint</name> <argument_list>( )</argument_list></call></expr>;</expr_stmt></block_content></block></if></if_stmt></block_content>}</block>
<cpp:line>#<cpp:directive>line</cpp:directive> <cpp:number>24</cpp:number> <cpp:file>"dynalloc2.pgc"</cpp:file></cpp:line>

   <block>{<block_content> <expr_stmt><expr><call><name>ECPGdo</name><argument_list>(<argument><expr><name>__LINE__</name></expr></argument>, <argument><expr><literal type="number">0</literal></expr></argument>, <argument><expr><literal type="number">1</literal></expr></argument>, <argument><expr><name>NULL</name></expr></argument>, <argument><expr><literal type="number">0</literal></expr></argument>, <argument><expr><name>ECPGst_normal</name></expr></argument>, <argument><expr><literal type="string">"insert into test values ( 1 , 'one' )"</literal></expr></argument>, <argument><expr><name>ECPGt_EOIT</name></expr></argument>, <argument><expr><name>ECPGt_EORT</name></expr></argument>)</argument_list></call></expr>;</expr_stmt>
<cpp:line>#<cpp:directive>line</cpp:directive> <cpp:number>25</cpp:number> <cpp:file>"dynalloc2.pgc"</cpp:file></cpp:line>

<if_stmt><if>if <condition>(<expr><name><name>sqlca</name><operator>.</operator><name>sqlcode</name></name> <operator>&lt;</operator> <literal type="number">0</literal></expr>)</condition><block type="pseudo"><block_content> <expr_stmt><expr><call><name>sqlprint</name> <argument_list>( )</argument_list></call></expr>;</expr_stmt></block_content></block></if></if_stmt></block_content>}</block>
<cpp:line>#<cpp:directive>line</cpp:directive> <cpp:number>25</cpp:number> <cpp:file>"dynalloc2.pgc"</cpp:file></cpp:line>

   <block>{<block_content> <expr_stmt><expr><call><name>ECPGdo</name><argument_list>(<argument><expr><name>__LINE__</name></expr></argument>, <argument><expr><literal type="number">0</literal></expr></argument>, <argument><expr><literal type="number">1</literal></expr></argument>, <argument><expr><name>NULL</name></expr></argument>, <argument><expr><literal type="number">0</literal></expr></argument>, <argument><expr><name>ECPGst_normal</name></expr></argument>, <argument><expr><literal type="string">"insert into test values ( 2 , 'two' )"</literal></expr></argument>, <argument><expr><name>ECPGt_EOIT</name></expr></argument>, <argument><expr><name>ECPGt_EORT</name></expr></argument>)</argument_list></call></expr>;</expr_stmt>
<cpp:line>#<cpp:directive>line</cpp:directive> <cpp:number>26</cpp:number> <cpp:file>"dynalloc2.pgc"</cpp:file></cpp:line>

<if_stmt><if>if <condition>(<expr><name><name>sqlca</name><operator>.</operator><name>sqlcode</name></name> <operator>&lt;</operator> <literal type="number">0</literal></expr>)</condition><block type="pseudo"><block_content> <expr_stmt><expr><call><name>sqlprint</name> <argument_list>( )</argument_list></call></expr>;</expr_stmt></block_content></block></if></if_stmt></block_content>}</block>
<cpp:line>#<cpp:directive>line</cpp:directive> <cpp:number>26</cpp:number> <cpp:file>"dynalloc2.pgc"</cpp:file></cpp:line>

   <block>{<block_content> <expr_stmt><expr><call><name>ECPGdo</name><argument_list>(<argument><expr><name>__LINE__</name></expr></argument>, <argument><expr><literal type="number">0</literal></expr></argument>, <argument><expr><literal type="number">1</literal></expr></argument>, <argument><expr><name>NULL</name></expr></argument>, <argument><expr><literal type="number">0</literal></expr></argument>, <argument><expr><name>ECPGst_normal</name></expr></argument>, <argument><expr><literal type="string">"insert into test values ( null , 'three' )"</literal></expr></argument>, <argument><expr><name>ECPGt_EOIT</name></expr></argument>, <argument><expr><name>ECPGt_EORT</name></expr></argument>)</argument_list></call></expr>;</expr_stmt>
<cpp:line>#<cpp:directive>line</cpp:directive> <cpp:number>27</cpp:number> <cpp:file>"dynalloc2.pgc"</cpp:file></cpp:line>

<if_stmt><if>if <condition>(<expr><name><name>sqlca</name><operator>.</operator><name>sqlcode</name></name> <operator>&lt;</operator> <literal type="number">0</literal></expr>)</condition><block type="pseudo"><block_content> <expr_stmt><expr><call><name>sqlprint</name> <argument_list>( )</argument_list></call></expr>;</expr_stmt></block_content></block></if></if_stmt></block_content>}</block>
<cpp:line>#<cpp:directive>line</cpp:directive> <cpp:number>27</cpp:number> <cpp:file>"dynalloc2.pgc"</cpp:file></cpp:line>

   <block>{<block_content> <expr_stmt><expr><call><name>ECPGdo</name><argument_list>(<argument><expr><name>__LINE__</name></expr></argument>, <argument><expr><literal type="number">0</literal></expr></argument>, <argument><expr><literal type="number">1</literal></expr></argument>, <argument><expr><name>NULL</name></expr></argument>, <argument><expr><literal type="number">0</literal></expr></argument>, <argument><expr><name>ECPGst_normal</name></expr></argument>, <argument><expr><literal type="string">"insert into test values ( 4 , 'four' )"</literal></expr></argument>, <argument><expr><name>ECPGt_EOIT</name></expr></argument>, <argument><expr><name>ECPGt_EORT</name></expr></argument>)</argument_list></call></expr>;</expr_stmt>
<cpp:line>#<cpp:directive>line</cpp:directive> <cpp:number>28</cpp:number> <cpp:file>"dynalloc2.pgc"</cpp:file></cpp:line>

<if_stmt><if>if <condition>(<expr><name><name>sqlca</name><operator>.</operator><name>sqlcode</name></name> <operator>&lt;</operator> <literal type="number">0</literal></expr>)</condition><block type="pseudo"><block_content> <expr_stmt><expr><call><name>sqlprint</name> <argument_list>( )</argument_list></call></expr>;</expr_stmt></block_content></block></if></if_stmt></block_content>}</block>
<cpp:line>#<cpp:directive>line</cpp:directive> <cpp:number>28</cpp:number> <cpp:file>"dynalloc2.pgc"</cpp:file></cpp:line>

   <block>{<block_content> <expr_stmt><expr><call><name>ECPGdo</name><argument_list>(<argument><expr><name>__LINE__</name></expr></argument>, <argument><expr><literal type="number">0</literal></expr></argument>, <argument><expr><literal type="number">1</literal></expr></argument>, <argument><expr><name>NULL</name></expr></argument>, <argument><expr><literal type="number">0</literal></expr></argument>, <argument><expr><name>ECPGst_normal</name></expr></argument>, <argument><expr><literal type="string">"insert into test values ( 5 , null )"</literal></expr></argument>, <argument><expr><name>ECPGt_EOIT</name></expr></argument>, <argument><expr><name>ECPGt_EORT</name></expr></argument>)</argument_list></call></expr>;</expr_stmt>
<cpp:line>#<cpp:directive>line</cpp:directive> <cpp:number>29</cpp:number> <cpp:file>"dynalloc2.pgc"</cpp:file></cpp:line>

<if_stmt><if>if <condition>(<expr><name><name>sqlca</name><operator>.</operator><name>sqlcode</name></name> <operator>&lt;</operator> <literal type="number">0</literal></expr>)</condition><block type="pseudo"><block_content> <expr_stmt><expr><call><name>sqlprint</name> <argument_list>( )</argument_list></call></expr>;</expr_stmt></block_content></block></if></if_stmt></block_content>}</block>
<cpp:line>#<cpp:directive>line</cpp:directive> <cpp:number>29</cpp:number> <cpp:file>"dynalloc2.pgc"</cpp:file></cpp:line>

   <block>{<block_content> <expr_stmt><expr><call><name>ECPGdo</name><argument_list>(<argument><expr><name>__LINE__</name></expr></argument>, <argument><expr><literal type="number">0</literal></expr></argument>, <argument><expr><literal type="number">1</literal></expr></argument>, <argument><expr><name>NULL</name></expr></argument>, <argument><expr><literal type="number">0</literal></expr></argument>, <argument><expr><name>ECPGst_normal</name></expr></argument>, <argument><expr><literal type="string">"insert into test values ( null , null )"</literal></expr></argument>, <argument><expr><name>ECPGt_EOIT</name></expr></argument>, <argument><expr><name>ECPGt_EORT</name></expr></argument>)</argument_list></call></expr>;</expr_stmt>
<cpp:line>#<cpp:directive>line</cpp:directive> <cpp:number>30</cpp:number> <cpp:file>"dynalloc2.pgc"</cpp:file></cpp:line>

<if_stmt><if>if <condition>(<expr><name><name>sqlca</name><operator>.</operator><name>sqlcode</name></name> <operator>&lt;</operator> <literal type="number">0</literal></expr>)</condition><block type="pseudo"><block_content> <expr_stmt><expr><call><name>sqlprint</name> <argument_list>( )</argument_list></call></expr>;</expr_stmt></block_content></block></if></if_stmt></block_content>}</block>
<cpp:line>#<cpp:directive>line</cpp:directive> <cpp:number>30</cpp:number> <cpp:file>"dynalloc2.pgc"</cpp:file></cpp:line>


   <expr_stmt><expr><call><name>ECPGallocate_desc</name><argument_list>(<argument><expr><name>__LINE__</name></expr></argument>, <argument><expr><literal type="string">"mydesc"</literal></expr></argument>)</argument_list></call></expr>;</expr_stmt>
<cpp:line>#<cpp:directive>line</cpp:directive> <cpp:number>32</cpp:number> <cpp:file>"dynalloc2.pgc"</cpp:file></cpp:line>

<if_stmt><if>if <condition>(<expr><name><name>sqlca</name><operator>.</operator><name>sqlcode</name></name> <operator>&lt;</operator> <literal type="number">0</literal></expr>)</condition><block type="pseudo"><block_content> <expr_stmt><expr><call><name>sqlprint</name> <argument_list>( )</argument_list></call></expr>;</expr_stmt></block_content></block></if></if_stmt>
<cpp:line>#<cpp:directive>line</cpp:directive> <cpp:number>32</cpp:number> <cpp:file>"dynalloc2.pgc"</cpp:file></cpp:line>

   <block>{<block_content> <expr_stmt><expr><call><name>ECPGdo</name><argument_list>(<argument><expr><name>__LINE__</name></expr></argument>, <argument><expr><literal type="number">0</literal></expr></argument>, <argument><expr><literal type="number">1</literal></expr></argument>, <argument><expr><name>NULL</name></expr></argument>, <argument><expr><literal type="number">0</literal></expr></argument>, <argument><expr><name>ECPGst_normal</name></expr></argument>, <argument><expr><literal type="string">"select * from test"</literal></expr></argument>, <argument><expr><name>ECPGt_EOIT</name></expr></argument>, 
	<argument><expr><name>ECPGt_descriptor</name></expr></argument>, <argument><expr><literal type="string">"mydesc"</literal></expr></argument>, <argument><expr><literal type="number">1L</literal></expr></argument>, <argument><expr><literal type="number">1L</literal></expr></argument>, <argument><expr><literal type="number">1L</literal></expr></argument>, 
	<argument><expr><name>ECPGt_NO_INDICATOR</name></expr></argument>, <argument><expr><name>NULL</name></expr></argument> , <argument><expr><literal type="number">0L</literal></expr></argument>, <argument><expr><literal type="number">0L</literal></expr></argument>, <argument><expr><literal type="number">0L</literal></expr></argument>, <argument><expr><name>ECPGt_EORT</name></expr></argument>)</argument_list></call></expr>;</expr_stmt>
<cpp:line>#<cpp:directive>line</cpp:directive> <cpp:number>33</cpp:number> <cpp:file>"dynalloc2.pgc"</cpp:file></cpp:line>

<if_stmt><if>if <condition>(<expr><name><name>sqlca</name><operator>.</operator><name>sqlcode</name></name> <operator>&lt;</operator> <literal type="number">0</literal></expr>)</condition><block type="pseudo"><block_content> <expr_stmt><expr><call><name>sqlprint</name> <argument_list>( )</argument_list></call></expr>;</expr_stmt></block_content></block></if></if_stmt></block_content>}</block>
<cpp:line>#<cpp:directive>line</cpp:directive> <cpp:number>33</cpp:number> <cpp:file>"dynalloc2.pgc"</cpp:file></cpp:line>

   <block>{<block_content> <expr_stmt><expr><call><name>ECPGget_desc_header</name><argument_list>(<argument><expr><name>__LINE__</name></expr></argument>, <argument><expr><literal type="string">"mydesc"</literal></expr></argument>, <argument><expr><operator>&amp;</operator><operator>(</operator><name>colnum</name><operator>)</operator></expr></argument>)</argument_list></call></expr>;</expr_stmt>

<cpp:line>#<cpp:directive>line</cpp:directive> <cpp:number>34</cpp:number> <cpp:file>"dynalloc2.pgc"</cpp:file></cpp:line>

<if_stmt><if>if <condition>(<expr><name><name>sqlca</name><operator>.</operator><name>sqlcode</name></name> <operator>&lt;</operator> <literal type="number">0</literal></expr>)</condition><block type="pseudo"><block_content> <expr_stmt><expr><call><name>sqlprint</name> <argument_list>( )</argument_list></call></expr>;</expr_stmt></block_content></block></if></if_stmt></block_content>}</block>
<cpp:line>#<cpp:directive>line</cpp:directive> <cpp:number>34</cpp:number> <cpp:file>"dynalloc2.pgc"</cpp:file></cpp:line>

   <block>{<block_content> <expr_stmt><expr><call><name>ECPGget_desc</name><argument_list>(<argument><expr><name>__LINE__</name></expr></argument>, <argument><expr><literal type="string">"mydesc"</literal></expr></argument>, <argument><expr><literal type="number">1</literal></expr></argument>,<argument><expr><name>ECPGd_indicator</name></expr></argument>,
	<argument><expr><name>ECPGt_int</name></expr></argument>,<argument><expr><operator>&amp;</operator><operator>(</operator><name>ipointer1</name><operator>)</operator></expr></argument>,<argument><expr><operator>(</operator><name>long</name><operator>)</operator><literal type="number">1</literal></expr></argument>,<argument><expr><operator>(</operator><name>long</name><operator>)</operator><literal type="number">0</literal></expr></argument>,<argument><expr><sizeof>sizeof<argument_list>(<argument><expr><name>int</name></expr></argument>)</argument_list></sizeof></expr></argument>, <argument><expr><name>ECPGd_data</name></expr></argument>,
	<argument><expr><name>ECPGt_int</name></expr></argument>,<argument><expr><operator>&amp;</operator><operator>(</operator><name>ip1</name><operator>)</operator></expr></argument>,<argument><expr><operator>(</operator><name>long</name><operator>)</operator><literal type="number">1</literal></expr></argument>,<argument><expr><operator>(</operator><name>long</name><operator>)</operator><literal type="number">0</literal></expr></argument>,<argument><expr><sizeof>sizeof<argument_list>(<argument><expr><name>int</name></expr></argument>)</argument_list></sizeof></expr></argument>, <argument><expr><name>ECPGd_EODT</name></expr></argument>)</argument_list></call></expr>;</expr_stmt>

<cpp:line>#<cpp:directive>line</cpp:directive> <cpp:number>35</cpp:number> <cpp:file>"dynalloc2.pgc"</cpp:file></cpp:line>

<if_stmt><if>if <condition>(<expr><name><name>sqlca</name><operator>.</operator><name>sqlcode</name></name> <operator>&lt;</operator> <literal type="number">0</literal></expr>)</condition><block type="pseudo"><block_content> <expr_stmt><expr><call><name>sqlprint</name> <argument_list>( )</argument_list></call></expr>;</expr_stmt></block_content></block></if></if_stmt></block_content>}</block>
<cpp:line>#<cpp:directive>line</cpp:directive> <cpp:number>35</cpp:number> <cpp:file>"dynalloc2.pgc"</cpp:file></cpp:line>

   <block>{<block_content> <expr_stmt><expr><call><name>ECPGget_desc</name><argument_list>(<argument><expr><name>__LINE__</name></expr></argument>, <argument><expr><literal type="string">"mydesc"</literal></expr></argument>, <argument><expr><literal type="number">2</literal></expr></argument>,<argument><expr><name>ECPGd_indicator</name></expr></argument>,
	<argument><expr><name>ECPGt_int</name></expr></argument>,<argument><expr><operator>&amp;</operator><operator>(</operator><name>ipointer2</name><operator>)</operator></expr></argument>,<argument><expr><operator>(</operator><name>long</name><operator>)</operator><literal type="number">1</literal></expr></argument>,<argument><expr><operator>(</operator><name>long</name><operator>)</operator><literal type="number">0</literal></expr></argument>,<argument><expr><sizeof>sizeof<argument_list>(<argument><expr><name>int</name></expr></argument>)</argument_list></sizeof></expr></argument>, <argument><expr><name>ECPGd_data</name></expr></argument>,
	<argument><expr><name>ECPGt_char</name></expr></argument>,<argument><expr><operator>&amp;</operator><operator>(</operator><name>cp2</name><operator>)</operator></expr></argument>,<argument><expr><operator>(</operator><name>long</name><operator>)</operator><literal type="number">0</literal></expr></argument>,<argument><expr><operator>(</operator><name>long</name><operator>)</operator><literal type="number">0</literal></expr></argument>,<argument><expr><operator>(</operator><literal type="number">1</literal><operator>)</operator><operator>*</operator><sizeof>sizeof<argument_list>(<argument><expr><name>char</name></expr></argument>)</argument_list></sizeof></expr></argument>, <argument><expr><name>ECPGd_EODT</name></expr></argument>)</argument_list></call></expr>;</expr_stmt>

<cpp:line>#<cpp:directive>line</cpp:directive> <cpp:number>36</cpp:number> <cpp:file>"dynalloc2.pgc"</cpp:file></cpp:line>

<if_stmt><if>if <condition>(<expr><name><name>sqlca</name><operator>.</operator><name>sqlcode</name></name> <operator>&lt;</operator> <literal type="number">0</literal></expr>)</condition><block type="pseudo"><block_content> <expr_stmt><expr><call><name>sqlprint</name> <argument_list>( )</argument_list></call></expr>;</expr_stmt></block_content></block></if></if_stmt></block_content>}</block>
<cpp:line>#<cpp:directive>line</cpp:directive> <cpp:number>36</cpp:number> <cpp:file>"dynalloc2.pgc"</cpp:file></cpp:line>


   <expr_stmt><expr><call><name>printf</name><argument_list>(<argument><expr><literal type="string">"Result (%d columns):\n"</literal></expr></argument>, <argument><expr><name>colnum</name></expr></argument>)</argument_list></call></expr>;</expr_stmt>
   <for>for <control>(<init><expr><name>i</name><operator>=</operator><literal type="number">0</literal></expr>;</init><condition><expr><name>i</name> <operator>&lt;</operator> <name><name>sqlca</name><operator>.</operator><name>sqlerrd</name><index>[<expr><literal type="number">2</literal></expr>]</index></name></expr>;</condition><incr><expr><operator>++</operator><name>i</name></expr></incr>)</control>
   <block>{<block_content>
      <if_stmt><if>if <condition>(<expr><name><name>ipointer1</name><index>[<expr><name>i</name></expr>]</index></name></expr>)</condition><block type="pseudo"><block_content> <expr_stmt><expr><call><name>printf</name><argument_list>(<argument><expr><literal type="string">"NULL, "</literal></expr></argument>)</argument_list></call></expr>;</expr_stmt></block_content></block></if>
      <else>else<block type="pseudo"><block_content> <expr_stmt><expr><call><name>printf</name><argument_list>(<argument><expr><literal type="string">"%d, "</literal></expr></argument>,<argument><expr><name><name>ip1</name><index>[<expr><name>i</name></expr>]</index></name></expr></argument>)</argument_list></call></expr>;</expr_stmt></block_content></block></else></if_stmt>

      <if_stmt><if>if <condition>(<expr><name><name>ipointer2</name><index>[<expr><name>i</name></expr>]</index></name></expr>)</condition><block type="pseudo"><block_content> <expr_stmt><expr><call><name>printf</name><argument_list>(<argument><expr><literal type="string">"NULL, "</literal></expr></argument>)</argument_list></call></expr>;</expr_stmt></block_content></block></if>
      <else>else<block type="pseudo"><block_content> <expr_stmt><expr><call><name>printf</name><argument_list>(<argument><expr><literal type="string">"'%s', "</literal></expr></argument>,<argument><expr><name><name>cp2</name><index>[<expr><name>i</name></expr>]</index></name></expr></argument>)</argument_list></call></expr>;</expr_stmt></block_content></block></else></if_stmt>
      <expr_stmt><expr><call><name>printf</name><argument_list>(<argument><expr><literal type="string">"\n"</literal></expr></argument>)</argument_list></call></expr>;</expr_stmt>
   </block_content>}</block></for>
   <expr_stmt><expr><call><name>ECPGfree_auto_mem</name><argument_list>()</argument_list></call></expr>;</expr_stmt>
   <expr_stmt><expr><call><name>printf</name><argument_list>(<argument><expr><literal type="string">"\n"</literal></expr></argument>)</argument_list></call></expr>;</expr_stmt>

   <expr_stmt><expr><call><name>ECPGdeallocate_desc</name><argument_list>(<argument><expr><name>__LINE__</name></expr></argument>, <argument><expr><literal type="string">"mydesc"</literal></expr></argument>)</argument_list></call></expr>;</expr_stmt>
<cpp:line>#<cpp:directive>line</cpp:directive> <cpp:number>51</cpp:number> <cpp:file>"dynalloc2.pgc"</cpp:file></cpp:line>

<if_stmt><if>if <condition>(<expr><name><name>sqlca</name><operator>.</operator><name>sqlcode</name></name> <operator>&lt;</operator> <literal type="number">0</literal></expr>)</condition><block type="pseudo"><block_content> <expr_stmt><expr><call><name>sqlprint</name> <argument_list>( )</argument_list></call></expr>;</expr_stmt></block_content></block></if></if_stmt>
<cpp:line>#<cpp:directive>line</cpp:directive> <cpp:number>51</cpp:number> <cpp:file>"dynalloc2.pgc"</cpp:file></cpp:line>

   <block>{<block_content> <expr_stmt><expr><call><name>ECPGtrans</name><argument_list>(<argument><expr><name>__LINE__</name></expr></argument>, <argument><expr><name>NULL</name></expr></argument>, <argument><expr><literal type="string">"rollback"</literal></expr></argument>)</argument_list></call></expr>;</expr_stmt>
<cpp:line>#<cpp:directive>line</cpp:directive> <cpp:number>52</cpp:number> <cpp:file>"dynalloc2.pgc"</cpp:file></cpp:line>

<if_stmt><if>if <condition>(<expr><name><name>sqlca</name><operator>.</operator><name>sqlcode</name></name> <operator>&lt;</operator> <literal type="number">0</literal></expr>)</condition><block type="pseudo"><block_content> <expr_stmt><expr><call><name>sqlprint</name> <argument_list>( )</argument_list></call></expr>;</expr_stmt></block_content></block></if></if_stmt></block_content>}</block>
<cpp:line>#<cpp:directive>line</cpp:directive> <cpp:number>52</cpp:number> <cpp:file>"dynalloc2.pgc"</cpp:file></cpp:line>

   <block>{<block_content> <expr_stmt><expr><call><name>ECPGdisconnect</name><argument_list>(<argument><expr><name>__LINE__</name></expr></argument>, <argument><expr><literal type="string">"CURRENT"</literal></expr></argument>)</argument_list></call></expr>;</expr_stmt>
<cpp:line>#<cpp:directive>line</cpp:directive> <cpp:number>53</cpp:number> <cpp:file>"dynalloc2.pgc"</cpp:file></cpp:line>

<if_stmt><if>if <condition>(<expr><name><name>sqlca</name><operator>.</operator><name>sqlcode</name></name> <operator>&lt;</operator> <literal type="number">0</literal></expr>)</condition><block type="pseudo"><block_content> <expr_stmt><expr><call><name>sqlprint</name> <argument_list>( )</argument_list></call></expr>;</expr_stmt></block_content></block></if></if_stmt></block_content>}</block>
<cpp:line>#<cpp:directive>line</cpp:directive> <cpp:number>53</cpp:number> <cpp:file>"dynalloc2.pgc"</cpp:file></cpp:line>

   <return>return <expr><literal type="number">0</literal></expr>;</return>
</block_content>}</block></function>
</unit>
