<?xml version="1.0" encoding="UTF-8" standalone="yes"?>
<unit xmlns="http://www.srcML.org/srcML/src" xmlns:cpp="http://www.srcML.org/srcML/cpp" revision="1.0.0" language="C" filename="/cloned_projects/yugabyte-db/src/postgres/src/interfaces/ecpg/test/expected/preproc-whenever_do_continue.c"><comment type="block">/* Processed by ecpg (regression mode) */</comment>
<comment type="block">/* These include files are added by the preprocessor */</comment>
<cpp:include>#<cpp:directive>include</cpp:directive> <cpp:file>&lt;ecpglib.h&gt;</cpp:file></cpp:include>
<cpp:include>#<cpp:directive>include</cpp:directive> <cpp:file>&lt;ecpgerrno.h&gt;</cpp:file></cpp:include>
<cpp:include>#<cpp:directive>include</cpp:directive> <cpp:file>&lt;sqlca.h&gt;</cpp:file></cpp:include>
<comment type="block">/* End of automatic include section */</comment>
<cpp:define>#<cpp:directive>define</cpp:directive> <cpp:macro><name>ECPGdebug</name><parameter_list>(<parameter><type><name>X</name></type></parameter>,<parameter><type><name>Y</name></type></parameter>)</parameter_list></cpp:macro> <cpp:value>ECPGdebug((X)+100,(Y))</cpp:value></cpp:define>

<cpp:line>#<cpp:directive>line</cpp:directive> <cpp:number>1</cpp:number> <cpp:file>"whenever_do_continue.pgc"</cpp:file></cpp:line>
<cpp:include>#<cpp:directive>include</cpp:directive> <cpp:file>&lt;stdlib.h&gt;</cpp:file></cpp:include>


<cpp:line>#<cpp:directive>line</cpp:directive> <cpp:number>1</cpp:number> <cpp:file>"regression.h"</cpp:file></cpp:line>






<cpp:line>#<cpp:directive>line</cpp:directive> <cpp:number>3</cpp:number> <cpp:file>"whenever_do_continue.pgc"</cpp:file></cpp:line>


<comment type="block">/* exec sql whenever sqlerror  sqlprint ; */</comment>
<cpp:line>#<cpp:directive>line</cpp:directive> <cpp:number>5</cpp:number> <cpp:file>"whenever_do_continue.pgc"</cpp:file></cpp:line>


<function><type><name>int</name></type> <name>main</name><parameter_list>(<parameter><decl><type><name>void</name></type></decl></parameter>)</parameter_list>
<block>{<block_content>
	<comment type="block">/* exec sql begin declare section */</comment>
	
	
		 
		 
		 
	 
	 
	 
	
<cpp:line>#<cpp:directive>line</cpp:directive> <cpp:number>15</cpp:number> <cpp:file>"whenever_do_continue.pgc"</cpp:file></cpp:line>
 <struct>struct <block>{ 
<cpp:line>#<cpp:directive>line</cpp:directive> <cpp:number>12</cpp:number> <cpp:file>"whenever_do_continue.pgc"</cpp:file></cpp:line>
 <decl_stmt><decl><type><name>char</name></type> <name><name>ename</name> <index>[ <expr><literal type="number">12</literal></expr> ]</index></name></decl> ;</decl_stmt>
 
<cpp:line>#<cpp:directive>line</cpp:directive> <cpp:number>13</cpp:number> <cpp:file>"whenever_do_continue.pgc"</cpp:file></cpp:line>
 <decl_stmt><decl><type><name>float</name></type> <name>sal</name></decl> ;</decl_stmt>
 
<cpp:line>#<cpp:directive>line</cpp:directive> <cpp:number>14</cpp:number> <cpp:file>"whenever_do_continue.pgc"</cpp:file></cpp:line>
 <decl_stmt><decl><type><name>float</name></type> <name>comm</name></decl> ;</decl_stmt>
 }</block> <decl><name>emp</name></decl> ;</struct>
 
<cpp:line>#<cpp:directive>line</cpp:directive> <cpp:number>16</cpp:number> <cpp:file>"whenever_do_continue.pgc"</cpp:file></cpp:line>
 <decl_stmt><decl><type><name>int</name></type> <name>loopcount</name></decl> ;</decl_stmt>
 
<cpp:line>#<cpp:directive>line</cpp:directive> <cpp:number>17</cpp:number> <cpp:file>"whenever_do_continue.pgc"</cpp:file></cpp:line>
 <decl_stmt><decl><type><name>char</name></type> <name><name>msg</name> <index>[ <expr><literal type="number">128</literal></expr> ]</index></name></decl> ;</decl_stmt>
<comment type="block">/* exec sql end declare section */</comment>
<cpp:line>#<cpp:directive>line</cpp:directive> <cpp:number>18</cpp:number> <cpp:file>"whenever_do_continue.pgc"</cpp:file></cpp:line>


	<expr_stmt><expr><call><name>ECPGdebug</name><argument_list>(<argument><expr><literal type="number">1</literal></expr></argument>, <argument><expr><name>stderr</name></expr></argument>)</argument_list></call></expr>;</expr_stmt>

	<expr_stmt><expr><call><name>strcpy</name><argument_list>(<argument><expr><name>msg</name></expr></argument>, <argument><expr><literal type="string">"connect"</literal></expr></argument>)</argument_list></call></expr>;</expr_stmt>
	<block>{<block_content> <expr_stmt><expr><call><name>ECPGconnect</name><argument_list>(<argument><expr><name>__LINE__</name></expr></argument>, <argument><expr><literal type="number">0</literal></expr></argument>, <argument><expr><literal type="string">"ecpg1_regression"</literal></expr></argument> , <argument><expr><name>NULL</name></expr></argument>, <argument><expr><name>NULL</name></expr></argument> , <argument><expr><name>NULL</name></expr></argument>, <argument><expr><literal type="number">0</literal></expr></argument>)</argument_list></call></expr>;</expr_stmt> 
<cpp:line>#<cpp:directive>line</cpp:directive> <cpp:number>23</cpp:number> <cpp:file>"whenever_do_continue.pgc"</cpp:file></cpp:line>

<if_stmt><if>if <condition>(<expr><name><name>sqlca</name><operator>.</operator><name>sqlcode</name></name> <operator>&lt;</operator> <literal type="number">0</literal></expr>)</condition><block type="pseudo"><block_content> <expr_stmt><expr><call><name>sqlprint</name><argument_list>()</argument_list></call></expr>;</expr_stmt></block_content></block></if></if_stmt></block_content>}</block>
<cpp:line>#<cpp:directive>line</cpp:directive> <cpp:number>23</cpp:number> <cpp:file>"whenever_do_continue.pgc"</cpp:file></cpp:line>


	<expr_stmt><expr><call><name>strcpy</name><argument_list>(<argument><expr><name>msg</name></expr></argument>, <argument><expr><literal type="string">"create"</literal></expr></argument>)</argument_list></call></expr>;</expr_stmt>
	<block>{<block_content> <expr_stmt><expr><call><name>ECPGdo</name><argument_list>(<argument><expr><name>__LINE__</name></expr></argument>, <argument><expr><literal type="number">0</literal></expr></argument>, <argument><expr><literal type="number">1</literal></expr></argument>, <argument><expr><name>NULL</name></expr></argument>, <argument><expr><literal type="number">0</literal></expr></argument>, <argument><expr><name>ECPGst_normal</name></expr></argument>, <argument><expr><literal type="string">"create table emp ( ename varchar , sal double precision , comm double precision )"</literal></expr></argument>, <argument><expr><name>ECPGt_EOIT</name></expr></argument>, <argument><expr><name>ECPGt_EORT</name></expr></argument>)</argument_list></call></expr>;</expr_stmt>
<cpp:line>#<cpp:directive>line</cpp:directive> <cpp:number>26</cpp:number> <cpp:file>"whenever_do_continue.pgc"</cpp:file></cpp:line>

<if_stmt><if>if <condition>(<expr><name><name>sqlca</name><operator>.</operator><name>sqlcode</name></name> <operator>&lt;</operator> <literal type="number">0</literal></expr>)</condition><block type="pseudo"><block_content> <expr_stmt><expr><call><name>sqlprint</name><argument_list>()</argument_list></call></expr>;</expr_stmt></block_content></block></if></if_stmt></block_content>}</block>
<cpp:line>#<cpp:directive>line</cpp:directive> <cpp:number>26</cpp:number> <cpp:file>"whenever_do_continue.pgc"</cpp:file></cpp:line>


	<expr_stmt><expr><call><name>strcpy</name><argument_list>(<argument><expr><name>msg</name></expr></argument>, <argument><expr><literal type="string">"insert"</literal></expr></argument>)</argument_list></call></expr>;</expr_stmt>
	<block>{<block_content> <expr_stmt><expr><call><name>ECPGdo</name><argument_list>(<argument><expr><name>__LINE__</name></expr></argument>, <argument><expr><literal type="number">0</literal></expr></argument>, <argument><expr><literal type="number">1</literal></expr></argument>, <argument><expr><name>NULL</name></expr></argument>, <argument><expr><literal type="number">0</literal></expr></argument>, <argument><expr><name>ECPGst_normal</name></expr></argument>, <argument><expr><literal type="string">"insert into emp values ( 'Ram' , 111100 , 21 )"</literal></expr></argument>, <argument><expr><name>ECPGt_EOIT</name></expr></argument>, <argument><expr><name>ECPGt_EORT</name></expr></argument>)</argument_list></call></expr>;</expr_stmt>
<cpp:line>#<cpp:directive>line</cpp:directive> <cpp:number>29</cpp:number> <cpp:file>"whenever_do_continue.pgc"</cpp:file></cpp:line>

<if_stmt><if>if <condition>(<expr><name><name>sqlca</name><operator>.</operator><name>sqlcode</name></name> <operator>&lt;</operator> <literal type="number">0</literal></expr>)</condition><block type="pseudo"><block_content> <expr_stmt><expr><call><name>sqlprint</name><argument_list>()</argument_list></call></expr>;</expr_stmt></block_content></block></if></if_stmt></block_content>}</block>
<cpp:line>#<cpp:directive>line</cpp:directive> <cpp:number>29</cpp:number> <cpp:file>"whenever_do_continue.pgc"</cpp:file></cpp:line>

	<block>{<block_content> <expr_stmt><expr><call><name>ECPGdo</name><argument_list>(<argument><expr><name>__LINE__</name></expr></argument>, <argument><expr><literal type="number">0</literal></expr></argument>, <argument><expr><literal type="number">1</literal></expr></argument>, <argument><expr><name>NULL</name></expr></argument>, <argument><expr><literal type="number">0</literal></expr></argument>, <argument><expr><name>ECPGst_normal</name></expr></argument>, <argument><expr><literal type="string">"insert into emp values ( 'aryan' , 11110 , null )"</literal></expr></argument>, <argument><expr><name>ECPGt_EOIT</name></expr></argument>, <argument><expr><name>ECPGt_EORT</name></expr></argument>)</argument_list></call></expr>;</expr_stmt>
<cpp:line>#<cpp:directive>line</cpp:directive> <cpp:number>30</cpp:number> <cpp:file>"whenever_do_continue.pgc"</cpp:file></cpp:line>

<if_stmt><if>if <condition>(<expr><name><name>sqlca</name><operator>.</operator><name>sqlcode</name></name> <operator>&lt;</operator> <literal type="number">0</literal></expr>)</condition><block type="pseudo"><block_content> <expr_stmt><expr><call><name>sqlprint</name><argument_list>()</argument_list></call></expr>;</expr_stmt></block_content></block></if></if_stmt></block_content>}</block>
<cpp:line>#<cpp:directive>line</cpp:directive> <cpp:number>30</cpp:number> <cpp:file>"whenever_do_continue.pgc"</cpp:file></cpp:line>

	<block>{<block_content> <expr_stmt><expr><call><name>ECPGdo</name><argument_list>(<argument><expr><name>__LINE__</name></expr></argument>, <argument><expr><literal type="number">0</literal></expr></argument>, <argument><expr><literal type="number">1</literal></expr></argument>, <argument><expr><name>NULL</name></expr></argument>, <argument><expr><literal type="number">0</literal></expr></argument>, <argument><expr><name>ECPGst_normal</name></expr></argument>, <argument><expr><literal type="string">"insert into emp values ( 'josh' , 10000 , 10 )"</literal></expr></argument>, <argument><expr><name>ECPGt_EOIT</name></expr></argument>, <argument><expr><name>ECPGt_EORT</name></expr></argument>)</argument_list></call></expr>;</expr_stmt>
<cpp:line>#<cpp:directive>line</cpp:directive> <cpp:number>31</cpp:number> <cpp:file>"whenever_do_continue.pgc"</cpp:file></cpp:line>

<if_stmt><if>if <condition>(<expr><name><name>sqlca</name><operator>.</operator><name>sqlcode</name></name> <operator>&lt;</operator> <literal type="number">0</literal></expr>)</condition><block type="pseudo"><block_content> <expr_stmt><expr><call><name>sqlprint</name><argument_list>()</argument_list></call></expr>;</expr_stmt></block_content></block></if></if_stmt></block_content>}</block>
<cpp:line>#<cpp:directive>line</cpp:directive> <cpp:number>31</cpp:number> <cpp:file>"whenever_do_continue.pgc"</cpp:file></cpp:line>

	<block>{<block_content> <expr_stmt><expr><call><name>ECPGdo</name><argument_list>(<argument><expr><name>__LINE__</name></expr></argument>, <argument><expr><literal type="number">0</literal></expr></argument>, <argument><expr><literal type="number">1</literal></expr></argument>, <argument><expr><name>NULL</name></expr></argument>, <argument><expr><literal type="number">0</literal></expr></argument>, <argument><expr><name>ECPGst_normal</name></expr></argument>, <argument><expr><literal type="string">"insert into emp values ( 'tom' , 20000 , null )"</literal></expr></argument>, <argument><expr><name>ECPGt_EOIT</name></expr></argument>, <argument><expr><name>ECPGt_EORT</name></expr></argument>)</argument_list></call></expr>;</expr_stmt>
<cpp:line>#<cpp:directive>line</cpp:directive> <cpp:number>32</cpp:number> <cpp:file>"whenever_do_continue.pgc"</cpp:file></cpp:line>

<if_stmt><if>if <condition>(<expr><name><name>sqlca</name><operator>.</operator><name>sqlcode</name></name> <operator>&lt;</operator> <literal type="number">0</literal></expr>)</condition><block type="pseudo"><block_content> <expr_stmt><expr><call><name>sqlprint</name><argument_list>()</argument_list></call></expr>;</expr_stmt></block_content></block></if></if_stmt></block_content>}</block>
<cpp:line>#<cpp:directive>line</cpp:directive> <cpp:number>32</cpp:number> <cpp:file>"whenever_do_continue.pgc"</cpp:file></cpp:line>


	<comment type="block">/* declare c cursor for select ename , sal , comm from emp order by ename collate \"C\" asc */</comment>
<cpp:line>#<cpp:directive>line</cpp:directive> <cpp:number>34</cpp:number> <cpp:file>"whenever_do_continue.pgc"</cpp:file></cpp:line>


	<block>{<block_content> <expr_stmt><expr><call><name>ECPGdo</name><argument_list>(<argument><expr><name>__LINE__</name></expr></argument>, <argument><expr><literal type="number">0</literal></expr></argument>, <argument><expr><literal type="number">1</literal></expr></argument>, <argument><expr><name>NULL</name></expr></argument>, <argument><expr><literal type="number">0</literal></expr></argument>, <argument><expr><name>ECPGst_normal</name></expr></argument>, <argument><expr><literal type="string">"declare c cursor for select ename , sal , comm from emp order by ename collate \"C\" asc"</literal></expr></argument>, <argument><expr><name>ECPGt_EOIT</name></expr></argument>, <argument><expr><name>ECPGt_EORT</name></expr></argument>)</argument_list></call></expr>;</expr_stmt>
<cpp:line>#<cpp:directive>line</cpp:directive> <cpp:number>36</cpp:number> <cpp:file>"whenever_do_continue.pgc"</cpp:file></cpp:line>

<if_stmt><if>if <condition>(<expr><name><name>sqlca</name><operator>.</operator><name>sqlcode</name></name> <operator>&lt;</operator> <literal type="number">0</literal></expr>)</condition><block type="pseudo"><block_content> <expr_stmt><expr><call><name>sqlprint</name><argument_list>()</argument_list></call></expr>;</expr_stmt></block_content></block></if></if_stmt></block_content>}</block>
<cpp:line>#<cpp:directive>line</cpp:directive> <cpp:number>36</cpp:number> <cpp:file>"whenever_do_continue.pgc"</cpp:file></cpp:line>


	<comment type="block">/* The 'BREAK' condition to exit the loop. */</comment>
	<comment type="block">/* exec sql whenever not found  break ; */</comment>
<cpp:line>#<cpp:directive>line</cpp:directive> <cpp:number>39</cpp:number> <cpp:file>"whenever_do_continue.pgc"</cpp:file></cpp:line>


	<comment type="block">/* The DO CONTINUE makes the loop start at the next iteration when an error occurs.*/</comment>
	<comment type="block">/* exec sql whenever sqlerror  continue ; */</comment>
<cpp:line>#<cpp:directive>line</cpp:directive> <cpp:number>42</cpp:number> <cpp:file>"whenever_do_continue.pgc"</cpp:file></cpp:line>


	<for>for <control>(<init><expr><name>loopcount</name> <operator>=</operator> <literal type="number">0</literal></expr>;</init> <condition><expr><name>loopcount</name> <operator>&lt;</operator> <literal type="number">100</literal></expr>;</condition> <incr><expr><name>loopcount</name><operator>++</operator></expr></incr>)</control>
	<block>{<block_content>
		<block>{<block_content> <expr_stmt><expr><call><name>ECPGdo</name><argument_list>(<argument><expr><name>__LINE__</name></expr></argument>, <argument><expr><literal type="number">0</literal></expr></argument>, <argument><expr><literal type="number">1</literal></expr></argument>, <argument><expr><name>NULL</name></expr></argument>, <argument><expr><literal type="number">0</literal></expr></argument>, <argument><expr><name>ECPGst_normal</name></expr></argument>, <argument><expr><literal type="string">"fetch c"</literal></expr></argument>, <argument><expr><name>ECPGt_EOIT</name></expr></argument>, 
	<argument><expr><name>ECPGt_char</name></expr></argument>,<argument><expr><operator>&amp;</operator><operator>(</operator><name><name>emp</name><operator>.</operator><name>ename</name></name><operator>)</operator></expr></argument>,<argument><expr><operator>(</operator><name>long</name><operator>)</operator><literal type="number">12</literal></expr></argument>,<argument><expr><operator>(</operator><name>long</name><operator>)</operator><literal type="number">1</literal></expr></argument>,<argument><expr><operator>(</operator><literal type="number">12</literal><operator>)</operator><operator>*</operator><sizeof>sizeof<argument_list>(<argument><expr><name>char</name></expr></argument>)</argument_list></sizeof></expr></argument>, 
	<argument><expr><name>ECPGt_NO_INDICATOR</name></expr></argument>, <argument><expr><name>NULL</name></expr></argument> , <argument><expr><literal type="number">0L</literal></expr></argument>, <argument><expr><literal type="number">0L</literal></expr></argument>, <argument><expr><literal type="number">0L</literal></expr></argument>, 
	<argument><expr><name>ECPGt_float</name></expr></argument>,<argument><expr><operator>&amp;</operator><operator>(</operator><name><name>emp</name><operator>.</operator><name>sal</name></name><operator>)</operator></expr></argument>,<argument><expr><operator>(</operator><name>long</name><operator>)</operator><literal type="number">1</literal></expr></argument>,<argument><expr><operator>(</operator><name>long</name><operator>)</operator><literal type="number">1</literal></expr></argument>,<argument><expr><sizeof>sizeof<argument_list>(<argument><expr><name>float</name></expr></argument>)</argument_list></sizeof></expr></argument>, 
	<argument><expr><name>ECPGt_NO_INDICATOR</name></expr></argument>, <argument><expr><name>NULL</name></expr></argument> , <argument><expr><literal type="number">0L</literal></expr></argument>, <argument><expr><literal type="number">0L</literal></expr></argument>, <argument><expr><literal type="number">0L</literal></expr></argument>, 
	<argument><expr><name>ECPGt_float</name></expr></argument>,<argument><expr><operator>&amp;</operator><operator>(</operator><name><name>emp</name><operator>.</operator><name>comm</name></name><operator>)</operator></expr></argument>,<argument><expr><operator>(</operator><name>long</name><operator>)</operator><literal type="number">1</literal></expr></argument>,<argument><expr><operator>(</operator><name>long</name><operator>)</operator><literal type="number">1</literal></expr></argument>,<argument><expr><sizeof>sizeof<argument_list>(<argument><expr><name>float</name></expr></argument>)</argument_list></sizeof></expr></argument>, 
	<argument><expr><name>ECPGt_NO_INDICATOR</name></expr></argument>, <argument><expr><name>NULL</name></expr></argument> , <argument><expr><literal type="number">0L</literal></expr></argument>, <argument><expr><literal type="number">0L</literal></expr></argument>, <argument><expr><literal type="number">0L</literal></expr></argument>, <argument><expr><name>ECPGt_EORT</name></expr></argument>)</argument_list></call></expr>;</expr_stmt>
<cpp:line>#<cpp:directive>line</cpp:directive> <cpp:number>46</cpp:number> <cpp:file>"whenever_do_continue.pgc"</cpp:file></cpp:line>

<if_stmt><if>if <condition>(<expr><name><name>sqlca</name><operator>.</operator><name>sqlcode</name></name> <operator>==</operator> <name>ECPG_NOT_FOUND</name></expr>)</condition><block type="pseudo"><block_content> <break>break;</break></block_content></block></if></if_stmt>
<cpp:line>#<cpp:directive>line</cpp:directive> <cpp:number>46</cpp:number> <cpp:file>"whenever_do_continue.pgc"</cpp:file></cpp:line>

<if_stmt><if>if <condition>(<expr><name><name>sqlca</name><operator>.</operator><name>sqlcode</name></name> <operator>&lt;</operator> <literal type="number">0</literal></expr>)</condition><block type="pseudo"><block_content> <continue>continue;</continue></block_content></block></if></if_stmt></block_content>}</block>
<cpp:line>#<cpp:directive>line</cpp:directive> <cpp:number>46</cpp:number> <cpp:file>"whenever_do_continue.pgc"</cpp:file></cpp:line>

		<comment type="block">/* The employees with non-NULL commissions will be displayed. */</comment>
		<expr_stmt><expr><call><name>printf</name><argument_list>(<argument><expr><literal type="string">"%s %7.2f %9.2f\n"</literal></expr></argument>, <argument><expr><name><name>emp</name><operator>.</operator><name>ename</name></name></expr></argument>, <argument><expr><name><name>emp</name><operator>.</operator><name>sal</name></name></expr></argument>, <argument><expr><name><name>emp</name><operator>.</operator><name>comm</name></name></expr></argument>)</argument_list></call></expr>;</expr_stmt>
	</block_content>}</block></for>

	<comment type="block">/*
	 * This 'CONTINUE' shuts off the 'DO CONTINUE' and allow the program to
	 * proceed if any further errors do occur.
	 */</comment>
	<comment type="block">/* exec sql whenever sqlerror  continue ; */</comment>
<cpp:line>#<cpp:directive>line</cpp:directive> <cpp:number>55</cpp:number> <cpp:file>"whenever_do_continue.pgc"</cpp:file></cpp:line>


	<block>{<block_content> <expr_stmt><expr><call><name>ECPGdo</name><argument_list>(<argument><expr><name>__LINE__</name></expr></argument>, <argument><expr><literal type="number">0</literal></expr></argument>, <argument><expr><literal type="number">1</literal></expr></argument>, <argument><expr><name>NULL</name></expr></argument>, <argument><expr><literal type="number">0</literal></expr></argument>, <argument><expr><name>ECPGst_normal</name></expr></argument>, <argument><expr><literal type="string">"close c"</literal></expr></argument>, <argument><expr><name>ECPGt_EOIT</name></expr></argument>, <argument><expr><name>ECPGt_EORT</name></expr></argument>)</argument_list></call></expr>;</expr_stmt></block_content>}</block>
<cpp:line>#<cpp:directive>line</cpp:directive> <cpp:number>57</cpp:number> <cpp:file>"whenever_do_continue.pgc"</cpp:file></cpp:line>


	<expr_stmt><expr><call><name>strcpy</name><argument_list>(<argument><expr><name>msg</name></expr></argument>, <argument><expr><literal type="string">"drop"</literal></expr></argument>)</argument_list></call></expr>;</expr_stmt>
	<block>{<block_content> <expr_stmt><expr><call><name>ECPGdo</name><argument_list>(<argument><expr><name>__LINE__</name></expr></argument>, <argument><expr><literal type="number">0</literal></expr></argument>, <argument><expr><literal type="number">1</literal></expr></argument>, <argument><expr><name>NULL</name></expr></argument>, <argument><expr><literal type="number">0</literal></expr></argument>, <argument><expr><name>ECPGst_normal</name></expr></argument>, <argument><expr><literal type="string">"drop table emp"</literal></expr></argument>, <argument><expr><name>ECPGt_EOIT</name></expr></argument>, <argument><expr><name>ECPGt_EORT</name></expr></argument>)</argument_list></call></expr>;</expr_stmt></block_content>}</block>
<cpp:line>#<cpp:directive>line</cpp:directive> <cpp:number>60</cpp:number> <cpp:file>"whenever_do_continue.pgc"</cpp:file></cpp:line>


	<expr_stmt><expr><call><name>exit</name><argument_list>(<argument><expr><literal type="number">0</literal></expr></argument>)</argument_list></call></expr>;</expr_stmt>
</block_content>}</block></function>
</unit>
