<?xml version="1.0" encoding="UTF-8" standalone="yes"?>
<unit xmlns="http://www.srcML.org/srcML/src" xmlns:cpp="http://www.srcML.org/srcML/cpp" revision="1.0.0" language="C" filename="/cloned_projects/yugabyte-db/src/postgres/src/interfaces/ecpg/test/expected/sql-twophase.c"><comment type="block">/* Processed by ecpg (regression mode) */</comment>
<comment type="block">/* These include files are added by the preprocessor */</comment>
<cpp:include>#<cpp:directive>include</cpp:directive> <cpp:file>&lt;ecpglib.h&gt;</cpp:file></cpp:include>
<cpp:include>#<cpp:directive>include</cpp:directive> <cpp:file>&lt;ecpgerrno.h&gt;</cpp:file></cpp:include>
<cpp:include>#<cpp:directive>include</cpp:directive> <cpp:file>&lt;sqlca.h&gt;</cpp:file></cpp:include>
<comment type="block">/* End of automatic include section */</comment>
<cpp:define>#<cpp:directive>define</cpp:directive> <cpp:macro><name>ECPGdebug</name><parameter_list>(<parameter><type><name>X</name></type></parameter>,<parameter><type><name>Y</name></type></parameter>)</parameter_list></cpp:macro> <cpp:value>ECPGdebug((X)+100,(Y))</cpp:value></cpp:define>

<cpp:line>#<cpp:directive>line</cpp:directive> <cpp:number>1</cpp:number> <cpp:file>"twophase.pgc"</cpp:file></cpp:line>
<cpp:include>#<cpp:directive>include</cpp:directive> <cpp:file>&lt;stdio.h&gt;</cpp:file></cpp:include>
<cpp:include>#<cpp:directive>include</cpp:directive> <cpp:file>&lt;stdlib.h&gt;</cpp:file></cpp:include>
<cpp:include>#<cpp:directive>include</cpp:directive> <cpp:file>&lt;string.h&gt;</cpp:file></cpp:include>


<cpp:line>#<cpp:directive>line</cpp:directive> <cpp:number>1</cpp:number> <cpp:file>"regression.h"</cpp:file></cpp:line>






<cpp:line>#<cpp:directive>line</cpp:directive> <cpp:number>5</cpp:number> <cpp:file>"twophase.pgc"</cpp:file></cpp:line>


<comment type="block">/* exec sql whenever sqlerror  sqlprint ; */</comment>
<cpp:line>#<cpp:directive>line</cpp:directive> <cpp:number>7</cpp:number> <cpp:file>"twophase.pgc"</cpp:file></cpp:line>


<function><type><name>int</name></type> <name>main</name><parameter_list>(<parameter><decl><type><name>void</name></type></decl></parameter>)</parameter_list>
<block>{<block_content>
	<decl_stmt><decl><type><name>char</name></type> <name><name>msg</name><index>[<expr><literal type="number">128</literal></expr>]</index></name></decl>;</decl_stmt>

	<expr_stmt><expr><call><name>ECPGdebug</name><argument_list>(<argument><expr><literal type="number">1</literal></expr></argument>, <argument><expr><name>stderr</name></expr></argument>)</argument_list></call></expr>;</expr_stmt>

	<expr_stmt><expr><call><name>strcpy</name><argument_list>(<argument><expr><name>msg</name></expr></argument>, <argument><expr><literal type="string">"connect"</literal></expr></argument>)</argument_list></call></expr>;</expr_stmt>
	<block>{<block_content> <expr_stmt><expr><call><name>ECPGconnect</name><argument_list>(<argument><expr><name>__LINE__</name></expr></argument>, <argument><expr><literal type="number">0</literal></expr></argument>, <argument><expr><literal type="string">"ecpg1_regression"</literal></expr></argument> , <argument><expr><name>NULL</name></expr></argument>, <argument><expr><name>NULL</name></expr></argument> , <argument><expr><name>NULL</name></expr></argument>, <argument><expr><literal type="number">0</literal></expr></argument>)</argument_list></call></expr>;</expr_stmt> 
<cpp:line>#<cpp:directive>line</cpp:directive> <cpp:number>16</cpp:number> <cpp:file>"twophase.pgc"</cpp:file></cpp:line>

<if_stmt><if>if <condition>(<expr><name><name>sqlca</name><operator>.</operator><name>sqlcode</name></name> <operator>&lt;</operator> <literal type="number">0</literal></expr>)</condition><block type="pseudo"><block_content> <expr_stmt><expr><call><name>sqlprint</name><argument_list>()</argument_list></call></expr>;</expr_stmt></block_content></block></if></if_stmt></block_content>}</block>
<cpp:line>#<cpp:directive>line</cpp:directive> <cpp:number>16</cpp:number> <cpp:file>"twophase.pgc"</cpp:file></cpp:line>

	<block>{<block_content> <expr_stmt><expr><call><name>ECPGsetcommit</name><argument_list>(<argument><expr><name>__LINE__</name></expr></argument>, <argument><expr><literal type="string">"off"</literal></expr></argument>, <argument><expr><name>NULL</name></expr></argument>)</argument_list></call></expr>;</expr_stmt>
<cpp:line>#<cpp:directive>line</cpp:directive> <cpp:number>17</cpp:number> <cpp:file>"twophase.pgc"</cpp:file></cpp:line>

<if_stmt><if>if <condition>(<expr><name><name>sqlca</name><operator>.</operator><name>sqlcode</name></name> <operator>&lt;</operator> <literal type="number">0</literal></expr>)</condition><block type="pseudo"><block_content> <expr_stmt><expr><call><name>sqlprint</name><argument_list>()</argument_list></call></expr>;</expr_stmt></block_content></block></if></if_stmt></block_content>}</block>
<cpp:line>#<cpp:directive>line</cpp:directive> <cpp:number>17</cpp:number> <cpp:file>"twophase.pgc"</cpp:file></cpp:line>


	<expr_stmt><expr><call><name>strcpy</name><argument_list>(<argument><expr><name>msg</name></expr></argument>, <argument><expr><literal type="string">"create"</literal></expr></argument>)</argument_list></call></expr>;</expr_stmt>
	<block>{<block_content> <expr_stmt><expr><call><name>ECPGdo</name><argument_list>(<argument><expr><name>__LINE__</name></expr></argument>, <argument><expr><literal type="number">0</literal></expr></argument>, <argument><expr><literal type="number">1</literal></expr></argument>, <argument><expr><name>NULL</name></expr></argument>, <argument><expr><literal type="number">0</literal></expr></argument>, <argument><expr><name>ECPGst_normal</name></expr></argument>, <argument><expr><literal type="string">"create table t1 ( c int )"</literal></expr></argument>, <argument><expr><name>ECPGt_EOIT</name></expr></argument>, <argument><expr><name>ECPGt_EORT</name></expr></argument>)</argument_list></call></expr>;</expr_stmt>
<cpp:line>#<cpp:directive>line</cpp:directive> <cpp:number>20</cpp:number> <cpp:file>"twophase.pgc"</cpp:file></cpp:line>

<if_stmt><if>if <condition>(<expr><name><name>sqlca</name><operator>.</operator><name>sqlcode</name></name> <operator>&lt;</operator> <literal type="number">0</literal></expr>)</condition><block type="pseudo"><block_content> <expr_stmt><expr><call><name>sqlprint</name><argument_list>()</argument_list></call></expr>;</expr_stmt></block_content></block></if></if_stmt></block_content>}</block>
<cpp:line>#<cpp:directive>line</cpp:directive> <cpp:number>20</cpp:number> <cpp:file>"twophase.pgc"</cpp:file></cpp:line>


	<expr_stmt><expr><call><name>strcpy</name><argument_list>(<argument><expr><name>msg</name></expr></argument>, <argument><expr><literal type="string">"commit"</literal></expr></argument>)</argument_list></call></expr>;</expr_stmt>
	<block>{<block_content> <expr_stmt><expr><call><name>ECPGtrans</name><argument_list>(<argument><expr><name>__LINE__</name></expr></argument>, <argument><expr><name>NULL</name></expr></argument>, <argument><expr><literal type="string">"commit"</literal></expr></argument>)</argument_list></call></expr>;</expr_stmt>
<cpp:line>#<cpp:directive>line</cpp:directive> <cpp:number>23</cpp:number> <cpp:file>"twophase.pgc"</cpp:file></cpp:line>

<if_stmt><if>if <condition>(<expr><name><name>sqlca</name><operator>.</operator><name>sqlcode</name></name> <operator>&lt;</operator> <literal type="number">0</literal></expr>)</condition><block type="pseudo"><block_content> <expr_stmt><expr><call><name>sqlprint</name><argument_list>()</argument_list></call></expr>;</expr_stmt></block_content></block></if></if_stmt></block_content>}</block>
<cpp:line>#<cpp:directive>line</cpp:directive> <cpp:number>23</cpp:number> <cpp:file>"twophase.pgc"</cpp:file></cpp:line>


	<expr_stmt><expr><call><name>strcpy</name><argument_list>(<argument><expr><name>msg</name></expr></argument>, <argument><expr><literal type="string">"begin"</literal></expr></argument>)</argument_list></call></expr>;</expr_stmt>
	<block>{<block_content> <expr_stmt><expr><call><name>ECPGtrans</name><argument_list>(<argument><expr><name>__LINE__</name></expr></argument>, <argument><expr><name>NULL</name></expr></argument>, <argument><expr><literal type="string">"begin"</literal></expr></argument>)</argument_list></call></expr>;</expr_stmt>
<cpp:line>#<cpp:directive>line</cpp:directive> <cpp:number>26</cpp:number> <cpp:file>"twophase.pgc"</cpp:file></cpp:line>

<if_stmt><if>if <condition>(<expr><name><name>sqlca</name><operator>.</operator><name>sqlcode</name></name> <operator>&lt;</operator> <literal type="number">0</literal></expr>)</condition><block type="pseudo"><block_content> <expr_stmt><expr><call><name>sqlprint</name><argument_list>()</argument_list></call></expr>;</expr_stmt></block_content></block></if></if_stmt></block_content>}</block>
<cpp:line>#<cpp:directive>line</cpp:directive> <cpp:number>26</cpp:number> <cpp:file>"twophase.pgc"</cpp:file></cpp:line>


	<expr_stmt><expr><call><name>strcpy</name><argument_list>(<argument><expr><name>msg</name></expr></argument>, <argument><expr><literal type="string">"insert"</literal></expr></argument>)</argument_list></call></expr>;</expr_stmt>
	<block>{<block_content> <expr_stmt><expr><call><name>ECPGdo</name><argument_list>(<argument><expr><name>__LINE__</name></expr></argument>, <argument><expr><literal type="number">0</literal></expr></argument>, <argument><expr><literal type="number">1</literal></expr></argument>, <argument><expr><name>NULL</name></expr></argument>, <argument><expr><literal type="number">0</literal></expr></argument>, <argument><expr><name>ECPGst_normal</name></expr></argument>, <argument><expr><literal type="string">"insert into t1 values ( 1 )"</literal></expr></argument>, <argument><expr><name>ECPGt_EOIT</name></expr></argument>, <argument><expr><name>ECPGt_EORT</name></expr></argument>)</argument_list></call></expr>;</expr_stmt>
<cpp:line>#<cpp:directive>line</cpp:directive> <cpp:number>29</cpp:number> <cpp:file>"twophase.pgc"</cpp:file></cpp:line>

<if_stmt><if>if <condition>(<expr><name><name>sqlca</name><operator>.</operator><name>sqlcode</name></name> <operator>&lt;</operator> <literal type="number">0</literal></expr>)</condition><block type="pseudo"><block_content> <expr_stmt><expr><call><name>sqlprint</name><argument_list>()</argument_list></call></expr>;</expr_stmt></block_content></block></if></if_stmt></block_content>}</block>
<cpp:line>#<cpp:directive>line</cpp:directive> <cpp:number>29</cpp:number> <cpp:file>"twophase.pgc"</cpp:file></cpp:line>


	<expr_stmt><expr><call><name>strcpy</name><argument_list>(<argument><expr><name>msg</name></expr></argument>, <argument><expr><literal type="string">"prepare transaction"</literal></expr></argument>)</argument_list></call></expr>;</expr_stmt>
	<block>{<block_content> <expr_stmt><expr><call><name>ECPGtrans</name><argument_list>(<argument><expr><name>__LINE__</name></expr></argument>, <argument><expr><name>NULL</name></expr></argument>, <argument><expr><literal type="string">"prepare transaction 'gxid'"</literal></expr></argument>)</argument_list></call></expr>;</expr_stmt>
<cpp:line>#<cpp:directive>line</cpp:directive> <cpp:number>32</cpp:number> <cpp:file>"twophase.pgc"</cpp:file></cpp:line>

<if_stmt><if>if <condition>(<expr><name><name>sqlca</name><operator>.</operator><name>sqlcode</name></name> <operator>&lt;</operator> <literal type="number">0</literal></expr>)</condition><block type="pseudo"><block_content> <expr_stmt><expr><call><name>sqlprint</name><argument_list>()</argument_list></call></expr>;</expr_stmt></block_content></block></if></if_stmt></block_content>}</block>
<cpp:line>#<cpp:directive>line</cpp:directive> <cpp:number>32</cpp:number> <cpp:file>"twophase.pgc"</cpp:file></cpp:line>


	<expr_stmt><expr><call><name>strcpy</name><argument_list>(<argument><expr><name>msg</name></expr></argument>, <argument><expr><literal type="string">"commit prepared"</literal></expr></argument>)</argument_list></call></expr>;</expr_stmt>
	<block>{<block_content> <expr_stmt><expr><call><name>ECPGtrans</name><argument_list>(<argument><expr><name>__LINE__</name></expr></argument>, <argument><expr><name>NULL</name></expr></argument>, <argument><expr><literal type="string">"commit prepared 'gxid'"</literal></expr></argument>)</argument_list></call></expr>;</expr_stmt>
<cpp:line>#<cpp:directive>line</cpp:directive> <cpp:number>35</cpp:number> <cpp:file>"twophase.pgc"</cpp:file></cpp:line>

<if_stmt><if>if <condition>(<expr><name><name>sqlca</name><operator>.</operator><name>sqlcode</name></name> <operator>&lt;</operator> <literal type="number">0</literal></expr>)</condition><block type="pseudo"><block_content> <expr_stmt><expr><call><name>sqlprint</name><argument_list>()</argument_list></call></expr>;</expr_stmt></block_content></block></if></if_stmt></block_content>}</block>
<cpp:line>#<cpp:directive>line</cpp:directive> <cpp:number>35</cpp:number> <cpp:file>"twophase.pgc"</cpp:file></cpp:line>


	<expr_stmt><expr><call><name>strcpy</name><argument_list>(<argument><expr><name>msg</name></expr></argument>, <argument><expr><literal type="string">"drop"</literal></expr></argument>)</argument_list></call></expr>;</expr_stmt>
	<block>{<block_content> <expr_stmt><expr><call><name>ECPGdo</name><argument_list>(<argument><expr><name>__LINE__</name></expr></argument>, <argument><expr><literal type="number">0</literal></expr></argument>, <argument><expr><literal type="number">1</literal></expr></argument>, <argument><expr><name>NULL</name></expr></argument>, <argument><expr><literal type="number">0</literal></expr></argument>, <argument><expr><name>ECPGst_normal</name></expr></argument>, <argument><expr><literal type="string">"drop table t1"</literal></expr></argument>, <argument><expr><name>ECPGt_EOIT</name></expr></argument>, <argument><expr><name>ECPGt_EORT</name></expr></argument>)</argument_list></call></expr>;</expr_stmt>
<cpp:line>#<cpp:directive>line</cpp:directive> <cpp:number>38</cpp:number> <cpp:file>"twophase.pgc"</cpp:file></cpp:line>

<if_stmt><if>if <condition>(<expr><name><name>sqlca</name><operator>.</operator><name>sqlcode</name></name> <operator>&lt;</operator> <literal type="number">0</literal></expr>)</condition><block type="pseudo"><block_content> <expr_stmt><expr><call><name>sqlprint</name><argument_list>()</argument_list></call></expr>;</expr_stmt></block_content></block></if></if_stmt></block_content>}</block>
<cpp:line>#<cpp:directive>line</cpp:directive> <cpp:number>38</cpp:number> <cpp:file>"twophase.pgc"</cpp:file></cpp:line>


	<expr_stmt><expr><call><name>strcpy</name><argument_list>(<argument><expr><name>msg</name></expr></argument>, <argument><expr><literal type="string">"disconnect"</literal></expr></argument>)</argument_list></call></expr>;</expr_stmt>
	<block>{<block_content> <expr_stmt><expr><call><name>ECPGdisconnect</name><argument_list>(<argument><expr><name>__LINE__</name></expr></argument>, <argument><expr><literal type="string">"CURRENT"</literal></expr></argument>)</argument_list></call></expr>;</expr_stmt>
<cpp:line>#<cpp:directive>line</cpp:directive> <cpp:number>41</cpp:number> <cpp:file>"twophase.pgc"</cpp:file></cpp:line>

<if_stmt><if>if <condition>(<expr><name><name>sqlca</name><operator>.</operator><name>sqlcode</name></name> <operator>&lt;</operator> <literal type="number">0</literal></expr>)</condition><block type="pseudo"><block_content> <expr_stmt><expr><call><name>sqlprint</name><argument_list>()</argument_list></call></expr>;</expr_stmt></block_content></block></if></if_stmt></block_content>}</block>
<cpp:line>#<cpp:directive>line</cpp:directive> <cpp:number>41</cpp:number> <cpp:file>"twophase.pgc"</cpp:file></cpp:line>


	<return>return <expr><literal type="number">0</literal></expr>;</return>
</block_content>}</block></function>
</unit>
