<?xml version="1.0" encoding="UTF-8" standalone="yes"?>
<unit xmlns="http://www.srcML.org/srcML/src" xmlns:cpp="http://www.srcML.org/srcML/cpp" revision="1.0.0" language="C" filename="/cloned_projects/agensgraph/src/interfaces/ecpg/test/expected/preproc-define.c"><comment type="block">/* Processed by ecpg (regression mode) */</comment>
<comment type="block">/* These include files are added by the preprocessor */</comment>
<cpp:include>#<cpp:directive>include</cpp:directive> <cpp:file>&lt;ecpglib.h&gt;</cpp:file></cpp:include>
<cpp:include>#<cpp:directive>include</cpp:directive> <cpp:file>&lt;ecpgerrno.h&gt;</cpp:file></cpp:include>
<cpp:include>#<cpp:directive>include</cpp:directive> <cpp:file>&lt;sqlca.h&gt;</cpp:file></cpp:include>
<comment type="block">/* End of automatic include section */</comment>
<cpp:define>#<cpp:directive>define</cpp:directive> <cpp:macro><name>ECPGdebug</name><parameter_list>(<parameter><type><name>X</name></type></parameter>,<parameter><type><name>Y</name></type></parameter>)</parameter_list></cpp:macro> <cpp:value>ECPGdebug((X)+100,(Y))</cpp:value></cpp:define>

<cpp:line>#<cpp:directive>line</cpp:directive> <cpp:number>1</cpp:number> <cpp:file>"define.pgc"</cpp:file></cpp:line>
<cpp:include>#<cpp:directive>include</cpp:directive> <cpp:file>&lt;stdlib.h&gt;</cpp:file></cpp:include>
<cpp:include>#<cpp:directive>include</cpp:directive> <cpp:file>&lt;string.h&gt;</cpp:file></cpp:include>
<cpp:include>#<cpp:directive>include</cpp:directive> <cpp:file>&lt;stdlib.h&gt;</cpp:file></cpp:include>
<cpp:include>#<cpp:directive>include</cpp:directive> <cpp:file>&lt;stdio.h&gt;</cpp:file></cpp:include>


<cpp:line>#<cpp:directive>line</cpp:directive> <cpp:number>1</cpp:number> <cpp:file>"regression.h"</cpp:file></cpp:line>






<cpp:line>#<cpp:directive>line</cpp:directive> <cpp:number>6</cpp:number> <cpp:file>"define.pgc"</cpp:file></cpp:line>


<comment type="block">/* exec sql whenever sqlerror  sqlprint ; */</comment>
<cpp:line>#<cpp:directive>line</cpp:directive> <cpp:number>8</cpp:number> <cpp:file>"define.pgc"</cpp:file></cpp:line>





<comment type="block">/* exec sql type intarray is int [ 6 ] */</comment>
<cpp:line>#<cpp:directive>line</cpp:directive> <cpp:number>13</cpp:number> <cpp:file>"define.pgc"</cpp:file></cpp:line>

<typedef>typedef <type><name>int</name></type> <name><name>intarray</name><index>[ <expr><literal type="number">6</literal></expr>]</index></name>;</typedef>

<function><type><name>int</name></type>
<name>main</name><parameter_list>(<parameter><decl><type><name>void</name></type></decl></parameter>)</parameter_list>
<block>{<block_content>
<comment type="block">/* exec sql begin declare section */</comment>


	   <typedef>typedef <type><name>char</name></type>  <name><name>string</name> <index>[ <expr><literal type="number">8</literal></expr> ]</index></name>;</typedef>

<cpp:line>#<cpp:directive>line</cpp:directive> <cpp:number>22</cpp:number> <cpp:file>"define.pgc"</cpp:file></cpp:line>

	 
	   

	   

	    



	   

  
	   
  
	  	   

	   



<cpp:line>#<cpp:directive>line</cpp:directive> <cpp:number>23</cpp:number> <cpp:file>"define.pgc"</cpp:file></cpp:line>
 <decl_stmt><decl><type><name>intarray</name></type> <name>amount</name></decl> ;</decl_stmt>
 
<cpp:line>#<cpp:directive>line</cpp:directive> <cpp:number>24</cpp:number> <cpp:file>"define.pgc"</cpp:file></cpp:line>
 <decl_stmt><decl><type><name>char</name></type> <name><name>name</name> <index>[ <expr><literal type="number">6</literal></expr> ]</index> <index>[ <expr><literal type="number">8</literal></expr> ]</index></name></decl> ;</decl_stmt>
 
<cpp:line>#<cpp:directive>line</cpp:directive> <cpp:number>37</cpp:number> <cpp:file>"define.pgc"</cpp:file></cpp:line>
 <decl_stmt><decl><type><name>char</name></type> <name><name>letter</name> <index>[ <expr><literal type="number">6</literal></expr> ]</index> <index>[ <expr><literal type="number">1</literal></expr> ]</index></name></decl> ;</decl_stmt>
 
<cpp:if>#<cpp:directive>if</cpp:directive> <expr><literal type="number">0</literal></expr></cpp:if>
 
<cpp:line>#<cpp:directive>line</cpp:directive> <cpp:number>39</cpp:number> <cpp:file>"define.pgc"</cpp:file></cpp:line>
 int not_used ;
 
<cpp:endif>#<cpp:directive>endif</cpp:directive></cpp:endif>
<comment type="block">/* exec sql end declare section */</comment>
<cpp:line>#<cpp:directive>line</cpp:directive> <cpp:number>46</cpp:number> <cpp:file>"define.pgc"</cpp:file></cpp:line>

	<decl_stmt><decl><type><name>int</name></type> <name>i</name></decl>,<decl><type ref="prev"/><name>j</name></decl>;</decl_stmt>

	<expr_stmt><expr><call><name>ECPGdebug</name><argument_list>(<argument><expr><literal type="number">1</literal></expr></argument>, <argument><expr><name>stderr</name></expr></argument>)</argument_list></call></expr>;</expr_stmt>

	<block>{<block_content> <expr_stmt><expr><call><name>ECPGconnect</name><argument_list>(<argument><expr><name>__LINE__</name></expr></argument>, <argument><expr><literal type="number">0</literal></expr></argument>, <argument><expr><literal type="string">"ecpg1_regression"</literal></expr></argument> , <argument><expr><name>NULL</name></expr></argument>, <argument><expr><name>NULL</name></expr></argument> , <argument><expr><name>NULL</name></expr></argument>, <argument><expr><literal type="number">0</literal></expr></argument>)</argument_list></call></expr>;</expr_stmt> 
<cpp:line>#<cpp:directive>line</cpp:directive> <cpp:number>51</cpp:number> <cpp:file>"define.pgc"</cpp:file></cpp:line>

<if_stmt><if>if <condition>(<expr><name><name>sqlca</name><operator>.</operator><name>sqlcode</name></name> <operator>&lt;</operator> <literal type="number">0</literal></expr>)</condition><block type="pseudo"><block_content> <expr_stmt><expr><call><name>sqlprint</name><argument_list>()</argument_list></call></expr>;</expr_stmt></block_content></block></if></if_stmt></block_content>}</block>
<cpp:line>#<cpp:directive>line</cpp:directive> <cpp:number>51</cpp:number> <cpp:file>"define.pgc"</cpp:file></cpp:line>


	<block>{<block_content> <expr_stmt><expr><call><name>ECPGdo</name><argument_list>(<argument><expr><name>__LINE__</name></expr></argument>, <argument><expr><literal type="number">0</literal></expr></argument>, <argument><expr><literal type="number">1</literal></expr></argument>, <argument><expr><name>NULL</name></expr></argument>, <argument><expr><literal type="number">0</literal></expr></argument>, <argument><expr><name>ECPGst_normal</name></expr></argument>, <argument><expr><literal type="string">"create table test ( name char ( 8 ) , amount int , letter char ( 1 ) )"</literal></expr></argument>, <argument><expr><name>ECPGt_EOIT</name></expr></argument>, <argument><expr><name>ECPGt_EORT</name></expr></argument>)</argument_list></call></expr>;</expr_stmt>
<cpp:line>#<cpp:directive>line</cpp:directive> <cpp:number>53</cpp:number> <cpp:file>"define.pgc"</cpp:file></cpp:line>

<if_stmt><if>if <condition>(<expr><name><name>sqlca</name><operator>.</operator><name>sqlcode</name></name> <operator>&lt;</operator> <literal type="number">0</literal></expr>)</condition><block type="pseudo"><block_content> <expr_stmt><expr><call><name>sqlprint</name><argument_list>()</argument_list></call></expr>;</expr_stmt></block_content></block></if></if_stmt></block_content>}</block>
<cpp:line>#<cpp:directive>line</cpp:directive> <cpp:number>53</cpp:number> <cpp:file>"define.pgc"</cpp:file></cpp:line>

	<block>{<block_content> <expr_stmt><expr><call><name>ECPGtrans</name><argument_list>(<argument><expr><name>__LINE__</name></expr></argument>, <argument><expr><name>NULL</name></expr></argument>, <argument><expr><literal type="string">"commit"</literal></expr></argument>)</argument_list></call></expr>;</expr_stmt>
<cpp:line>#<cpp:directive>line</cpp:directive> <cpp:number>54</cpp:number> <cpp:file>"define.pgc"</cpp:file></cpp:line>

<if_stmt><if>if <condition>(<expr><name><name>sqlca</name><operator>.</operator><name>sqlcode</name></name> <operator>&lt;</operator> <literal type="number">0</literal></expr>)</condition><block type="pseudo"><block_content> <expr_stmt><expr><call><name>sqlprint</name><argument_list>()</argument_list></call></expr>;</expr_stmt></block_content></block></if></if_stmt></block_content>}</block>
<cpp:line>#<cpp:directive>line</cpp:directive> <cpp:number>54</cpp:number> <cpp:file>"define.pgc"</cpp:file></cpp:line>


	<block>{<block_content> <expr_stmt><expr><call><name>ECPGdo</name><argument_list>(<argument><expr><name>__LINE__</name></expr></argument>, <argument><expr><literal type="number">0</literal></expr></argument>, <argument><expr><literal type="number">1</literal></expr></argument>, <argument><expr><name>NULL</name></expr></argument>, <argument><expr><literal type="number">0</literal></expr></argument>, <argument><expr><name>ECPGst_normal</name></expr></argument>, <argument><expr><literal type="string">"insert into Test ( name , amount , letter ) values ( 'false' , 1 , 'f' )"</literal></expr></argument>, <argument><expr><name>ECPGt_EOIT</name></expr></argument>, <argument><expr><name>ECPGt_EORT</name></expr></argument>)</argument_list></call></expr>;</expr_stmt>
<cpp:line>#<cpp:directive>line</cpp:directive> <cpp:number>56</cpp:number> <cpp:file>"define.pgc"</cpp:file></cpp:line>

<if_stmt><if>if <condition>(<expr><name><name>sqlca</name><operator>.</operator><name>sqlcode</name></name> <operator>&lt;</operator> <literal type="number">0</literal></expr>)</condition><block type="pseudo"><block_content> <expr_stmt><expr><call><name>sqlprint</name><argument_list>()</argument_list></call></expr>;</expr_stmt></block_content></block></if></if_stmt></block_content>}</block>
<cpp:line>#<cpp:directive>line</cpp:directive> <cpp:number>56</cpp:number> <cpp:file>"define.pgc"</cpp:file></cpp:line>

	<block>{<block_content> <expr_stmt><expr><call><name>ECPGdo</name><argument_list>(<argument><expr><name>__LINE__</name></expr></argument>, <argument><expr><literal type="number">0</literal></expr></argument>, <argument><expr><literal type="number">1</literal></expr></argument>, <argument><expr><name>NULL</name></expr></argument>, <argument><expr><literal type="number">0</literal></expr></argument>, <argument><expr><name>ECPGst_normal</name></expr></argument>, <argument><expr><literal type="string">"insert into test ( name , amount , letter ) values ( 'true' , 2 , 't' )"</literal></expr></argument>, <argument><expr><name>ECPGt_EOIT</name></expr></argument>, <argument><expr><name>ECPGt_EORT</name></expr></argument>)</argument_list></call></expr>;</expr_stmt>
<cpp:line>#<cpp:directive>line</cpp:directive> <cpp:number>57</cpp:number> <cpp:file>"define.pgc"</cpp:file></cpp:line>

<if_stmt><if>if <condition>(<expr><name><name>sqlca</name><operator>.</operator><name>sqlcode</name></name> <operator>&lt;</operator> <literal type="number">0</literal></expr>)</condition><block type="pseudo"><block_content> <expr_stmt><expr><call><name>sqlprint</name><argument_list>()</argument_list></call></expr>;</expr_stmt></block_content></block></if></if_stmt></block_content>}</block>
<cpp:line>#<cpp:directive>line</cpp:directive> <cpp:number>57</cpp:number> <cpp:file>"define.pgc"</cpp:file></cpp:line>

	<block>{<block_content> <expr_stmt><expr><call><name>ECPGtrans</name><argument_list>(<argument><expr><name>__LINE__</name></expr></argument>, <argument><expr><name>NULL</name></expr></argument>, <argument><expr><literal type="string">"commit"</literal></expr></argument>)</argument_list></call></expr>;</expr_stmt>
<cpp:line>#<cpp:directive>line</cpp:directive> <cpp:number>58</cpp:number> <cpp:file>"define.pgc"</cpp:file></cpp:line>

<if_stmt><if>if <condition>(<expr><name><name>sqlca</name><operator>.</operator><name>sqlcode</name></name> <operator>&lt;</operator> <literal type="number">0</literal></expr>)</condition><block type="pseudo"><block_content> <expr_stmt><expr><call><name>sqlprint</name><argument_list>()</argument_list></call></expr>;</expr_stmt></block_content></block></if></if_stmt></block_content>}</block>
<cpp:line>#<cpp:directive>line</cpp:directive> <cpp:number>58</cpp:number> <cpp:file>"define.pgc"</cpp:file></cpp:line>


	<block>{<block_content> <expr_stmt><expr><call><name>ECPGdo</name><argument_list>(<argument><expr><name>__LINE__</name></expr></argument>, <argument><expr><literal type="number">0</literal></expr></argument>, <argument><expr><literal type="number">1</literal></expr></argument>, <argument><expr><name>NULL</name></expr></argument>, <argument><expr><literal type="number">0</literal></expr></argument>, <argument><expr><name>ECPGst_normal</name></expr></argument>, <argument><expr><literal type="string">"select * from test"</literal></expr></argument>, <argument><expr><name>ECPGt_EOIT</name></expr></argument>, 
	<argument><expr><name>ECPGt_char</name></expr></argument>,<argument><expr><operator>(</operator><name>name</name><operator>)</operator></expr></argument>,<argument><expr><operator>(</operator><name>long</name><operator>)</operator><literal type="number">8</literal></expr></argument>,<argument><expr><operator>(</operator><name>long</name><operator>)</operator><literal type="number">6</literal></expr></argument>,<argument><expr><operator>(</operator><literal type="number">8</literal><operator>)</operator><operator>*</operator><sizeof>sizeof<argument_list>(<argument><expr><name>char</name></expr></argument>)</argument_list></sizeof></expr></argument>, 
	<argument><expr><name>ECPGt_NO_INDICATOR</name></expr></argument>, <argument><expr><name>NULL</name></expr></argument> , <argument><expr><literal type="number">0L</literal></expr></argument>, <argument><expr><literal type="number">0L</literal></expr></argument>, <argument><expr><literal type="number">0L</literal></expr></argument>, 
	<argument><expr><name>ECPGt_int</name></expr></argument>,<argument><expr><operator>(</operator><name>amount</name><operator>)</operator></expr></argument>,<argument><expr><operator>(</operator><name>long</name><operator>)</operator><literal type="number">1</literal></expr></argument>,<argument><expr><operator>(</operator><name>long</name><operator>)</operator><literal type="number">6</literal></expr></argument>,<argument><expr><sizeof>sizeof<argument_list>(<argument><expr><name>int</name></expr></argument>)</argument_list></sizeof></expr></argument>, 
	<argument><expr><name>ECPGt_NO_INDICATOR</name></expr></argument>, <argument><expr><name>NULL</name></expr></argument> , <argument><expr><literal type="number">0L</literal></expr></argument>, <argument><expr><literal type="number">0L</literal></expr></argument>, <argument><expr><literal type="number">0L</literal></expr></argument>, 
	<argument><expr><name>ECPGt_char</name></expr></argument>,<argument><expr><operator>(</operator><name>letter</name><operator>)</operator></expr></argument>,<argument><expr><operator>(</operator><name>long</name><operator>)</operator><literal type="number">1</literal></expr></argument>,<argument><expr><operator>(</operator><name>long</name><operator>)</operator><literal type="number">6</literal></expr></argument>,<argument><expr><operator>(</operator><literal type="number">1</literal><operator>)</operator><operator>*</operator><sizeof>sizeof<argument_list>(<argument><expr><name>char</name></expr></argument>)</argument_list></sizeof></expr></argument>, 
	<argument><expr><name>ECPGt_NO_INDICATOR</name></expr></argument>, <argument><expr><name>NULL</name></expr></argument> , <argument><expr><literal type="number">0L</literal></expr></argument>, <argument><expr><literal type="number">0L</literal></expr></argument>, <argument><expr><literal type="number">0L</literal></expr></argument>, <argument><expr><name>ECPGt_EORT</name></expr></argument>)</argument_list></call></expr>;</expr_stmt>
<cpp:line>#<cpp:directive>line</cpp:directive> <cpp:number>60</cpp:number> <cpp:file>"define.pgc"</cpp:file></cpp:line>

<if_stmt><if>if <condition>(<expr><name><name>sqlca</name><operator>.</operator><name>sqlcode</name></name> <operator>&lt;</operator> <literal type="number">0</literal></expr>)</condition><block type="pseudo"><block_content> <expr_stmt><expr><call><name>sqlprint</name><argument_list>()</argument_list></call></expr>;</expr_stmt></block_content></block></if></if_stmt></block_content>}</block>
<cpp:line>#<cpp:directive>line</cpp:directive> <cpp:number>60</cpp:number> <cpp:file>"define.pgc"</cpp:file></cpp:line>


	<for>for <control>(<init><expr><name>i</name><operator>=</operator><literal type="number">0</literal></expr><operator>,</operator> <expr><name>j</name><operator>=</operator><name><name>sqlca</name><operator>.</operator><name>sqlerrd</name><index>[<expr><literal type="number">2</literal></expr>]</index></name></expr>;</init> <condition><expr><name>i</name><operator>&lt;</operator><name>j</name></expr>;</condition> <incr><expr><name>i</name><operator>++</operator></expr></incr>)</control>
	<block>{<block_content>
		<comment type="block">/* exec sql begin declare section */</comment>
		 
		   
		   
		
<cpp:line>#<cpp:directive>line</cpp:directive> <cpp:number>65</cpp:number> <cpp:file>"define.pgc"</cpp:file></cpp:line>
 <decl_stmt><decl><type><name>string</name></type> <name>n</name></decl> ;</decl_stmt>
 
<cpp:line>#<cpp:directive>line</cpp:directive> <cpp:number>66</cpp:number> <cpp:file>"define.pgc"</cpp:file></cpp:line>
 <decl_stmt><decl><type><name>char</name></type> <name>l</name> <init>= <expr><name><name>letter</name> <index>[ <expr><name>i</name></expr> ]</index> <index>[ <expr><literal type="number">0</literal></expr> ]</index></name></expr></init></decl> ;</decl_stmt>
 
<cpp:line>#<cpp:directive>line</cpp:directive> <cpp:number>67</cpp:number> <cpp:file>"define.pgc"</cpp:file></cpp:line>
 <decl_stmt><decl><type><name>int</name></type> <name>a</name> <init>= <expr><name><name>amount</name> <index>[ <expr><name>i</name></expr> ]</index></name></expr></init></decl> ;</decl_stmt>
<comment type="block">/* exec sql end declare section */</comment>
<cpp:line>#<cpp:directive>line</cpp:directive> <cpp:number>68</cpp:number> <cpp:file>"define.pgc"</cpp:file></cpp:line>


		<expr_stmt><expr><call><name>strncpy</name><argument_list>(<argument><expr><name>n</name></expr></argument>, <argument><expr><name><name>name</name><index>[<expr><name>i</name></expr>]</index></name></expr></argument>,  <argument><expr><literal type="number">8</literal></expr></argument>)</argument_list></call></expr>;</expr_stmt>
		<expr_stmt><expr><call><name>printf</name><argument_list>(<argument><expr><literal type="string">"name[%d]=%8.8s\tamount[%d]=%d\tletter[%d]=%c\n"</literal></expr></argument>, <argument><expr><name>i</name></expr></argument>, <argument><expr><name>n</name></expr></argument>, <argument><expr><name>i</name></expr></argument>, <argument><expr><name>a</name></expr></argument>, <argument><expr><name>i</name></expr></argument>, <argument><expr><name>l</name></expr></argument>)</argument_list></call></expr>;</expr_stmt>
	</block_content>}</block></for>

	<block>{<block_content> <expr_stmt><expr><call><name>ECPGdo</name><argument_list>(<argument><expr><name>__LINE__</name></expr></argument>, <argument><expr><literal type="number">0</literal></expr></argument>, <argument><expr><literal type="number">1</literal></expr></argument>, <argument><expr><name>NULL</name></expr></argument>, <argument><expr><literal type="number">0</literal></expr></argument>, <argument><expr><name>ECPGst_normal</name></expr></argument>, <argument><expr><literal type="string">"drop table test"</literal></expr></argument>, <argument><expr><name>ECPGt_EOIT</name></expr></argument>, <argument><expr><name>ECPGt_EORT</name></expr></argument>)</argument_list></call></expr>;</expr_stmt>
<cpp:line>#<cpp:directive>line</cpp:directive> <cpp:number>74</cpp:number> <cpp:file>"define.pgc"</cpp:file></cpp:line>

<if_stmt><if>if <condition>(<expr><name><name>sqlca</name><operator>.</operator><name>sqlcode</name></name> <operator>&lt;</operator> <literal type="number">0</literal></expr>)</condition><block type="pseudo"><block_content> <expr_stmt><expr><call><name>sqlprint</name><argument_list>()</argument_list></call></expr>;</expr_stmt></block_content></block></if></if_stmt></block_content>}</block>
<cpp:line>#<cpp:directive>line</cpp:directive> <cpp:number>74</cpp:number> <cpp:file>"define.pgc"</cpp:file></cpp:line>

	<block>{<block_content> <expr_stmt><expr><call><name>ECPGtrans</name><argument_list>(<argument><expr><name>__LINE__</name></expr></argument>, <argument><expr><name>NULL</name></expr></argument>, <argument><expr><literal type="string">"commit"</literal></expr></argument>)</argument_list></call></expr>;</expr_stmt>
<cpp:line>#<cpp:directive>line</cpp:directive> <cpp:number>75</cpp:number> <cpp:file>"define.pgc"</cpp:file></cpp:line>

<if_stmt><if>if <condition>(<expr><name><name>sqlca</name><operator>.</operator><name>sqlcode</name></name> <operator>&lt;</operator> <literal type="number">0</literal></expr>)</condition><block type="pseudo"><block_content> <expr_stmt><expr><call><name>sqlprint</name><argument_list>()</argument_list></call></expr>;</expr_stmt></block_content></block></if></if_stmt></block_content>}</block>
<cpp:line>#<cpp:directive>line</cpp:directive> <cpp:number>75</cpp:number> <cpp:file>"define.pgc"</cpp:file></cpp:line>

	<block>{<block_content> <expr_stmt><expr><call><name>ECPGdisconnect</name><argument_list>(<argument><expr><name>__LINE__</name></expr></argument>, <argument><expr><literal type="string">"CURRENT"</literal></expr></argument>)</argument_list></call></expr>;</expr_stmt>
<cpp:line>#<cpp:directive>line</cpp:directive> <cpp:number>76</cpp:number> <cpp:file>"define.pgc"</cpp:file></cpp:line>

<if_stmt><if>if <condition>(<expr><name><name>sqlca</name><operator>.</operator><name>sqlcode</name></name> <operator>&lt;</operator> <literal type="number">0</literal></expr>)</condition><block type="pseudo"><block_content> <expr_stmt><expr><call><name>sqlprint</name><argument_list>()</argument_list></call></expr>;</expr_stmt></block_content></block></if></if_stmt></block_content>}</block>
<cpp:line>#<cpp:directive>line</cpp:directive> <cpp:number>76</cpp:number> <cpp:file>"define.pgc"</cpp:file></cpp:line>


	<return>return <expr><literal type="number">0</literal></expr>;</return>
</block_content>}</block></function>
</unit>
