<?xml version="1.0" encoding="UTF-8" standalone="yes"?>
<unit xmlns="http://www.srcML.org/srcML/src" xmlns:cpp="http://www.srcML.org/srcML/cpp" revision="1.0.0" language="C" filename="/cloned_projects/agensgraph/src/interfaces/ecpg/test/expected/thread-descriptor.c"><comment type="block">/* Processed by ecpg (regression mode) */</comment>
<comment type="block">/* These include files are added by the preprocessor */</comment>
<cpp:include>#<cpp:directive>include</cpp:directive> <cpp:file>&lt;ecpglib.h&gt;</cpp:file></cpp:include>
<cpp:include>#<cpp:directive>include</cpp:directive> <cpp:file>&lt;ecpgerrno.h&gt;</cpp:file></cpp:include>
<cpp:include>#<cpp:directive>include</cpp:directive> <cpp:file>&lt;sqlca.h&gt;</cpp:file></cpp:include>
<comment type="block">/* End of automatic include section */</comment>
<cpp:define>#<cpp:directive>define</cpp:directive> <cpp:macro><name>ECPGdebug</name><parameter_list>(<parameter><type><name>X</name></type></parameter>,<parameter><type><name>Y</name></type></parameter>)</parameter_list></cpp:macro> <cpp:value>ECPGdebug((X)+100,(Y))</cpp:value></cpp:define>

<cpp:line>#<cpp:directive>line</cpp:directive> <cpp:number>1</cpp:number> <cpp:file>"descriptor.pgc"</cpp:file></cpp:line>
<cpp:ifdef>#<cpp:directive>ifdef</cpp:directive> <name>ENABLE_THREAD_SAFETY</name></cpp:ifdef>
<cpp:ifdef>#<cpp:directive>ifdef</cpp:directive> <name>WIN32</name></cpp:ifdef>
<cpp:define>#<cpp:directive>define</cpp:directive> <cpp:macro><name>WIN32_LEAN_AND_MEAN</name></cpp:macro></cpp:define>
<cpp:include>#<cpp:directive>include</cpp:directive> <cpp:file>&lt;windows.h&gt;</cpp:file></cpp:include>
<cpp:include>#<cpp:directive>include</cpp:directive> <cpp:file>&lt;process.h&gt;</cpp:file></cpp:include>
<cpp:include>#<cpp:directive>include</cpp:directive> <cpp:file>&lt;locale.h&gt;</cpp:file></cpp:include>
<cpp:else>#<cpp:directive>else</cpp:directive></cpp:else>
<cpp:include>#<cpp:directive>include</cpp:directive> <cpp:file>&lt;pthread.h&gt;</cpp:file></cpp:include>
<cpp:endif>#<cpp:directive>endif</cpp:directive></cpp:endif>
<cpp:endif>#<cpp:directive>endif</cpp:directive></cpp:endif>
<cpp:include>#<cpp:directive>include</cpp:directive> <cpp:file>&lt;stdio.h&gt;</cpp:file></cpp:include>

<cpp:define>#<cpp:directive>define</cpp:directive> <cpp:macro><name>THREADS</name></cpp:macro>		<cpp:value>16</cpp:value></cpp:define>
<cpp:define>#<cpp:directive>define</cpp:directive> <cpp:macro><name>REPEATS</name></cpp:macro>		<cpp:value>50000</cpp:value></cpp:define>


<cpp:line>#<cpp:directive>line</cpp:directive> <cpp:number>1</cpp:number> <cpp:file>"sqlca.h"</cpp:file></cpp:line>
<cpp:ifndef>#<cpp:directive>ifndef</cpp:directive> <name>POSTGRES_SQLCA_H</name></cpp:ifndef>
<cpp:define>#<cpp:directive>define</cpp:directive> <cpp:macro><name>POSTGRES_SQLCA_H</name></cpp:macro></cpp:define>

<cpp:ifndef>#<cpp:directive>ifndef</cpp:directive> <name>PGDLLIMPORT</name></cpp:ifndef>
<cpp:if>#<cpp:directive>if</cpp:directive>  <expr><call><name>defined</name><argument_list>(<argument><expr><name>WIN32</name></expr></argument>)</argument_list></call> <operator>||</operator> <call><name>defined</name><argument_list>(<argument><expr><name>__CYGWIN__</name></expr></argument>)</argument_list></call></expr></cpp:if>
<cpp:define>#<cpp:directive>define</cpp:directive> <cpp:macro><name>PGDLLIMPORT</name></cpp:macro> <cpp:value>__declspec (dllimport)</cpp:value></cpp:define>
<cpp:else>#<cpp:directive>else</cpp:directive></cpp:else>
<cpp:define>#<cpp:directive>define</cpp:directive> <cpp:macro><name>PGDLLIMPORT</name></cpp:macro></cpp:define>
<cpp:endif>#<cpp:directive>endif</cpp:directive></cpp:endif>							<comment type="block">/* __CYGWIN__ */</comment>
<cpp:endif>#<cpp:directive>endif</cpp:directive></cpp:endif>							<comment type="block">/* PGDLLIMPORT */</comment>

<cpp:define>#<cpp:directive>define</cpp:directive> <cpp:macro><name>SQLERRMC_LEN</name></cpp:macro>	<cpp:value>150</cpp:value></cpp:define>

<cpp:ifdef>#<cpp:directive>ifdef</cpp:directive> <name>__cplusplus</name></cpp:ifdef>
<extern>extern <literal type="string">"C"</literal>
<block>{<block_content>
<cpp:endif>#<cpp:directive>endif</cpp:directive></cpp:endif>

<struct>struct <name>sqlca_t</name>
<block>{
	<decl_stmt><decl><type><name>char</name></type>		<name><name>sqlcaid</name><index>[<expr><literal type="number">8</literal></expr>]</index></name></decl>;</decl_stmt>
	<decl_stmt><decl><type><name>long</name></type>		<name>sqlabc</name></decl>;</decl_stmt>
	<decl_stmt><decl><type><name>long</name></type>		<name>sqlcode</name></decl>;</decl_stmt>
	<struct>struct
	<block>{
		<decl_stmt><decl><type><name>int</name></type>			<name>sqlerrml</name></decl>;</decl_stmt>
		<decl_stmt><decl><type><name>char</name></type>		<name><name>sqlerrmc</name><index>[<expr><name>SQLERRMC_LEN</name></expr>]</index></name></decl>;</decl_stmt>
	}</block>			<decl><name>sqlerrm</name></decl>;</struct>
	<decl_stmt><decl><type><name>char</name></type>		<name><name>sqlerrp</name><index>[<expr><literal type="number">8</literal></expr>]</index></name></decl>;</decl_stmt>
	<decl_stmt><decl><type><name>long</name></type>		<name><name>sqlerrd</name><index>[<expr><literal type="number">6</literal></expr>]</index></name></decl>;</decl_stmt>
	<comment type="block">/* Element 0: empty						*/</comment>
	<comment type="block">/* 1: OID of processed tuple if applicable			*/</comment>
	<comment type="block">/* 2: number of rows processed				*/</comment>
	<comment type="block">/* after an INSERT, UPDATE or				*/</comment>
	<comment type="block">/* DELETE statement					*/</comment>
	<comment type="block">/* 3: empty						*/</comment>
	<comment type="block">/* 4: empty						*/</comment>
	<comment type="block">/* 5: empty						*/</comment>
	<decl_stmt><decl><type><name>char</name></type>		<name><name>sqlwarn</name><index>[<expr><literal type="number">8</literal></expr>]</index></name></decl>;</decl_stmt>
	<comment type="block">/* Element 0: set to 'W' if at least one other is 'W'	*/</comment>
	<comment type="block">/* 1: if 'W' at least one character string		*/</comment>
	<comment type="block">/* value was truncated when it was			*/</comment>
	<comment type="block">/* stored into a host variable.             */</comment>

	<comment type="block">/*
	 * 2: if 'W' a (hopefully) non-fatal notice occurred
	 */</comment>	<comment type="block">/* 3: empty */</comment>
	<comment type="block">/* 4: empty						*/</comment>
	<comment type="block">/* 5: empty						*/</comment>
	<comment type="block">/* 6: empty						*/</comment>
	<comment type="block">/* 7: empty						*/</comment>

	<decl_stmt><decl><type><name>char</name></type>		<name><name>sqlstate</name><index>[<expr><literal type="number">5</literal></expr>]</index></name></decl>;</decl_stmt>
}</block>;</struct>

<function_decl><type><name><name>struct</name> <name>sqlca_t</name></name> <modifier>*</modifier></type><name>ECPGget_sqlca</name><parameter_list>(<parameter><decl><type><name>void</name></type></decl></parameter>)</parameter_list>;</function_decl>

<cpp:ifndef>#<cpp:directive>ifndef</cpp:directive> <name>POSTGRES_ECPG_INTERNAL</name></cpp:ifndef>
<cpp:define>#<cpp:directive>define</cpp:directive> <cpp:macro><name>sqlca</name></cpp:macro> <cpp:value>(*ECPGget_sqlca())</cpp:value></cpp:define>
<cpp:endif>#<cpp:directive>endif</cpp:directive></cpp:endif>

<cpp:ifdef>#<cpp:directive>ifdef</cpp:directive> <name>__cplusplus</name></cpp:ifdef>
</block_content>}</block></extern>
<cpp:endif>#<cpp:directive>endif</cpp:directive></cpp:endif>

<cpp:endif>#<cpp:directive>endif</cpp:directive></cpp:endif>

<cpp:line>#<cpp:directive>line</cpp:directive> <cpp:number>16</cpp:number> <cpp:file>"descriptor.pgc"</cpp:file></cpp:line>

<comment type="block">/* exec sql whenever sqlerror  sqlprint ; */</comment>
<cpp:line>#<cpp:directive>line</cpp:directive> <cpp:number>17</cpp:number> <cpp:file>"descriptor.pgc"</cpp:file></cpp:line>

<comment type="block">/* exec sql whenever not found  sqlprint ; */</comment>
<cpp:line>#<cpp:directive>line</cpp:directive> <cpp:number>18</cpp:number> <cpp:file>"descriptor.pgc"</cpp:file></cpp:line>


<cpp:if>#<cpp:directive>if</cpp:directive> <expr><call><name>defined</name><argument_list>(<argument><expr><name>ENABLE_THREAD_SAFETY</name></expr></argument>)</argument_list></call> <operator>&amp;&amp;</operator> <call><name>defined</name><argument_list>(<argument><expr><name>WIN32</name></expr></argument>)</argument_list></call></expr></cpp:if>
<decl_stmt><decl><type><specifier>static</specifier> <name>unsigned</name> <name>__stdcall</name></type> <name>fn</name><argument_list>(<argument><expr><name>void</name><operator>*</operator> <name>arg</name></expr></argument>)</argument_list>
<cpp:else>#<cpp:directive>else</cpp:directive></cpp:else>
static <name>void</name><modifier>*</modifier> <name>fn</name><argument_list>(<argument><expr><name>void</name><operator>*</operator> <name>arg</name></expr></argument>)</argument_list>
<cpp:endif>#<cpp:directive>endif</cpp:directive></cpp:endif>
<block>{<block_content>
	<decl_stmt><decl><type><name>int</name></type> <name>i</name></decl>;</decl_stmt>

	<for>for <control>(<init><expr><name>i</name> <operator>=</operator> <literal type="number">1</literal></expr>;</init> <condition><expr><name>i</name> <operator>&lt;=</operator> <name>REPEATS</name></expr>;</condition> <incr><expr><operator>++</operator><name>i</name></expr></incr>)</control>
	<block>{<block_content>
		<expr_stmt><expr><call><name>ECPGallocate_desc</name><argument_list>(<argument><expr><name>__LINE__</name></expr></argument>, <argument><expr><literal type="string">"mydesc"</literal></expr></argument>)</argument_list></call></expr>;</expr_stmt>
<cpp:line>#<cpp:directive>line</cpp:directive> <cpp:number>30</cpp:number> <cpp:file>"descriptor.pgc"</cpp:file></cpp:line>

<if_stmt><if>if <condition>(<expr><name><name>sqlca</name><operator>.</operator><name>sqlcode</name></name> <operator>&lt;</operator> <literal type="number">0</literal></expr>)</condition><block type="pseudo"><block_content> <expr_stmt><expr><call><name>sqlprint</name><argument_list>()</argument_list></call></expr>;</expr_stmt></block_content></block></if></if_stmt>
<cpp:line>#<cpp:directive>line</cpp:directive> <cpp:number>30</cpp:number> <cpp:file>"descriptor.pgc"</cpp:file></cpp:line>

		<expr_stmt><expr><call><name>ECPGdeallocate_desc</name><argument_list>(<argument><expr><name>__LINE__</name></expr></argument>, <argument><expr><literal type="string">"mydesc"</literal></expr></argument>)</argument_list></call></expr>;</expr_stmt>
<cpp:line>#<cpp:directive>line</cpp:directive> <cpp:number>31</cpp:number> <cpp:file>"descriptor.pgc"</cpp:file></cpp:line>

<if_stmt><if>if <condition>(<expr><name><name>sqlca</name><operator>.</operator><name>sqlcode</name></name> <operator>&lt;</operator> <literal type="number">0</literal></expr>)</condition><block type="pseudo"><block_content> <expr_stmt><expr><call><name>sqlprint</name><argument_list>()</argument_list></call></expr>;</expr_stmt></block_content></block></if></if_stmt>
<cpp:line>#<cpp:directive>line</cpp:directive> <cpp:number>31</cpp:number> <cpp:file>"descriptor.pgc"</cpp:file></cpp:line>

	</block_content>}</block></for>

	<return>return <expr><literal type="number">0</literal></expr>;</return>
</block_content>}</block></decl></decl_stmt>

<function><type><name>int</name></type> <name>main</name> <parameter_list>()</parameter_list>
<block>{<block_content>
<cpp:ifdef>#<cpp:directive>ifdef</cpp:directive> <name>ENABLE_THREAD_SAFETY</name></cpp:ifdef>
	<decl_stmt><decl><type><name>int</name></type> <name>i</name></decl>;</decl_stmt>
<cpp:ifdef>#<cpp:directive>ifdef</cpp:directive> <name>WIN32</name></cpp:ifdef>
	<decl_stmt><decl><type><name>HANDLE</name></type> <name><name>threads</name><index>[<expr><name>THREADS</name></expr>]</index></name></decl>;</decl_stmt>
<cpp:else>#<cpp:directive>else</cpp:directive></cpp:else>
	<decl_stmt><decl><type><name>pthread_t</name></type> <name><name>threads</name><index>[<expr><name>THREADS</name></expr>]</index></name></decl>;</decl_stmt>
<cpp:endif>#<cpp:directive>endif</cpp:directive></cpp:endif>

<cpp:ifdef>#<cpp:directive>ifdef</cpp:directive> <name>WIN32</name></cpp:ifdef>
	<for>for <control>(<init><expr><name>i</name> <operator>=</operator> <literal type="number">0</literal></expr>;</init> <condition><expr><name>i</name> <operator>&lt;</operator> <name>THREADS</name></expr>;</condition> <incr><expr><operator>++</operator><name>i</name></expr></incr>)</control>
	<block>{<block_content>
		<decl_stmt><decl><type><name>unsigned</name></type> <name>id</name></decl>;</decl_stmt>
		<expr_stmt><expr><name><name>threads</name><index>[<expr><name>i</name></expr>]</index></name> <operator>=</operator> <operator>(</operator><name>HANDLE</name><operator>)</operator><call><name>_beginthreadex</name><argument_list>(<argument><expr><name>NULL</name></expr></argument>, <argument><expr><literal type="number">0</literal></expr></argument>, <argument><expr><name>fn</name></expr></argument>, <argument><expr><name>NULL</name></expr></argument>, <argument><expr><literal type="number">0</literal></expr></argument>, <argument><expr><operator>&amp;</operator><name>id</name></expr></argument>)</argument_list></call></expr>;</expr_stmt>
	</block_content>}</block></for>

	<expr_stmt><expr><call><name>WaitForMultipleObjects</name><argument_list>(<argument><expr><name>THREADS</name></expr></argument>, <argument><expr><name>threads</name></expr></argument>, <argument><expr><name>TRUE</name></expr></argument>, <argument><expr><name>INFINITE</name></expr></argument>)</argument_list></call></expr>;</expr_stmt>
	<for>for <control>(<init><expr><name>i</name> <operator>=</operator> <literal type="number">0</literal></expr>;</init> <condition><expr><name>i</name> <operator>&lt;</operator> <name>THREADS</name></expr>;</condition> <incr><expr><operator>++</operator><name>i</name></expr></incr>)</control><block type="pseudo"><block_content>
		<expr_stmt><expr><call><name>CloseHandle</name><argument_list>(<argument><expr><name><name>threads</name><index>[<expr><name>i</name></expr>]</index></name></expr></argument>)</argument_list></call></expr>;</expr_stmt></block_content></block></for>
<cpp:else>#<cpp:directive>else</cpp:directive></cpp:else>
	<for>for <control>(<init><expr><name>i</name> <operator>=</operator> <literal type="number">0</literal></expr>;</init> <condition><expr><name>i</name> <operator>&lt;</operator> <name>THREADS</name></expr>;</condition> <incr><expr><operator>++</operator><name>i</name></expr></incr>)</control><block type="pseudo"><block_content>
		<expr_stmt><expr><call><name>pthread_create</name><argument_list>(<argument><expr><operator>&amp;</operator><name><name>threads</name><index>[<expr><name>i</name></expr>]</index></name></expr></argument>, <argument><expr><name>NULL</name></expr></argument>, <argument><expr><name>fn</name></expr></argument>, <argument><expr><name>NULL</name></expr></argument>)</argument_list></call></expr>;</expr_stmt></block_content></block></for>
	<for>for <control>(<init><expr><name>i</name> <operator>=</operator> <literal type="number">0</literal></expr>;</init> <condition><expr><name>i</name> <operator>&lt;</operator> <name>THREADS</name></expr>;</condition> <incr><expr><operator>++</operator><name>i</name></expr></incr>)</control><block type="pseudo"><block_content>
		<expr_stmt><expr><call><name>pthread_join</name><argument_list>(<argument><expr><name><name>threads</name><index>[<expr><name>i</name></expr>]</index></name></expr></argument>, <argument><expr><name>NULL</name></expr></argument>)</argument_list></call></expr>;</expr_stmt></block_content></block></for>
<cpp:endif>#<cpp:directive>endif</cpp:directive></cpp:endif>
<cpp:else>#<cpp:directive>else</cpp:directive></cpp:else>
	<expr_stmt><expr><call><name>fn</name><argument_list>(<argument><expr><name>NULL</name></expr></argument>)</argument_list></call></expr>;</expr_stmt>
<cpp:endif>#<cpp:directive>endif</cpp:directive></cpp:endif>

	<return>return <expr><literal type="number">0</literal></expr>;</return>
</block_content>}</block></function>
</unit>
